109.239.43.149 - - [17/Apr/2022:19:09:14 +0000] "GET /tasks/perm-query/submissions/2 HTTP/1.1" 304 0 "http://18.159.94.175/tasks/perm-query/submissions?submission_id=boZ5zoxEWFIsHX00d8rVdLrL_f8CuVEufZKlWw5oG4E." "Mozilla/5.0 (Windows NT 10.0; Win64; x64) AppleWebKit/537.36 (KHTML, like Gecko) Chrome/100.0.4896.88 Safari/537.36"
109.239.43.149 - - [17/Apr/2022:19:09:17 +0000] "GET /tasks/perm-query/submissions/2 HTTP/1.1" 304 0 "http://18.159.94.175/tasks/perm-query/submissions?submission_id=boZ5zoxEWFIsHX00d8rVdLrL_f8CuVEufZKlWw5oG4E." "Mozilla/5.0 (Windows NT 10.0; Win64; x64) AppleWebKit/537.36 (KHTML, like Gecko) Chrome/100.0.4896.88 Safari/537.36"
109.239.43.149 - cmsadmin [17/Apr/2022:19:09:20 +0000] "GET /aws/notifications?last_notification=1650222109.919031 HTTP/1.1" 304 0 "http://18.159.94.175/aws/task/5" "Mozilla/5.0 (Windows NT 10.0; Win64; x64) AppleWebKit/537.36 (KHTML, like Gecko) Chrome/100.0.4896.88 Safari/537.36"
109.239.43.149 - - [17/Apr/2022:19:09:21 +0000] "GET /tasks/perm-query/submissions/2 HTTP/1.1" 304 0 "http://18.159.94.175/tasks/perm-query/submissions?submission_id=boZ5zoxEWFIsHX00d8rVdLrL_f8CuVEufZKlWw5oG4E." "Mozilla/5.0 (Windows NT 10.0; Win64; x64) AppleWebKit/537.36 (KHTML, like Gecko) Chrome/100.0.4896.88 Safari/537.36"
109.239.43.149 - - [17/Apr/2022:19:09:24 +0000] "GET /tasks/perm-query/submissions?submission_id=boZ5zoxEWFIsHX00d8rVdLrL_f8CuVEufZKlWw5oG4E. HTTP/1.1" 200 4711 "http://18.159.94.175/tasks/perm-query/submissions" "Mozilla/5.0 (Windows NT 10.0; Win64; x64) AppleWebKit/537.36 (KHTML, like Gecko) Chrome/100.0.4896.88 Safari/537.36"
109.239.43.149 - - [17/Apr/2022:19:09:24 +0000] "GET /notifications HTTP/1.1" 304 0 "http://18.159.94.175/tasks/perm-query/submissions?submission_id=boZ5zoxEWFIsHX00d8rVdLrL_f8CuVEufZKlWw5oG4E." "Mozilla/5.0 (Windows NT 10.0; Win64; x64) AppleWebKit/537.36 (KHTML, like Gecko) Chrome/100.0.4896.88 Safari/537.36"
109.239.43.149 - - [17/Apr/2022:19:09:25 +0000] "GET /tasks/perm-query/submissions/2 HTTP/1.1" 304 0 "http://18.159.94.175/tasks/perm-query/submissions?submission_id=boZ5zoxEWFIsHX00d8rVdLrL_f8CuVEufZKlWw5oG4E." "Mozilla/5.0 (Windows NT 10.0; Win64; x64) AppleWebKit/537.36 (KHTML, like Gecko) Chrome/100.0.4896.88 Safari/537.36"
109.239.43.149 - - [17/Apr/2022:19:09:27 +0000] "GET /tasks/perm-query/submissions/2 HTTP/1.1" 304 0 "http://18.159.94.175/tasks/perm-query/submissions?submission_id=boZ5zoxEWFIsHX00d8rVdLrL_f8CuVEufZKlWw5oG4E." "Mozilla/5.0 (Windows NT 10.0; Win64; x64) AppleWebKit/537.36 (KHTML, like Gecko) Chrome/100.0.4896.88 Safari/537.36"
109.239.43.149 - - [17/Apr/2022:19:09:30 +0000] "GET /tasks/perm-query/submissions?submission_id=boZ5zoxEWFIsHX00d8rVdLrL_f8CuVEufZKlWw5oG4E. HTTP/1.1" 200 4710 "http://18.159.94.175/tasks/perm-query/submissions" "Mozilla/5.0 (Windows NT 10.0; Win64; x64) AppleWebKit/537.36 (KHTML, like Gecko) Chrome/100.0.4896.88 Safari/537.36"
109.239.43.149 - - [17/Apr/2022:19:09:30 +0000] "GET /tasks/perm-query/submissions/2 HTTP/1.1" 499 0 "http://18.159.94.175/tasks/perm-query/submissions?submission_id=boZ5zoxEWFIsHX00d8rVdLrL_f8CuVEufZKlWw5oG4E." "Mozilla/5.0 (Windows NT 10.0; Win64; x64) AppleWebKit/537.36 (KHTML, like Gecko) Chrome/100.0.4896.88 Safari/537.36"
109.239.43.149 - - [17/Apr/2022:19:09:30 +0000] "GET /notifications HTTP/1.1" 304 0 "http://18.159.94.175/tasks/perm-query/submissions?submission_id=boZ5zoxEWFIsHX00d8rVdLrL_f8CuVEufZKlWw5oG4E." "Mozilla/5.0 (Windows NT 10.0; Win64; x64) AppleWebKit/537.36 (KHTML, like Gecko) Chrome/100.0.4896.88 Safari/537.36"
109.239.43.149 - - [17/Apr/2022:19:09:31 +0000] "GET /tasks/perm-query/submissions/2 HTTP/1.1" 200 83 "http://18.159.94.175/tasks/perm-query/submissions?submission_id=boZ5zoxEWFIsHX00d8rVdLrL_f8CuVEufZKlWw5oG4E." "Mozilla/5.0 (Windows NT 10.0; Win64; x64) AppleWebKit/537.36 (KHTML, like Gecko) Chrome/100.0.4896.88 Safari/537.36"
109.239.43.149 - - [17/Apr/2022:19:09:33 +0000] "GET /tasks/perm-query/submissions/2 HTTP/1.1" 304 0 "http://18.159.94.175/tasks/perm-query/submissions?submission_id=boZ5zoxEWFIsHX00d8rVdLrL_f8CuVEufZKlWw5oG4E." "Mozilla/5.0 (Windows NT 10.0; Win64; x64) AppleWebKit/537.36 (KHTML, like Gecko) Chrome/100.0.4896.88 Safari/537.36"
109.239.43.149 - cmsadmin [17/Apr/2022:19:09:35 +0000] "GET /aws/notifications?last_notification=1650222109.919031 HTTP/1.1" 304 0 "http://18.159.94.175/aws/task/5" "Mozilla/5.0 (Windows NT 10.0; Win64; x64) AppleWebKit/537.36 (KHTML, like Gecko) Chrome/100.0.4896.88 Safari/537.36"
109.239.43.149 - - [17/Apr/2022:19:09:36 +0000] "GET /tasks/perm-query/submissions/2 HTTP/1.1" 304 0 "http://18.159.94.175/tasks/perm-query/submissions?submission_id=boZ5zoxEWFIsHX00d8rVdLrL_f8CuVEufZKlWw5oG4E." "Mozilla/5.0 (Windows NT 10.0; Win64; x64) AppleWebKit/537.36 (KHTML, like Gecko) Chrome/100.0.4896.88 Safari/537.36"
109.239.43.149 - - [17/Apr/2022:19:09:39 +0000] "GET /tasks/perm-query/submissions?submission_id=boZ5zoxEWFIsHX00d8rVdLrL_f8CuVEufZKlWw5oG4E. HTTP/1.1" 200 4710 "http://18.159.94.175/tasks/perm-query/submissions" "Mozilla/5.0 (Windows NT 10.0; Win64; x64) AppleWebKit/537.36 (KHTML, like Gecko) Chrome/100.0.4896.88 Safari/537.36"
109.239.43.149 - - [17/Apr/2022:19:09:40 +0000] "GET /notifications HTTP/1.1" 304 0 "http://18.159.94.175/tasks/perm-query/submissions?submission_id=boZ5zoxEWFIsHX00d8rVdLrL_f8CuVEufZKlWw5oG4E." "Mozilla/5.0 (Windows NT 10.0; Win64; x64) AppleWebKit/537.36 (KHTML, like Gecko) Chrome/100.0.4896.88 Safari/537.36"
109.239.43.149 - - [17/Apr/2022:19:09:40 +0000] "GET /tasks/perm-query/submissions?submission_id=boZ5zoxEWFIsHX00d8rVdLrL_f8CuVEufZKlWw5oG4E. HTTP/1.1" 200 4708 "http://18.159.94.175/tasks/perm-query/submissions" "Mozilla/5.0 (Windows NT 10.0; Win64; x64) AppleWebKit/537.36 (KHTML, like Gecko) Chrome/100.0.4896.88 Safari/537.36"
109.239.43.149 - - [17/Apr/2022:19:09:41 +0000] "GET /notifications HTTP/1.1" 304 0 "http://18.159.94.175/tasks/perm-query/submissions?submission_id=boZ5zoxEWFIsHX00d8rVdLrL_f8CuVEufZKlWw5oG4E." "Mozilla/5.0 (Windows NT 10.0; Win64; x64) AppleWebKit/537.36 (KHTML, like Gecko) Chrome/100.0.4896.88 Safari/537.36"
109.239.43.149 - - [17/Apr/2022:19:09:42 +0000] "GET /tasks/perm-query/submissions/2 HTTP/1.1" 200 83 "http://18.159.94.175/tasks/perm-query/submissions?submission_id=boZ5zoxEWFIsHX00d8rVdLrL_f8CuVEufZKlWw5oG4E." "Mozilla/5.0 (Windows NT 10.0; Win64; x64) AppleWebKit/537.36 (KHTML, like Gecko) Chrome/100.0.4896.88 Safari/537.36"
109.239.43.149 - - [17/Apr/2022:19:09:42 +0000] "GET /tasks/perm-query/submissions?submission_id=boZ5zoxEWFIsHX00d8rVdLrL_f8CuVEufZKlWw5oG4E. HTTP/1.1" 200 4709 "http://18.159.94.175/tasks/perm-query/submissions" "Mozilla/5.0 (Windows NT 10.0; Win64; x64) AppleWebKit/537.36 (KHTML, like Gecko) Chrome/100.0.4896.88 Safari/537.36"
109.239.43.149 - - [17/Apr/2022:19:09:43 +0000] "GET /notifications HTTP/1.1" 304 0 "http://18.159.94.175/tasks/perm-query/submissions?submission_id=boZ5zoxEWFIsHX00d8rVdLrL_f8CuVEufZKlWw5oG4E." "Mozilla/5.0 (Windows NT 10.0; Win64; x64) AppleWebKit/537.36 (KHTML, like Gecko) Chrome/100.0.4896.88 Safari/537.36"
109.239.43.149 - - [17/Apr/2022:19:09:44 +0000] "GET /tasks/perm-query/submissions/2 HTTP/1.1" 304 0 "http://18.159.94.175/tasks/perm-query/submissions?submission_id=boZ5zoxEWFIsHX00d8rVdLrL_f8CuVEufZKlWw5oG4E." "Mozilla/5.0 (Windows NT 10.0; Win64; x64) AppleWebKit/537.36 (KHTML, like Gecko) Chrome/100.0.4896.88 Safari/537.36"
109.239.43.149 - - [17/Apr/2022:19:09:45 +0000] "GET /tasks/perm-query/submissions?submission_id=boZ5zoxEWFIsHX00d8rVdLrL_f8CuVEufZKlWw5oG4E. HTTP/1.1" 200 4707 "http://18.159.94.175/tasks/perm-query/submissions" "Mozilla/5.0 (Windows NT 10.0; Win64; x64) AppleWebKit/537.36 (KHTML, like Gecko) Chrome/100.0.4896.88 Safari/537.36"
109.239.43.149 - - [17/Apr/2022:19:09:46 +0000] "GET /notifications HTTP/1.1" 304 0 "http://18.159.94.175/tasks/perm-query/submissions?submission_id=boZ5zoxEWFIsHX00d8rVdLrL_f8CuVEufZKlWw5oG4E." "Mozilla/5.0 (Windows NT 10.0; Win64; x64) AppleWebKit/537.36 (KHTML, like Gecko) Chrome/100.0.4896.88 Safari/537.36"
109.239.43.149 - - [17/Apr/2022:19:09:47 +0000] "GET /tasks/perm-query/submissions/2 HTTP/1.1" 304 0 "http://18.159.94.175/tasks/perm-query/submissions?submission_id=boZ5zoxEWFIsHX00d8rVdLrL_f8CuVEufZKlWw5oG4E." "Mozilla/5.0 (Windows NT 10.0; Win64; x64) AppleWebKit/537.36 (KHTML, like Gecko) Chrome/100.0.4896.88 Safari/537.36"
109.239.43.149 - - [17/Apr/2022:19:09:47 +0000] "GET /tasks/perm-query/submissions?submission_id=boZ5zoxEWFIsHX00d8rVdLrL_f8CuVEufZKlWw5oG4E. HTTP/1.1" 200 4710 "http://18.159.94.175/tasks/perm-query/submissions" "Mozilla/5.0 (Windows NT 10.0; Win64; x64) AppleWebKit/537.36 (KHTML, like Gecko) Chrome/100.0.4896.88 Safari/537.36"
109.239.43.149 - - [17/Apr/2022:19:09:47 +0000] "GET /notifications HTTP/1.1" 304 0 "http://18.159.94.175/tasks/perm-query/submissions?submission_id=boZ5zoxEWFIsHX00d8rVdLrL_f8CuVEufZKlWw5oG4E." "Mozilla/5.0 (Windows NT 10.0; Win64; x64) AppleWebKit/537.36 (KHTML, like Gecko) Chrome/100.0.4896.88 Safari/537.36"
109.239.43.149 - - [17/Apr/2022:19:09:48 +0000] "GET /tasks/perm-query/submissions/2 HTTP/1.1" 304 0 "http://18.159.94.175/tasks/perm-query/submissions?submission_id=boZ5zoxEWFIsHX00d8rVdLrL_f8CuVEufZKlWw5oG4E." "Mozilla/5.0 (Windows NT 10.0; Win64; x64) AppleWebKit/537.36 (KHTML, like Gecko) Chrome/100.0.4896.88 Safari/537.36"
109.239.43.149 - cmsadmin [17/Apr/2022:19:09:50 +0000] "GET /aws/notifications?last_notification=1650222109.919031 HTTP/1.1" 304 0 "http://18.159.94.175/aws/task/5" "Mozilla/5.0 (Windows NT 10.0; Win64; x64) AppleWebKit/537.36 (KHTML, like Gecko) Chrome/100.0.4896.88 Safari/537.36"
109.239.43.149 - - [17/Apr/2022:19:09:51 +0000] "GET /tasks/perm-query/submissions/2 HTTP/1.1" 304 0 "http://18.159.94.175/tasks/perm-query/submissions?submission_id=boZ5zoxEWFIsHX00d8rVdLrL_f8CuVEufZKlWw5oG4E." "Mozilla/5.0 (Windows NT 10.0; Win64; x64) AppleWebKit/537.36 (KHTML, like Gecko) Chrome/100.0.4896.88 Safari/537.36"
109.239.43.149 - - [17/Apr/2022:19:09:54 +0000] "GET /tasks/perm-query/submissions/2 HTTP/1.1" 304 0 "http://18.159.94.175/tasks/perm-query/submissions?submission_id=boZ5zoxEWFIsHX00d8rVdLrL_f8CuVEufZKlWw5oG4E." "Mozilla/5.0 (Windows NT 10.0; Win64; x64) AppleWebKit/537.36 (KHTML, like Gecko) Chrome/100.0.4896.88 Safari/537.36"
109.239.43.149 - - [17/Apr/2022:19:09:59 +0000] "GET /tasks/perm-query/submissions/2 HTTP/1.1" 304 0 "http://18.159.94.175/tasks/perm-query/submissions?submission_id=boZ5zoxEWFIsHX00d8rVdLrL_f8CuVEufZKlWw5oG4E." "Mozilla/5.0 (Windows NT 10.0; Win64; x64) AppleWebKit/537.36 (KHTML, like Gecko) Chrome/100.0.4896.88 Safari/537.36"
109.239.43.149 - - [17/Apr/2022:19:10:00 +0000] "GET /tasks/perm-query/submissions?submission_id=boZ5zoxEWFIsHX00d8rVdLrL_f8CuVEufZKlWw5oG4E. HTTP/1.1" 200 4709 "http://18.159.94.175/tasks/perm-query/submissions" "Mozilla/5.0 (Windows NT 10.0; Win64; x64) AppleWebKit/537.36 (KHTML, like Gecko) Chrome/100.0.4896.88 Safari/537.36"
109.239.43.149 - - [17/Apr/2022:19:10:01 +0000] "GET /notifications HTTP/1.1" 304 0 "http://18.159.94.175/tasks/perm-query/submissions?submission_id=boZ5zoxEWFIsHX00d8rVdLrL_f8CuVEufZKlWw5oG4E." "Mozilla/5.0 (Windows NT 10.0; Win64; x64) AppleWebKit/537.36 (KHTML, like Gecko) Chrome/100.0.4896.88 Safari/537.36"
109.239.43.149 - - [17/Apr/2022:19:10:02 +0000] "GET /tasks/perm-query/submissions/2 HTTP/1.1" 304 0 "http://18.159.94.175/tasks/perm-query/submissions?submission_id=boZ5zoxEWFIsHX00d8rVdLrL_f8CuVEufZKlWw5oG4E." "Mozilla/5.0 (Windows NT 10.0; Win64; x64) AppleWebKit/537.36 (KHTML, like Gecko) Chrome/100.0.4896.88 Safari/537.36"
109.239.43.149 - - [17/Apr/2022:19:10:02 +0000] "GET /tasks/perm-query/submissions?submission_id=boZ5zoxEWFIsHX00d8rVdLrL_f8CuVEufZKlWw5oG4E. HTTP/1.1" 200 4709 "http://18.159.94.175/tasks/perm-query/submissions" "Mozilla/5.0 (Windows NT 10.0; Win64; x64) AppleWebKit/537.36 (KHTML, like Gecko) Chrome/100.0.4896.88 Safari/537.36"
18.159.55.216 - cmsadmin [17/Apr/2022:19:10:02 +0000] "GET /aws/notifications?last_notification=1650221436.284796 HTTP/1.1" 304 0 "http://18.159.94.175/aws/contest/2/tasks" "Mozilla/5.0 (X11; Linux x86_64) AppleWebKit/537.36 (KHTML, like Gecko) Chrome/100.0.4896.88 Safari/537.36"
109.239.43.149 - - [17/Apr/2022:19:10:02 +0000] "GET /notifications HTTP/1.1" 304 0 "http://18.159.94.175/tasks/perm-query/submissions?submission_id=boZ5zoxEWFIsHX00d8rVdLrL_f8CuVEufZKlWw5oG4E." "Mozilla/5.0 (Windows NT 10.0; Win64; x64) AppleWebKit/537.36 (KHTML, like Gecko) Chrome/100.0.4896.88 Safari/537.36"
18.159.55.216 - - [17/Apr/2022:19:10:03 +0000] "GET /notifications HTTP/1.1" 304 0 "http://18.159.94.175/tasks/sum-coloring/description" "Mozilla/5.0 (X11; Linux x86_64) AppleWebKit/537.36 (KHTML, like Gecko) Chrome/100.0.4896.88 Safari/537.36"
109.239.43.149 - - [17/Apr/2022:19:10:03 +0000] "GET /tasks/perm-query/submissions/2 HTTP/1.1" 304 0 "http://18.159.94.175/tasks/perm-query/submissions?submission_id=boZ5zoxEWFIsHX00d8rVdLrL_f8CuVEufZKlWw5oG4E." "Mozilla/5.0 (Windows NT 10.0; Win64; x64) AppleWebKit/537.36 (KHTML, like Gecko) Chrome/100.0.4896.88 Safari/537.36"
109.239.43.149 - cmsadmin [17/Apr/2022:19:10:05 +0000] "GET /aws/notifications?last_notification=1650222109.919031 HTTP/1.1" 304 0 "http://18.159.94.175/aws/task/5" "Mozilla/5.0 (Windows NT 10.0; Win64; x64) AppleWebKit/537.36 (KHTML, like Gecko) Chrome/100.0.4896.88 Safari/537.36"
109.239.43.149 - - [17/Apr/2022:19:10:05 +0000] "GET /tasks/perm-query/submissions/2 HTTP/1.1" 304 0 "http://18.159.94.175/tasks/perm-query/submissions?submission_id=boZ5zoxEWFIsHX00d8rVdLrL_f8CuVEufZKlWw5oG4E." "Mozilla/5.0 (Windows NT 10.0; Win64; x64) AppleWebKit/537.36 (KHTML, like Gecko) Chrome/100.0.4896.88 Safari/537.36"
109.239.43.149 - - [17/Apr/2022:19:10:08 +0000] "GET /tasks/perm-query/submissions/2 HTTP/1.1" 304 0 "http://18.159.94.175/tasks/perm-query/submissions?submission_id=boZ5zoxEWFIsHX00d8rVdLrL_f8CuVEufZKlWw5oG4E." "Mozilla/5.0 (Windows NT 10.0; Win64; x64) AppleWebKit/537.36 (KHTML, like Gecko) Chrome/100.0.4896.88 Safari/537.36"
109.239.43.149 - - [17/Apr/2022:19:10:12 +0000] "GET /tasks/perm-query/submissions/2 HTTP/1.1" 304 0 "http://18.159.94.175/tasks/perm-query/submissions?submission_id=boZ5zoxEWFIsHX00d8rVdLrL_f8CuVEufZKlWw5oG4E." "Mozilla/5.0 (Windows NT 10.0; Win64; x64) AppleWebKit/537.36 (KHTML, like Gecko) Chrome/100.0.4896.88 Safari/537.36"
109.239.43.149 - - [17/Apr/2022:19:10:19 +0000] "GET /tasks/perm-query/submissions/2 HTTP/1.1" 304 0 "http://18.159.94.175/tasks/perm-query/submissions?submission_id=boZ5zoxEWFIsHX00d8rVdLrL_f8CuVEufZKlWw5oG4E." "Mozilla/5.0 (Windows NT 10.0; Win64; x64) AppleWebKit/537.36 (KHTML, like Gecko) Chrome/100.0.4896.88 Safari/537.36"
109.239.43.149 - cmsadmin [17/Apr/2022:19:10:20 +0000] "GET /aws/notifications?last_notification=1650222109.919031 HTTP/1.1" 304 0 "http://18.159.94.175/aws/task/5" "Mozilla/5.0 (Windows NT 10.0; Win64; x64) AppleWebKit/537.36 (KHTML, like Gecko) Chrome/100.0.4896.88 Safari/537.36"
109.239.43.149 - - [17/Apr/2022:19:10:23 +0000] "GET /tasks/perm-query/submissions?submission_id=boZ5zoxEWFIsHX00d8rVdLrL_f8CuVEufZKlWw5oG4E. HTTP/1.1" 200 4707 "http://18.159.94.175/tasks/perm-query/submissions" "Mozilla/5.0 (Windows NT 10.0; Win64; x64) AppleWebKit/537.36 (KHTML, like Gecko) Chrome/100.0.4896.88 Safari/537.36"
109.239.43.149 - - [17/Apr/2022:19:10:23 +0000] "GET /notifications HTTP/1.1" 304 0 "http://18.159.94.175/tasks/perm-query/submissions?submission_id=boZ5zoxEWFIsHX00d8rVdLrL_f8CuVEufZKlWw5oG4E." "Mozilla/5.0 (Windows NT 10.0; Win64; x64) AppleWebKit/537.36 (KHTML, like Gecko) Chrome/100.0.4896.88 Safari/537.36"
109.239.43.149 - - [17/Apr/2022:19:10:25 +0000] "GET /tasks/perm-query/submissions/2 HTTP/1.1" 304 0 "http://18.159.94.175/tasks/perm-query/submissions?submission_id=boZ5zoxEWFIsHX00d8rVdLrL_f8CuVEufZKlWw5oG4E." "Mozilla/5.0 (Windows NT 10.0; Win64; x64) AppleWebKit/537.36 (KHTML, like Gecko) Chrome/100.0.4896.88 Safari/537.36"
109.239.43.149 - - [17/Apr/2022:19:10:25 +0000] "GET /tasks/perm-query/submissions?submission_id=boZ5zoxEWFIsHX00d8rVdLrL_f8CuVEufZKlWw5oG4E. HTTP/1.1" 200 4709 "http://18.159.94.175/tasks/perm-query/submissions" "Mozilla/5.0 (Windows NT 10.0; Win64; x64) AppleWebKit/537.36 (KHTML, like Gecko) Chrome/100.0.4896.88 Safari/537.36"
109.239.43.149 - - [17/Apr/2022:19:10:25 +0000] "GET /notifications HTTP/1.1" 304 0 "http://18.159.94.175/tasks/perm-query/submissions?submission_id=boZ5zoxEWFIsHX00d8rVdLrL_f8CuVEufZKlWw5oG4E." "Mozilla/5.0 (Windows NT 10.0; Win64; x64) AppleWebKit/537.36 (KHTML, like Gecko) Chrome/100.0.4896.88 Safari/537.36"
109.239.43.149 - - [17/Apr/2022:19:10:26 +0000] "GET /tasks/perm-query/submissions/2 HTTP/1.1" 304 0 "http://18.159.94.175/tasks/perm-query/submissions?submission_id=boZ5zoxEWFIsHX00d8rVdLrL_f8CuVEufZKlWw5oG4E." "Mozilla/5.0 (Windows NT 10.0; Win64; x64) AppleWebKit/537.36 (KHTML, like Gecko) Chrome/100.0.4896.88 Safari/537.36"
109.239.43.149 - cmsadmin [17/Apr/2022:19:10:28 +0000] "GET /aws/contest/2/submissions HTTP/1.1" 200 6109 "http://18.159.94.175/aws/task/5" "Mozilla/5.0 (Windows NT 10.0; Win64; x64) AppleWebKit/537.36 (KHTML, like Gecko) Chrome/100.0.4896.88 Safari/537.36"
109.239.43.149 - cmsadmin [17/Apr/2022:19:10:29 +0000] "GET /aws/notifications?last_notification=1650222628.711581 HTTP/1.1" 200 2 "http://18.159.94.175/aws/contest/2/submissions" "Mozilla/5.0 (Windows NT 10.0; Win64; x64) AppleWebKit/537.36 (KHTML, like Gecko) Chrome/100.0.4896.88 Safari/537.36"
109.239.43.149 - - [17/Apr/2022:19:10:29 +0000] "GET /tasks/perm-query/submissions/2 HTTP/1.1" 304 0 "http://18.159.94.175/tasks/perm-query/submissions?submission_id=boZ5zoxEWFIsHX00d8rVdLrL_f8CuVEufZKlWw5oG4E." "Mozilla/5.0 (Windows NT 10.0; Win64; x64) AppleWebKit/537.36 (KHTML, like Gecko) Chrome/100.0.4896.88 Safari/537.36"
109.239.43.149 - cmsadmin [17/Apr/2022:19:10:31 +0000] "GET /aws/contest/2/submissions HTTP/1.1" 200 6109 "http://18.159.94.175/aws/task/5" "Mozilla/5.0 (Windows NT 10.0; Win64; x64) AppleWebKit/537.36 (KHTML, like Gecko) Chrome/100.0.4896.88 Safari/537.36"
109.239.43.149 - cmsadmin [17/Apr/2022:19:10:31 +0000] "GET /aws/notifications?last_notification=1650222630.887496 HTTP/1.1" 200 2 "http://18.159.94.175/aws/contest/2/submissions" "Mozilla/5.0 (Windows NT 10.0; Win64; x64) AppleWebKit/537.36 (KHTML, like Gecko) Chrome/100.0.4896.88 Safari/537.36"
109.239.43.149 - cmsadmin [17/Apr/2022:19:10:32 +0000] "GET /aws/contest/2/submissions HTTP/1.1" 200 6108 "http://18.159.94.175/aws/task/5" "Mozilla/5.0 (Windows NT 10.0; Win64; x64) AppleWebKit/537.36 (KHTML, like Gecko) Chrome/100.0.4896.88 Safari/537.36"
109.239.43.149 - cmsadmin [17/Apr/2022:19:10:32 +0000] "GET /aws/notifications?last_notification=1650222632.03654 HTTP/1.1" 200 2 "http://18.159.94.175/aws/contest/2/submissions" "Mozilla/5.0 (Windows NT 10.0; Win64; x64) AppleWebKit/537.36 (KHTML, like Gecko) Chrome/100.0.4896.88 Safari/537.36"
109.239.43.149 - - [17/Apr/2022:19:10:32 +0000] "GET /tasks/perm-query/submissions/2 HTTP/1.1" 304 0 "http://18.159.94.175/tasks/perm-query/submissions?submission_id=boZ5zoxEWFIsHX00d8rVdLrL_f8CuVEufZKlWw5oG4E." "Mozilla/5.0 (Windows NT 10.0; Win64; x64) AppleWebKit/537.36 (KHTML, like Gecko) Chrome/100.0.4896.88 Safari/537.36"
109.239.43.149 - - [17/Apr/2022:19:10:37 +0000] "GET /tasks/perm-query/submissions/2 HTTP/1.1" 304 0 "http://18.159.94.175/tasks/perm-query/submissions?submission_id=boZ5zoxEWFIsHX00d8rVdLrL_f8CuVEufZKlWw5oG4E." "Mozilla/5.0 (Windows NT 10.0; Win64; x64) AppleWebKit/537.36 (KHTML, like Gecko) Chrome/100.0.4896.88 Safari/537.36"
109.239.43.149 - - [17/Apr/2022:19:10:44 +0000] "GET /tasks/perm-query/submissions/2 HTTP/1.1" 304 0 "http://18.159.94.175/tasks/perm-query/submissions?submission_id=boZ5zoxEWFIsHX00d8rVdLrL_f8CuVEufZKlWw5oG4E." "Mozilla/5.0 (Windows NT 10.0; Win64; x64) AppleWebKit/537.36 (KHTML, like Gecko) Chrome/100.0.4896.88 Safari/537.36"
109.239.43.149 - cmsadmin [17/Apr/2022:19:10:47 +0000] "GET /aws/notifications?last_notification=1650222632.03654 HTTP/1.1" 304 0 "http://18.159.94.175/aws/contest/2/submissions" "Mozilla/5.0 (Windows NT 10.0; Win64; x64) AppleWebKit/537.36 (KHTML, like Gecko) Chrome/100.0.4896.88 Safari/537.36"
109.239.43.149 - cmsadmin [17/Apr/2022:19:10:52 +0000] "GET /aws/contest/2/submissions HTTP/1.1" 200 6110 "http://18.159.94.175/aws/task/5" "Mozilla/5.0 (Windows NT 10.0; Win64; x64) AppleWebKit/537.36 (KHTML, like Gecko) Chrome/100.0.4896.88 Safari/537.36"
109.239.43.149 - cmsadmin [17/Apr/2022:19:10:52 +0000] "GET /aws/notifications?last_notification=1650222652.033523 HTTP/1.1" 200 2 "http://18.159.94.175/aws/contest/2/submissions" "Mozilla/5.0 (Windows NT 10.0; Win64; x64) AppleWebKit/537.36 (KHTML, like Gecko) Chrome/100.0.4896.88 Safari/537.36"
109.239.43.149 - cmsadmin [17/Apr/2022:19:10:53 +0000] "GET /aws/contest/2/submissions HTTP/1.1" 200 6109 "http://18.159.94.175/aws/task/5" "Mozilla/5.0 (Windows NT 10.0; Win64; x64) AppleWebKit/537.36 (KHTML, like Gecko) Chrome/100.0.4896.88 Safari/537.36"
109.239.43.149 - cmsadmin [17/Apr/2022:19:10:53 +0000] "GET /aws/notifications?last_notification=1650222653.159686 HTTP/1.1" 200 2 "http://18.159.94.175/aws/contest/2/submissions" "Mozilla/5.0 (Windows NT 10.0; Win64; x64) AppleWebKit/537.36 (KHTML, like Gecko) Chrome/100.0.4896.88 Safari/537.36"
109.239.43.149 - cmsadmin [17/Apr/2022:19:10:54 +0000] "GET /aws/contest/2/submissions HTTP/1.1" 200 6109 "http://18.159.94.175/aws/task/5" "Mozilla/5.0 (Windows NT 10.0; Win64; x64) AppleWebKit/537.36 (KHTML, like Gecko) Chrome/100.0.4896.88 Safari/537.36"
109.239.43.149 - - [17/Apr/2022:19:10:54 +0000] "GET /tasks/perm-query/submissions/2 HTTP/1.1" 304 0 "http://18.159.94.175/tasks/perm-query/submissions?submission_id=boZ5zoxEWFIsHX00d8rVdLrL_f8CuVEufZKlWw5oG4E." "Mozilla/5.0 (Windows NT 10.0; Win64; x64) AppleWebKit/537.36 (KHTML, like Gecko) Chrome/100.0.4896.88 Safari/537.36"
109.239.43.149 - cmsadmin [17/Apr/2022:19:10:54 +0000] "GET /aws/notifications?last_notification=1650222654.272758 HTTP/1.1" 200 2 "http://18.159.94.175/aws/contest/2/submissions" "Mozilla/5.0 (Windows NT 10.0; Win64; x64) AppleWebKit/537.36 (KHTML, like Gecko) Chrome/100.0.4896.88 Safari/537.36"
109.239.43.149 - cmsadmin [17/Apr/2022:19:10:55 +0000] "GET /aws/contest/2/submissions HTTP/1.1" 200 6109 "http://18.159.94.175/aws/task/5" "Mozilla/5.0 (Windows NT 10.0; Win64; x64) AppleWebKit/537.36 (KHTML, like Gecko) Chrome/100.0.4896.88 Safari/537.36"
109.239.43.149 - cmsadmin [17/Apr/2022:19:10:55 +0000] "GET /aws/notifications?last_notification=1650222655.199206 HTTP/1.1" 200 2 "http://18.159.94.175/aws/contest/2/submissions" "Mozilla/5.0 (Windows NT 10.0; Win64; x64) AppleWebKit/537.36 (KHTML, like Gecko) Chrome/100.0.4896.88 Safari/537.36"
109.239.43.149 - cmsadmin [17/Apr/2022:19:10:56 +0000] "GET /aws/contest/2/submissions HTTP/1.1" 200 6109 "http://18.159.94.175/aws/task/5" "Mozilla/5.0 (Windows NT 10.0; Win64; x64) AppleWebKit/537.36 (KHTML, like Gecko) Chrome/100.0.4896.88 Safari/537.36"
109.239.43.149 - cmsadmin [17/Apr/2022:19:10:56 +0000] "GET /aws/notifications?last_notification=1650222656.104783 HTTP/1.1" 200 2 "http://18.159.94.175/aws/contest/2/submissions" "Mozilla/5.0 (Windows NT 10.0; Win64; x64) AppleWebKit/537.36 (KHTML, like Gecko) Chrome/100.0.4896.88 Safari/537.36"
109.239.43.149 - - [17/Apr/2022:19:10:56 +0000] "GET /notifications HTTP/1.1" 304 0 "http://18.159.94.175/tasks/perm-query/submissions?submission_id=boZ5zoxEWFIsHX00d8rVdLrL_f8CuVEufZKlWw5oG4E." "Mozilla/5.0 (Windows NT 10.0; Win64; x64) AppleWebKit/537.36 (KHTML, like Gecko) Chrome/100.0.4896.88 Safari/537.36"
109.239.43.149 - cmsadmin [17/Apr/2022:19:10:57 +0000] "GET /aws/contest/2/submissions HTTP/1.1" 200 7102 "http://18.159.94.175/aws/task/5" "Mozilla/5.0 (Windows NT 10.0; Win64; x64) AppleWebKit/537.36 (KHTML, like Gecko) Chrome/100.0.4896.88 Safari/537.36"
109.239.43.149 - cmsadmin [17/Apr/2022:19:10:57 +0000] "GET /aws/notifications?last_notification=1650222657.159315 HTTP/1.1" 200 2 "http://18.159.94.175/aws/contest/2/submissions" "Mozilla/5.0 (Windows NT 10.0; Win64; x64) AppleWebKit/537.36 (KHTML, like Gecko) Chrome/100.0.4896.88 Safari/537.36"
109.239.43.149 - cmsadmin [17/Apr/2022:19:10:58 +0000] "GET /aws/contest/2/submissions HTTP/1.1" 200 7102 "http://18.159.94.175/aws/task/5" "Mozilla/5.0 (Windows NT 10.0; Win64; x64) AppleWebKit/537.36 (KHTML, like Gecko) Chrome/100.0.4896.88 Safari/537.36"
109.239.43.149 - cmsadmin [17/Apr/2022:19:10:58 +0000] "GET /aws/notifications?last_notification=1650222658.051333 HTTP/1.1" 200 2 "http://18.159.94.175/aws/contest/2/submissions" "Mozilla/5.0 (Windows NT 10.0; Win64; x64) AppleWebKit/537.36 (KHTML, like Gecko) Chrome/100.0.4896.88 Safari/537.36"
109.239.43.149 - cmsadmin [17/Apr/2022:19:10:59 +0000] "GET /aws/contest/2/submissions HTTP/1.1" 200 7101 "http://18.159.94.175/aws/task/5" "Mozilla/5.0 (Windows NT 10.0; Win64; x64) AppleWebKit/537.36 (KHTML, like Gecko) Chrome/100.0.4896.88 Safari/537.36"
109.239.43.149 - cmsadmin [17/Apr/2022:19:10:59 +0000] "GET /aws/notifications?last_notification=1650222659.047356 HTTP/1.1" 200 2 "http://18.159.94.175/aws/contest/2/submissions" "Mozilla/5.0 (Windows NT 10.0; Win64; x64) AppleWebKit/537.36 (KHTML, like Gecko) Chrome/100.0.4896.88 Safari/537.36"
109.239.43.149 - cmsadmin [17/Apr/2022:19:11:00 +0000] "GET /aws/contest/2/submissions HTTP/1.1" 200 7102 "http://18.159.94.175/aws/task/5" "Mozilla/5.0 (Windows NT 10.0; Win64; x64) AppleWebKit/537.36 (KHTML, like Gecko) Chrome/100.0.4896.88 Safari/537.36"
109.239.43.149 - cmsadmin [17/Apr/2022:19:11:00 +0000] "GET /aws/notifications?last_notification=1650222660.145766 HTTP/1.1" 200 2 "http://18.159.94.175/aws/contest/2/submissions" "Mozilla/5.0 (Windows NT 10.0; Win64; x64) AppleWebKit/537.36 (KHTML, like Gecko) Chrome/100.0.4896.88 Safari/537.36"
109.239.43.149 - cmsadmin [17/Apr/2022:19:11:01 +0000] "GET /aws/contest/2/submissions HTTP/1.1" 200 7101 "http://18.159.94.175/aws/task/5" "Mozilla/5.0 (Windows NT 10.0; Win64; x64) AppleWebKit/537.36 (KHTML, like Gecko) Chrome/100.0.4896.88 Safari/537.36"
109.239.43.149 - cmsadmin [17/Apr/2022:19:11:01 +0000] "GET /aws/notifications?last_notification=1650222661.272885 HTTP/1.1" 200 2 "http://18.159.94.175/aws/contest/2/submissions" "Mozilla/5.0 (Windows NT 10.0; Win64; x64) AppleWebKit/537.36 (KHTML, like Gecko) Chrome/100.0.4896.88 Safari/537.36"
18.159.55.216 - cmsadmin [17/Apr/2022:19:11:02 +0000] "GET /aws/notifications?last_notification=1650221436.284796 HTTP/1.1" 304 0 "http://18.159.94.175/aws/contest/2/tasks" "Mozilla/5.0 (X11; Linux x86_64) AppleWebKit/537.36 (KHTML, like Gecko) Chrome/100.0.4896.88 Safari/537.36"
18.159.55.216 - - [17/Apr/2022:19:11:03 +0000] "GET /notifications HTTP/1.1" 304 0 "http://18.159.94.175/tasks/sum-coloring/description" "Mozilla/5.0 (X11; Linux x86_64) AppleWebKit/537.36 (KHTML, like Gecko) Chrome/100.0.4896.88 Safari/537.36"
109.239.43.149 - - [17/Apr/2022:19:11:09 +0000] "GET /tasks/perm-query/submissions/2 HTTP/1.1" 200 173 "http://18.159.94.175/tasks/perm-query/submissions?submission_id=boZ5zoxEWFIsHX00d8rVdLrL_f8CuVEufZKlWw5oG4E." "Mozilla/5.0 (Windows NT 10.0; Win64; x64) AppleWebKit/537.36 (KHTML, like Gecko) Chrome/100.0.4896.88 Safari/537.36"
109.239.43.149 - cmsadmin [17/Apr/2022:19:11:16 +0000] "GET /aws/notifications?last_notification=1650222661.272885 HTTP/1.1" 304 0 "http://18.159.94.175/aws/contest/2/submissions" "Mozilla/5.0 (Windows NT 10.0; Win64; x64) AppleWebKit/537.36 (KHTML, like Gecko) Chrome/100.0.4896.88 Safari/537.36"
109.239.43.149 - - [17/Apr/2022:19:11:26 +0000] "GET /notifications HTTP/1.1" 304 0 "http://18.159.94.175/tasks/perm-query/submissions?submission_id=boZ5zoxEWFIsHX00d8rVdLrL_f8CuVEufZKlWw5oG4E." "Mozilla/5.0 (Windows NT 10.0; Win64; x64) AppleWebKit/537.36 (KHTML, like Gecko) Chrome/100.0.4896.88 Safari/537.36"
109.239.43.149 - cmsadmin [17/Apr/2022:19:11:31 +0000] "GET /aws/notifications?last_notification=1650222661.272885 HTTP/1.1" 304 0 "http://18.159.94.175/aws/contest/2/submissions" "Mozilla/5.0 (Windows NT 10.0; Win64; x64) AppleWebKit/537.36 (KHTML, like Gecko) Chrome/100.0.4896.88 Safari/537.36"
109.239.43.149 - cmsadmin [17/Apr/2022:19:11:46 +0000] "GET /aws/notifications?last_notification=1650222661.272885 HTTP/1.1" 304 0 "http://18.159.94.175/aws/contest/2/submissions" "Mozilla/5.0 (Windows NT 10.0; Win64; x64) AppleWebKit/537.36 (KHTML, like Gecko) Chrome/100.0.4896.88 Safari/537.36"
109.239.43.149 - - [17/Apr/2022:19:11:55 +0000] "GET /notifications HTTP/1.1" 304 0 "http://18.159.94.175/tasks/perm-query/submissions?submission_id=boZ5zoxEWFIsHX00d8rVdLrL_f8CuVEufZKlWw5oG4E." "Mozilla/5.0 (Windows NT 10.0; Win64; x64) AppleWebKit/537.36 (KHTML, like Gecko) Chrome/100.0.4896.88 Safari/537.36"
109.239.43.149 - - [17/Apr/2022:19:12:00 +0000] "POST /tasks/perm-query/submit HTTP/1.1" 302 0 "http://18.159.94.175/tasks/perm-query/submissions?submission_id=boZ5zoxEWFIsHX00d8rVdLrL_f8CuVEufZKlWw5oG4E." "Mozilla/5.0 (Windows NT 10.0; Win64; x64) AppleWebKit/537.36 (KHTML, like Gecko) Chrome/100.0.4896.88 Safari/537.36"
109.239.43.149 - - [17/Apr/2022:19:12:01 +0000] "GET /tasks/perm-query/submissions?submission_id=Ta5-56WUJouyNjBZv-ZLndHiG-zUfGzXNJBp-4Zm404. HTTP/1.1" 200 4739 "http://18.159.94.175/tasks/perm-query/submissions?submission_id=boZ5zoxEWFIsHX00d8rVdLrL_f8CuVEufZKlWw5oG4E." "Mozilla/5.0 (Windows NT 10.0; Win64; x64) AppleWebKit/537.36 (KHTML, like Gecko) Chrome/100.0.4896.88 Safari/537.36"
109.239.43.149 - - [17/Apr/2022:19:12:01 +0000] "GET /notifications HTTP/1.1" 200 202 "http://18.159.94.175/tasks/perm-query/submissions?submission_id=Ta5-56WUJouyNjBZv-ZLndHiG-zUfGzXNJBp-4Zm404." "Mozilla/5.0 (Windows NT 10.0; Win64; x64) AppleWebKit/537.36 (KHTML, like Gecko) Chrome/100.0.4896.88 Safari/537.36"
109.239.43.149 - cmsadmin [17/Apr/2022:19:12:02 +0000] "GET /aws/notifications?last_notification=1650222661.272885 HTTP/1.1" 304 0 "http://18.159.94.175/aws/contest/2/submissions" "Mozilla/5.0 (Windows NT 10.0; Win64; x64) AppleWebKit/537.36 (KHTML, like Gecko) Chrome/100.0.4896.88 Safari/537.36"
18.159.55.216 - cmsadmin [17/Apr/2022:19:12:02 +0000] "GET /aws/notifications?last_notification=1650221436.284796 HTTP/1.1" 304 0 "http://18.159.94.175/aws/contest/2/tasks" "Mozilla/5.0 (X11; Linux x86_64) AppleWebKit/537.36 (KHTML, like Gecko) Chrome/100.0.4896.88 Safari/537.36"
109.239.43.149 - - [17/Apr/2022:19:12:02 +0000] "GET /tasks/perm-query/submissions/3 HTTP/1.1" 200 90 "http://18.159.94.175/tasks/perm-query/submissions?submission_id=Ta5-56WUJouyNjBZv-ZLndHiG-zUfGzXNJBp-4Zm404." "Mozilla/5.0 (Windows NT 10.0; Win64; x64) AppleWebKit/537.36 (KHTML, like Gecko) Chrome/100.0.4896.88 Safari/537.36"
18.159.55.216 - - [17/Apr/2022:19:12:03 +0000] "GET /notifications HTTP/1.1" 304 0 "http://18.159.94.175/tasks/sum-coloring/description" "Mozilla/5.0 (X11; Linux x86_64) AppleWebKit/537.36 (KHTML, like Gecko) Chrome/100.0.4896.88 Safari/537.36"
109.239.43.149 - - [17/Apr/2022:19:12:04 +0000] "GET /tasks/perm-query/submissions/3 HTTP/1.1" 200 83 "http://18.159.94.175/tasks/perm-query/submissions?submission_id=Ta5-56WUJouyNjBZv-ZLndHiG-zUfGzXNJBp-4Zm404." "Mozilla/5.0 (Windows NT 10.0; Win64; x64) AppleWebKit/537.36 (KHTML, like Gecko) Chrome/100.0.4896.88 Safari/537.36"
109.239.43.149 - - [17/Apr/2022:19:12:07 +0000] "GET /tasks/perm-query/submissions/3 HTTP/1.1" 304 0 "http://18.159.94.175/tasks/perm-query/submissions?submission_id=Ta5-56WUJouyNjBZv-ZLndHiG-zUfGzXNJBp-4Zm404." "Mozilla/5.0 (Windows NT 10.0; Win64; x64) AppleWebKit/537.36 (KHTML, like Gecko) Chrome/100.0.4896.88 Safari/537.36"
109.239.43.149 - - [17/Apr/2022:19:12:10 +0000] "GET /tasks/perm-query/submissions/3 HTTP/1.1" 304 0 "http://18.159.94.175/tasks/perm-query/submissions?submission_id=Ta5-56WUJouyNjBZv-ZLndHiG-zUfGzXNJBp-4Zm404." "Mozilla/5.0 (Windows NT 10.0; Win64; x64) AppleWebKit/537.36 (KHTML, like Gecko) Chrome/100.0.4896.88 Safari/537.36"
109.239.43.149 - - [17/Apr/2022:19:12:15 +0000] "GET /tasks/perm-query/submissions/3 HTTP/1.1" 304 0 "http://18.159.94.175/tasks/perm-query/submissions?submission_id=Ta5-56WUJouyNjBZv-ZLndHiG-zUfGzXNJBp-4Zm404." "Mozilla/5.0 (Windows NT 10.0; Win64; x64) AppleWebKit/537.36 (KHTML, like Gecko) Chrome/100.0.4896.88 Safari/537.36"
109.239.43.149 - cmsadmin [17/Apr/2022:19:12:17 +0000] "GET /aws/notifications?last_notification=1650222661.272885 HTTP/1.1" 304 0 "http://18.159.94.175/aws/contest/2/submissions" "Mozilla/5.0 (Windows NT 10.0; Win64; x64) AppleWebKit/537.36 (KHTML, like Gecko) Chrome/100.0.4896.88 Safari/537.36"
109.239.43.149 - - [17/Apr/2022:19:12:21 +0000] "GET /tasks/perm-query/submissions/3 HTTP/1.1" 304 0 "http://18.159.94.175/tasks/perm-query/submissions?submission_id=Ta5-56WUJouyNjBZv-ZLndHiG-zUfGzXNJBp-4Zm404." "Mozilla/5.0 (Windows NT 10.0; Win64; x64) AppleWebKit/537.36 (KHTML, like Gecko) Chrome/100.0.4896.88 Safari/537.36"
109.239.43.149 - - [17/Apr/2022:19:12:30 +0000] "GET /tasks/perm-query/submissions/3 HTTP/1.1" 304 0 "http://18.159.94.175/tasks/perm-query/submissions?submission_id=Ta5-56WUJouyNjBZv-ZLndHiG-zUfGzXNJBp-4Zm404." "Mozilla/5.0 (Windows NT 10.0; Win64; x64) AppleWebKit/537.36 (KHTML, like Gecko) Chrome/100.0.4896.88 Safari/537.36"
109.239.43.149 - - [17/Apr/2022:19:12:31 +0000] "GET /notifications HTTP/1.1" 200 2 "http://18.159.94.175/tasks/perm-query/submissions?submission_id=Ta5-56WUJouyNjBZv-ZLndHiG-zUfGzXNJBp-4Zm404." "Mozilla/5.0 (Windows NT 10.0; Win64; x64) AppleWebKit/537.36 (KHTML, like Gecko) Chrome/100.0.4896.88 Safari/537.36"
109.239.43.149 - cmsadmin [17/Apr/2022:19:12:32 +0000] "GET /aws/notifications?last_notification=1650222661.272885 HTTP/1.1" 304 0 "http://18.159.94.175/aws/contest/2/submissions" "Mozilla/5.0 (Windows NT 10.0; Win64; x64) AppleWebKit/537.36 (KHTML, like Gecko) Chrome/100.0.4896.88 Safari/537.36"
109.239.43.149 - - [17/Apr/2022:19:12:42 +0000] "GET /tasks/perm-query/submissions/3 HTTP/1.1" 304 0 "http://18.159.94.175/tasks/perm-query/submissions?submission_id=Ta5-56WUJouyNjBZv-ZLndHiG-zUfGzXNJBp-4Zm404." "Mozilla/5.0 (Windows NT 10.0; Win64; x64) AppleWebKit/537.36 (KHTML, like Gecko) Chrome/100.0.4896.88 Safari/537.36"
109.239.43.149 - cmsadmin [17/Apr/2022:19:12:47 +0000] "GET /aws/notifications?last_notification=1650222661.272885 HTTP/1.1" 304 0 "http://18.159.94.175/aws/contest/2/submissions" "Mozilla/5.0 (Windows NT 10.0; Win64; x64) AppleWebKit/537.36 (KHTML, like Gecko) Chrome/100.0.4896.88 Safari/537.36"
109.239.43.149 - - [17/Apr/2022:19:12:48 +0000] "GET /tasks/perm-query/submissions?submission_id=Ta5-56WUJouyNjBZv-ZLndHiG-zUfGzXNJBp-4Zm404. HTTP/1.1" 200 4724 "http://18.159.94.175/tasks/perm-query/submissions?submission_id=boZ5zoxEWFIsHX00d8rVdLrL_f8CuVEufZKlWw5oG4E." "Mozilla/5.0 (Windows NT 10.0; Win64; x64) AppleWebKit/537.36 (KHTML, like Gecko) Chrome/100.0.4896.88 Safari/537.36"
109.239.43.149 - - [17/Apr/2022:19:12:49 +0000] "GET /notifications HTTP/1.1" 304 0 "http://18.159.94.175/tasks/perm-query/submissions?submission_id=Ta5-56WUJouyNjBZv-ZLndHiG-zUfGzXNJBp-4Zm404." "Mozilla/5.0 (Windows NT 10.0; Win64; x64) AppleWebKit/537.36 (KHTML, like Gecko) Chrome/100.0.4896.88 Safari/537.36"
109.239.43.149 - - [17/Apr/2022:19:12:49 +0000] "GET /tasks/perm-query/submissions?submission_id=Ta5-56WUJouyNjBZv-ZLndHiG-zUfGzXNJBp-4Zm404. HTTP/1.1" 200 4721 "http://18.159.94.175/tasks/perm-query/submissions?submission_id=boZ5zoxEWFIsHX00d8rVdLrL_f8CuVEufZKlWw5oG4E." "Mozilla/5.0 (Windows NT 10.0; Win64; x64) AppleWebKit/537.36 (KHTML, like Gecko) Chrome/100.0.4896.88 Safari/537.36"
109.239.43.149 - - [17/Apr/2022:19:12:50 +0000] "GET /notifications HTTP/1.1" 304 0 "http://18.159.94.175/tasks/perm-query/submissions?submission_id=Ta5-56WUJouyNjBZv-ZLndHiG-zUfGzXNJBp-4Zm404." "Mozilla/5.0 (Windows NT 10.0; Win64; x64) AppleWebKit/537.36 (KHTML, like Gecko) Chrome/100.0.4896.88 Safari/537.36"
109.239.43.149 - - [17/Apr/2022:19:12:51 +0000] "GET /tasks/perm-query/submissions/3 HTTP/1.1" 304 0 "http://18.159.94.175/tasks/perm-query/submissions?submission_id=Ta5-56WUJouyNjBZv-ZLndHiG-zUfGzXNJBp-4Zm404." "Mozilla/5.0 (Windows NT 10.0; Win64; x64) AppleWebKit/537.36 (KHTML, like Gecko) Chrome/100.0.4896.88 Safari/537.36"
109.239.43.149 - - [17/Apr/2022:19:12:53 +0000] "GET /tasks/perm-query/submissions/3 HTTP/1.1" 304 0 "http://18.159.94.175/tasks/perm-query/submissions?submission_id=Ta5-56WUJouyNjBZv-ZLndHiG-zUfGzXNJBp-4Zm404." "Mozilla/5.0 (Windows NT 10.0; Win64; x64) AppleWebKit/537.36 (KHTML, like Gecko) Chrome/100.0.4896.88 Safari/537.36"
109.239.43.149 - - [17/Apr/2022:19:12:55 +0000] "GET /tasks/perm-query/submissions/3 HTTP/1.1" 304 0 "http://18.159.94.175/tasks/perm-query/submissions?submission_id=Ta5-56WUJouyNjBZv-ZLndHiG-zUfGzXNJBp-4Zm404." "Mozilla/5.0 (Windows NT 10.0; Win64; x64) AppleWebKit/537.36 (KHTML, like Gecko) Chrome/100.0.4896.88 Safari/537.36"
109.239.43.149 - - [17/Apr/2022:19:12:58 +0000] "GET /tasks/perm-query/submissions/3 HTTP/1.1" 304 0 "http://18.159.94.175/tasks/perm-query/submissions?submission_id=Ta5-56WUJouyNjBZv-ZLndHiG-zUfGzXNJBp-4Zm404." "Mozilla/5.0 (Windows NT 10.0; Win64; x64) AppleWebKit/537.36 (KHTML, like Gecko) Chrome/100.0.4896.88 Safari/537.36"
109.239.43.149 - cmsadmin [17/Apr/2022:19:13:02 +0000] "GET /aws/notifications?last_notification=1650222661.272885 HTTP/1.1" 304 0 "http://18.159.94.175/aws/contest/2/submissions" "Mozilla/5.0 (Windows NT 10.0; Win64; x64) AppleWebKit/537.36 (KHTML, like Gecko) Chrome/100.0.4896.88 Safari/537.36"
18.159.55.216 - cmsadmin [17/Apr/2022:19:13:02 +0000] "GET /aws/notifications?last_notification=1650221436.284796 HTTP/1.1" 304 0 "http://18.159.94.175/aws/contest/2/tasks" "Mozilla/5.0 (X11; Linux x86_64) AppleWebKit/537.36 (KHTML, like Gecko) Chrome/100.0.4896.88 Safari/537.36"
18.159.55.216 - - [17/Apr/2022:19:13:03 +0000] "GET /notifications HTTP/1.1" 304 0 "http://18.159.94.175/tasks/sum-coloring/description" "Mozilla/5.0 (X11; Linux x86_64) AppleWebKit/537.36 (KHTML, like Gecko) Chrome/100.0.4896.88 Safari/537.36"
109.239.43.149 - - [17/Apr/2022:19:13:03 +0000] "GET /tasks/perm-query/submissions/3 HTTP/1.1" 304 0 "http://18.159.94.175/tasks/perm-query/submissions?submission_id=Ta5-56WUJouyNjBZv-ZLndHiG-zUfGzXNJBp-4Zm404." "Mozilla/5.0 (Windows NT 10.0; Win64; x64) AppleWebKit/537.36 (KHTML, like Gecko) Chrome/100.0.4896.88 Safari/537.36"
109.239.43.149 - - [17/Apr/2022:19:13:06 +0000] "GET /tasks/perm-query/submissions?submission_id=Ta5-56WUJouyNjBZv-ZLndHiG-zUfGzXNJBp-4Zm404. HTTP/1.1" 200 4719 "http://18.159.94.175/tasks/perm-query/submissions?submission_id=boZ5zoxEWFIsHX00d8rVdLrL_f8CuVEufZKlWw5oG4E." "Mozilla/5.0 (Windows NT 10.0; Win64; x64) AppleWebKit/537.36 (KHTML, like Gecko) Chrome/100.0.4896.88 Safari/537.36"
109.239.43.149 - - [17/Apr/2022:19:13:07 +0000] "GET /notifications HTTP/1.1" 304 0 "http://18.159.94.175/tasks/perm-query/submissions?submission_id=Ta5-56WUJouyNjBZv-ZLndHiG-zUfGzXNJBp-4Zm404." "Mozilla/5.0 (Windows NT 10.0; Win64; x64) AppleWebKit/537.36 (KHTML, like Gecko) Chrome/100.0.4896.88 Safari/537.36"
109.239.43.149 - - [17/Apr/2022:19:13:07 +0000] "GET /tasks/perm-query/submissions?submission_id=Ta5-56WUJouyNjBZv-ZLndHiG-zUfGzXNJBp-4Zm404. HTTP/1.1" 200 4720 "http://18.159.94.175/tasks/perm-query/submissions?submission_id=boZ5zoxEWFIsHX00d8rVdLrL_f8CuVEufZKlWw5oG4E." "Mozilla/5.0 (Windows NT 10.0; Win64; x64) AppleWebKit/537.36 (KHTML, like Gecko) Chrome/100.0.4896.88 Safari/537.36"
109.239.43.149 - - [17/Apr/2022:19:13:08 +0000] "GET /notifications HTTP/1.1" 304 0 "http://18.159.94.175/tasks/perm-query/submissions?submission_id=Ta5-56WUJouyNjBZv-ZLndHiG-zUfGzXNJBp-4Zm404." "Mozilla/5.0 (Windows NT 10.0; Win64; x64) AppleWebKit/537.36 (KHTML, like Gecko) Chrome/100.0.4896.88 Safari/537.36"
109.239.43.149 - - [17/Apr/2022:19:13:09 +0000] "GET /tasks/perm-query/submissions/3 HTTP/1.1" 304 0 "http://18.159.94.175/tasks/perm-query/submissions?submission_id=Ta5-56WUJouyNjBZv-ZLndHiG-zUfGzXNJBp-4Zm404." "Mozilla/5.0 (Windows NT 10.0; Win64; x64) AppleWebKit/537.36 (KHTML, like Gecko) Chrome/100.0.4896.88 Safari/537.36"
109.239.43.149 - - [17/Apr/2022:19:13:11 +0000] "GET /tasks/perm-query/submissions/3 HTTP/1.1" 304 0 "http://18.159.94.175/tasks/perm-query/submissions?submission_id=Ta5-56WUJouyNjBZv-ZLndHiG-zUfGzXNJBp-4Zm404." "Mozilla/5.0 (Windows NT 10.0; Win64; x64) AppleWebKit/537.36 (KHTML, like Gecko) Chrome/100.0.4896.88 Safari/537.36"
109.239.43.149 - - [17/Apr/2022:19:13:14 +0000] "GET /tasks/perm-query/submissions/3 HTTP/1.1" 304 0 "http://18.159.94.175/tasks/perm-query/submissions?submission_id=Ta5-56WUJouyNjBZv-ZLndHiG-zUfGzXNJBp-4Zm404." "Mozilla/5.0 (Windows NT 10.0; Win64; x64) AppleWebKit/537.36 (KHTML, like Gecko) Chrome/100.0.4896.88 Safari/537.36"
109.239.43.149 - cmsadmin [17/Apr/2022:19:13:17 +0000] "GET /aws/notifications?last_notification=1650222661.272885 HTTP/1.1" 304 0 "http://18.159.94.175/aws/contest/2/submissions" "Mozilla/5.0 (Windows NT 10.0; Win64; x64) AppleWebKit/537.36 (KHTML, like Gecko) Chrome/100.0.4896.88 Safari/537.36"
109.239.43.149 - - [17/Apr/2022:19:13:18 +0000] "GET /tasks/perm-query/submissions/3 HTTP/1.1" 304 0 "http://18.159.94.175/tasks/perm-query/submissions?submission_id=Ta5-56WUJouyNjBZv-ZLndHiG-zUfGzXNJBp-4Zm404." "Mozilla/5.0 (Windows NT 10.0; Win64; x64) AppleWebKit/537.36 (KHTML, like Gecko) Chrome/100.0.4896.88 Safari/537.36"
109.239.43.149 - - [17/Apr/2022:19:13:23 +0000] "GET /tasks/perm-query/submissions/3 HTTP/1.1" 304 0 "http://18.159.94.175/tasks/perm-query/submissions?submission_id=Ta5-56WUJouyNjBZv-ZLndHiG-zUfGzXNJBp-4Zm404." "Mozilla/5.0 (Windows NT 10.0; Win64; x64) AppleWebKit/537.36 (KHTML, like Gecko) Chrome/100.0.4896.88 Safari/537.36"
109.239.43.149 - - [17/Apr/2022:19:13:30 +0000] "GET /tasks/perm-query/submissions/3 HTTP/1.1" 304 0 "http://18.159.94.175/tasks/perm-query/submissions?submission_id=Ta5-56WUJouyNjBZv-ZLndHiG-zUfGzXNJBp-4Zm404." "Mozilla/5.0 (Windows NT 10.0; Win64; x64) AppleWebKit/537.36 (KHTML, like Gecko) Chrome/100.0.4896.88 Safari/537.36"
109.239.43.149 - cmsadmin [17/Apr/2022:19:13:32 +0000] "GET /aws/notifications?last_notification=1650222661.272885 HTTP/1.1" 304 0 "http://18.159.94.175/aws/contest/2/submissions" "Mozilla/5.0 (Windows NT 10.0; Win64; x64) AppleWebKit/537.36 (KHTML, like Gecko) Chrome/100.0.4896.88 Safari/537.36"
109.239.43.149 - - [17/Apr/2022:19:13:38 +0000] "GET /notifications HTTP/1.1" 304 0 "http://18.159.94.175/tasks/perm-query/submissions?submission_id=Ta5-56WUJouyNjBZv-ZLndHiG-zUfGzXNJBp-4Zm404." "Mozilla/5.0 (Windows NT 10.0; Win64; x64) AppleWebKit/537.36 (KHTML, like Gecko) Chrome/100.0.4896.88 Safari/537.36"
109.239.43.149 - - [17/Apr/2022:19:13:39 +0000] "GET /tasks/perm-query/submissions/3 HTTP/1.1" 304 0 "http://18.159.94.175/tasks/perm-query/submissions?submission_id=Ta5-56WUJouyNjBZv-ZLndHiG-zUfGzXNJBp-4Zm404." "Mozilla/5.0 (Windows NT 10.0; Win64; x64) AppleWebKit/537.36 (KHTML, like Gecko) Chrome/100.0.4896.88 Safari/537.36"
109.239.43.149 - - [17/Apr/2022:19:13:42 +0000] "GET /tasks/perm-query/submissions?submission_id=Ta5-56WUJouyNjBZv-ZLndHiG-zUfGzXNJBp-4Zm404. HTTP/1.1" 200 4721 "http://18.159.94.175/tasks/perm-query/submissions?submission_id=boZ5zoxEWFIsHX00d8rVdLrL_f8CuVEufZKlWw5oG4E." "Mozilla/5.0 (Windows NT 10.0; Win64; x64) AppleWebKit/537.36 (KHTML, like Gecko) Chrome/100.0.4896.88 Safari/537.36"
109.239.43.149 - - [17/Apr/2022:19:13:43 +0000] "GET /notifications HTTP/1.1" 304 0 "http://18.159.94.175/tasks/perm-query/submissions?submission_id=Ta5-56WUJouyNjBZv-ZLndHiG-zUfGzXNJBp-4Zm404." "Mozilla/5.0 (Windows NT 10.0; Win64; x64) AppleWebKit/537.36 (KHTML, like Gecko) Chrome/100.0.4896.88 Safari/537.36"
109.239.43.149 - cmsadmin [17/Apr/2022:19:13:44 +0000] "GET /aws/contest/2/submissions HTTP/1.1" 200 7161 "http://18.159.94.175/aws/task/5" "Mozilla/5.0 (Windows NT 10.0; Win64; x64) AppleWebKit/537.36 (KHTML, like Gecko) Chrome/100.0.4896.88 Safari/537.36"
109.239.43.149 - cmsadmin [17/Apr/2022:19:13:44 +0000] "GET /aws/notifications?last_notification=1650222823.988702 HTTP/1.1" 200 2 "http://18.159.94.175/aws/contest/2/submissions" "Mozilla/5.0 (Windows NT 10.0; Win64; x64) AppleWebKit/537.36 (KHTML, like Gecko) Chrome/100.0.4896.88 Safari/537.36"
109.239.43.149 - - [17/Apr/2022:19:13:44 +0000] "GET /tasks/perm-query/submissions/3 HTTP/1.1" 304 0 "http://18.159.94.175/tasks/perm-query/submissions?submission_id=Ta5-56WUJouyNjBZv-ZLndHiG-zUfGzXNJBp-4Zm404." "Mozilla/5.0 (Windows NT 10.0; Win64; x64) AppleWebKit/537.36 (KHTML, like Gecko) Chrome/100.0.4896.88 Safari/537.36"
109.239.43.149 - cmsadmin [17/Apr/2022:19:13:45 +0000] "GET /aws/contest/2/submissions HTTP/1.1" 200 7160 "http://18.159.94.175/aws/task/5" "Mozilla/5.0 (Windows NT 10.0; Win64; x64) AppleWebKit/537.36 (KHTML, like Gecko) Chrome/100.0.4896.88 Safari/537.36"
109.239.43.149 - cmsadmin [17/Apr/2022:19:13:45 +0000] "GET /aws/notifications?last_notification=1650222825.087395 HTTP/1.1" 200 2 "http://18.159.94.175/aws/contest/2/submissions" "Mozilla/5.0 (Windows NT 10.0; Win64; x64) AppleWebKit/537.36 (KHTML, like Gecko) Chrome/100.0.4896.88 Safari/537.36"
109.239.43.149 - cmsadmin [17/Apr/2022:19:13:46 +0000] "GET /aws/contest/2/submissions HTTP/1.1" 200 7160 "http://18.159.94.175/aws/task/5" "Mozilla/5.0 (Windows NT 10.0; Win64; x64) AppleWebKit/537.36 (KHTML, like Gecko) Chrome/100.0.4896.88 Safari/537.36"
109.239.43.149 - cmsadmin [17/Apr/2022:19:13:46 +0000] "GET /aws/notifications?last_notification=1650222826.010633 HTTP/1.1" 200 2 "http://18.159.94.175/aws/contest/2/submissions" "Mozilla/5.0 (Windows NT 10.0; Win64; x64) AppleWebKit/537.36 (KHTML, like Gecko) Chrome/100.0.4896.88 Safari/537.36"
109.239.43.149 - - [17/Apr/2022:19:13:46 +0000] "GET /tasks/perm-query/submissions/3 HTTP/1.1" 304 0 "http://18.159.94.175/tasks/perm-query/submissions?submission_id=Ta5-56WUJouyNjBZv-ZLndHiG-zUfGzXNJBp-4Zm404." "Mozilla/5.0 (Windows NT 10.0; Win64; x64) AppleWebKit/537.36 (KHTML, like Gecko) Chrome/100.0.4896.88 Safari/537.36"
109.239.43.149 - - [17/Apr/2022:19:13:49 +0000] "GET /tasks/perm-query/submissions/3 HTTP/1.1" 304 0 "http://18.159.94.175/tasks/perm-query/submissions?submission_id=Ta5-56WUJouyNjBZv-ZLndHiG-zUfGzXNJBp-4Zm404." "Mozilla/5.0 (Windows NT 10.0; Win64; x64) AppleWebKit/537.36 (KHTML, like Gecko) Chrome/100.0.4896.88 Safari/537.36"
18.159.55.216 - cmsadmin [17/Apr/2022:19:13:50 +0000] "GET /aws/notifications?last_notification=1650221436.284796 HTTP/1.1" 304 0 "http://18.159.94.175/aws/contest/2/tasks" "Mozilla/5.0 (X11; Linux x86_64) AppleWebKit/537.36 (KHTML, like Gecko) Chrome/100.0.4896.88 Safari/537.36"
18.159.55.216 - cmsadmin [17/Apr/2022:19:13:51 +0000] "GET /aws/contest/2/overview HTTP/1.1" 200 3268 "http://18.159.94.175/aws/contest/2/tasks" "Mozilla/5.0 (X11; Linux x86_64) AppleWebKit/537.36 (KHTML, like Gecko) Chrome/100.0.4896.88 Safari/537.36"
18.159.55.216 - cmsadmin [17/Apr/2022:19:13:52 +0000] "GET /aws/notifications?last_notification=1650222831.606139 HTTP/1.1" 200 2 "http://18.159.94.175/aws/contest/2/overview" "Mozilla/5.0 (X11; Linux x86_64) AppleWebKit/537.36 (KHTML, like Gecko) Chrome/100.0.4896.88 Safari/537.36"
18.159.55.216 - cmsadmin [17/Apr/2022:19:13:52 +0000] "POST /aws/rpc/AdminWebServer/0/submissions_status HTTP/1.1" 200 127 "http://18.159.94.175/aws/contest/2/overview" "Mozilla/5.0 (X11; Linux x86_64) AppleWebKit/537.36 (KHTML, like Gecko) Chrome/100.0.4896.88 Safari/537.36"
18.159.55.216 - cmsadmin [17/Apr/2022:19:13:52 +0000] "POST /aws/rpc/EvaluationService/0/queue_status HTTP/1.1" 200 166 "http://18.159.94.175/aws/contest/2/overview" "Mozilla/5.0 (X11; Linux x86_64) AppleWebKit/537.36 (KHTML, like Gecko) Chrome/100.0.4896.88 Safari/537.36"
18.159.55.216 - cmsadmin [17/Apr/2022:19:13:52 +0000] "POST /aws/rpc/EvaluationService/0/workers_status HTTP/1.1" 200 294 "http://18.159.94.175/aws/contest/2/overview" "Mozilla/5.0 (X11; Linux x86_64) AppleWebKit/537.36 (KHTML, like Gecko) Chrome/100.0.4896.88 Safari/537.36"
18.159.55.216 - cmsadmin [17/Apr/2022:19:13:52 +0000] "POST /aws/rpc/LogService/0/last_messages HTTP/1.1" 200 1020 "http://18.159.94.175/aws/contest/2/overview" "Mozilla/5.0 (X11; Linux x86_64) AppleWebKit/537.36 (KHTML, like Gecko) Chrome/100.0.4896.88 Safari/537.36"
109.239.43.149 - - [17/Apr/2022:19:13:53 +0000] "GET /tasks/perm-query/submissions/3 HTTP/1.1" 304 0 "http://18.159.94.175/tasks/perm-query/submissions?submission_id=Ta5-56WUJouyNjBZv-ZLndHiG-zUfGzXNJBp-4Zm404." "Mozilla/5.0 (Windows NT 10.0; Win64; x64) AppleWebKit/537.36 (KHTML, like Gecko) Chrome/100.0.4896.88 Safari/537.36"
18.159.55.216 - cmsadmin [17/Apr/2022:19:13:54 +0000] "GET /aws/contest/2 HTTP/1.1" 200 3786 "http://18.159.94.175/aws/contest/2/overview" "Mozilla/5.0 (X11; Linux x86_64) AppleWebKit/537.36 (KHTML, like Gecko) Chrome/100.0.4896.88 Safari/537.36"
18.159.55.216 - cmsadmin [17/Apr/2022:19:13:54 +0000] "GET /aws/notifications?last_notification=1650222834.27061 HTTP/1.1" 200 2 "http://18.159.94.175/aws/contest/2" "Mozilla/5.0 (X11; Linux x86_64) AppleWebKit/537.36 (KHTML, like Gecko) Chrome/100.0.4896.88 Safari/537.36"
109.239.43.149 - - [17/Apr/2022:19:13:58 +0000] "GET /tasks/perm-query/submissions/3 HTTP/1.1" 304 0 "http://18.159.94.175/tasks/perm-query/submissions?submission_id=Ta5-56WUJouyNjBZv-ZLndHiG-zUfGzXNJBp-4Zm404." "Mozilla/5.0 (Windows NT 10.0; Win64; x64) AppleWebKit/537.36 (KHTML, like Gecko) Chrome/100.0.4896.88 Safari/537.36"
18.159.55.216 - cmsadmin [17/Apr/2022:19:13:59 +0000] "POST /aws/contest/2 HTTP/1.1" 302 0 "http://18.159.94.175/aws/contest/2" "Mozilla/5.0 (X11; Linux x86_64) AppleWebKit/537.36 (KHTML, like Gecko) Chrome/100.0.4896.88 Safari/537.36"
18.159.55.216 - cmsadmin [17/Apr/2022:19:13:59 +0000] "GET /aws/contest/2 HTTP/1.1" 200 3792 "http://18.159.94.175/aws/contest/2" "Mozilla/5.0 (X11; Linux x86_64) AppleWebKit/537.36 (KHTML, like Gecko) Chrome/100.0.4896.88 Safari/537.36"
