109.239.43.149 - cmsadmin [17/Apr/2022:18:53:40 +0000] "POST /aws/rpc/EvaluationService/0/queue_status HTTP/1.1" 200 56 "http://18.159.94.175/aws/" "Mozilla/5.0 (Windows NT 10.0; Win64; x64) AppleWebKit/537.36 (KHTML, like Gecko) Chrome/100.0.4896.88 Safari/537.36"
109.239.43.149 - cmsadmin [17/Apr/2022:18:53:40 +0000] "POST /aws/rpc/LogService/0/last_messages HTTP/1.1" 200 1096 "http://18.159.94.175/aws/" "Mozilla/5.0 (Windows NT 10.0; Win64; x64) AppleWebKit/537.36 (KHTML, like Gecko) Chrome/100.0.4896.88 Safari/537.36"
109.239.43.149 - cmsadmin [17/Apr/2022:18:53:40 +0000] "GET /aws/contest/2 HTTP/1.1" 200 3787 "http://18.159.94.175/aws/" "Mozilla/5.0 (Windows NT 10.0; Win64; x64) AppleWebKit/537.36 (KHTML, like Gecko) Chrome/100.0.4896.88 Safari/537.36"
109.239.43.149 - cmsadmin [17/Apr/2022:18:53:41 +0000] "GET /aws/notifications?last_notification=1650221620.7594 HTTP/1.1" 200 2 "http://18.159.94.175/aws/contest/2" "Mozilla/5.0 (Windows NT 10.0; Win64; x64) AppleWebKit/537.36 (KHTML, like Gecko) Chrome/100.0.4896.88 Safari/537.36"
18.159.55.216 - cmsadmin [17/Apr/2022:18:53:48 +0000] "GET /aws/notifications?last_notification=1650221436.284796 HTTP/1.1" 304 0 "http://18.159.94.175/aws/contest/2/tasks" "Mozilla/5.0 (X11; Linux x86_64) AppleWebKit/537.36 (KHTML, like Gecko) Chrome/100.0.4896.88 Safari/537.36"
109.239.43.149 - cmsadmin [17/Apr/2022:18:53:56 +0000] "GET /aws/notifications?last_notification=1650221620.7594 HTTP/1.1" 304 0 "http://18.159.94.175/aws/contest/2" "Mozilla/5.0 (Windows NT 10.0; Win64; x64) AppleWebKit/537.36 (KHTML, like Gecko) Chrome/100.0.4896.88 Safari/537.36"
18.159.55.216 - - [17/Apr/2022:18:54:00 +0000] "GET /notifications HTTP/1.1" 304 0 "http://18.159.94.175/tasks/sum-coloring/description" "Mozilla/5.0 (X11; Linux x86_64) AppleWebKit/537.36 (KHTML, like Gecko) Chrome/100.0.4896.88 Safari/537.36"
18.159.55.216 - cmsadmin [17/Apr/2022:18:54:03 +0000] "GET /aws/notifications?last_notification=1650221436.284796 HTTP/1.1" 304 0 "http://18.159.94.175/aws/contest/2/tasks" "Mozilla/5.0 (X11; Linux x86_64) AppleWebKit/537.36 (KHTML, like Gecko) Chrome/100.0.4896.88 Safari/537.36"
109.239.43.149 - cmsadmin [17/Apr/2022:18:54:11 +0000] "GET /aws/notifications?last_notification=1650221620.7594 HTTP/1.1" 304 0 "http://18.159.94.175/aws/contest/2" "Mozilla/5.0 (Windows NT 10.0; Win64; x64) AppleWebKit/537.36 (KHTML, like Gecko) Chrome/100.0.4896.88 Safari/537.36"
109.239.43.149 - cmsadmin [17/Apr/2022:18:54:13 +0000] "GET /aws/contest/2/tasks HTTP/1.1" 200 1844 "http://18.159.94.175/aws/contest/2" "Mozilla/5.0 (Windows NT 10.0; Win64; x64) AppleWebKit/537.36 (KHTML, like Gecko) Chrome/100.0.4896.88 Safari/537.36"
109.239.43.149 - cmsadmin [17/Apr/2022:18:54:13 +0000] "GET /aws/notifications?last_notification=1650221653.193598 HTTP/1.1" 200 2 "http://18.159.94.175/aws/contest/2/tasks" "Mozilla/5.0 (Windows NT 10.0; Win64; x64) AppleWebKit/537.36 (KHTML, like Gecko) Chrome/100.0.4896.88 Safari/537.36"
109.239.43.149 - cmsadmin [17/Apr/2022:18:54:15 +0000] "GET /aws/task/4 HTTP/1.1" 200 8333 "http://18.159.94.175/aws/contest/2/tasks" "Mozilla/5.0 (Windows NT 10.0; Win64; x64) AppleWebKit/537.36 (KHTML, like Gecko) Chrome/100.0.4896.88 Safari/537.36"
109.239.43.149 - cmsadmin [17/Apr/2022:18:54:15 +0000] "GET /aws/notifications?last_notification=1650221655.181704 HTTP/1.1" 200 2 "http://18.159.94.175/aws/task/4" "Mozilla/5.0 (Windows NT 10.0; Win64; x64) AppleWebKit/537.36 (KHTML, like Gecko) Chrome/100.0.4896.88 Safari/537.36"
18.159.55.216 - cmsadmin [17/Apr/2022:18:54:18 +0000] "GET /aws/notifications?last_notification=1650221436.284796 HTTP/1.1" 304 0 "http://18.159.94.175/aws/contest/2/tasks" "Mozilla/5.0 (X11; Linux x86_64) AppleWebKit/537.36 (KHTML, like Gecko) Chrome/100.0.4896.88 Safari/537.36"
18.159.55.216 - - [17/Apr/2022:18:54:30 +0000] "GET /notifications HTTP/1.1" 304 0 "http://18.159.94.175/tasks/sum-coloring/description" "Mozilla/5.0 (X11; Linux x86_64) AppleWebKit/537.36 (KHTML, like Gecko) Chrome/100.0.4896.88 Safari/537.36"
109.239.43.149 - cmsadmin [17/Apr/2022:18:54:30 +0000] "GET /aws/notifications?last_notification=1650221655.181704 HTTP/1.1" 304 0 "http://18.159.94.175/aws/task/4" "Mozilla/5.0 (Windows NT 10.0; Win64; x64) AppleWebKit/537.36 (KHTML, like Gecko) Chrome/100.0.4896.88 Safari/537.36"
18.159.55.216 - cmsadmin [17/Apr/2022:18:54:33 +0000] "GET /aws/notifications?last_notification=1650221436.284796 HTTP/1.1" 304 0 "http://18.159.94.175/aws/contest/2/tasks" "Mozilla/5.0 (X11; Linux x86_64) AppleWebKit/537.36 (KHTML, like Gecko) Chrome/100.0.4896.88 Safari/537.36"
109.239.43.149 - - [17/Apr/2022:18:54:45 +0000] "GET / HTTP/1.1" 200 1439 "-" "Mozilla/5.0 (Windows NT 10.0; Win64; x64) AppleWebKit/537.36 (KHTML, like Gecko) Chrome/100.0.4896.88 Safari/537.36"
109.239.43.149 - cmsadmin [17/Apr/2022:18:54:46 +0000] "GET /aws/notifications?last_notification=1650221655.181704 HTTP/1.1" 304 0 "http://18.159.94.175/aws/task/4" "Mozilla/5.0 (Windows NT 10.0; Win64; x64) AppleWebKit/537.36 (KHTML, like Gecko) Chrome/100.0.4896.88 Safari/537.36"
18.159.55.216 - cmsadmin [17/Apr/2022:18:54:48 +0000] "GET /aws/notifications?last_notification=1650221436.284796 HTTP/1.1" 304 0 "http://18.159.94.175/aws/contest/2/tasks" "Mozilla/5.0 (X11; Linux x86_64) AppleWebKit/537.36 (KHTML, like Gecko) Chrome/100.0.4896.88 Safari/537.36"
109.239.43.149 - cmsadmin [17/Apr/2022:18:54:50 +0000] "GET /aws/contest/2/users HTTP/1.1" 200 1694 "http://18.159.94.175/aws/task/4" "Mozilla/5.0 (Windows NT 10.0; Win64; x64) AppleWebKit/537.36 (KHTML, like Gecko) Chrome/100.0.4896.88 Safari/537.36"
109.239.43.149 - cmsadmin [17/Apr/2022:18:54:50 +0000] "GET /aws/notifications?last_notification=1650221690.631991 HTTP/1.1" 200 2 "http://18.159.94.175/aws/contest/2/users" "Mozilla/5.0 (Windows NT 10.0; Win64; x64) AppleWebKit/537.36 (KHTML, like Gecko) Chrome/100.0.4896.88 Safari/537.36"
109.239.43.149 - cmsadmin [17/Apr/2022:18:54:53 +0000] "GET /aws/contest/2/user/1/edit HTTP/1.1" 200 5595 "http://18.159.94.175/aws/contest/2/users" "Mozilla/5.0 (Windows NT 10.0; Win64; x64) AppleWebKit/537.36 (KHTML, like Gecko) Chrome/100.0.4896.88 Safari/537.36"
109.239.43.149 - cmsadmin [17/Apr/2022:18:54:53 +0000] "GET /aws/notifications?last_notification=1650221692.960918 HTTP/1.1" 200 2 "http://18.159.94.175/aws/contest/2/user/1/edit" "Mozilla/5.0 (Windows NT 10.0; Win64; x64) AppleWebKit/537.36 (KHTML, like Gecko) Chrome/100.0.4896.88 Safari/537.36"
18.159.55.216 - - [17/Apr/2022:18:55:00 +0000] "GET /notifications HTTP/1.1" 304 0 "http://18.159.94.175/tasks/sum-coloring/description" "Mozilla/5.0 (X11; Linux x86_64) AppleWebKit/537.36 (KHTML, like Gecko) Chrome/100.0.4896.88 Safari/537.36"
18.159.55.216 - cmsadmin [17/Apr/2022:18:55:03 +0000] "GET /aws/notifications?last_notification=1650221436.284796 HTTP/1.1" 304 0 "http://18.159.94.175/aws/contest/2/tasks" "Mozilla/5.0 (X11; Linux x86_64) AppleWebKit/537.36 (KHTML, like Gecko) Chrome/100.0.4896.88 Safari/537.36"
109.239.43.149 - cmsadmin [17/Apr/2022:18:55:08 +0000] "GET /aws/notifications?last_notification=1650221692.960918 HTTP/1.1" 304 0 "http://18.159.94.175/aws/contest/2/user/1/edit" "Mozilla/5.0 (Windows NT 10.0; Win64; x64) AppleWebKit/537.36 (KHTML, like Gecko) Chrome/100.0.4896.88 Safari/537.36"
18.159.55.216 - cmsadmin [17/Apr/2022:18:55:18 +0000] "GET /aws/notifications?last_notification=1650221436.284796 HTTP/1.1" 304 0 "http://18.159.94.175/aws/contest/2/tasks" "Mozilla/5.0 (X11; Linux x86_64) AppleWebKit/537.36 (KHTML, like Gecko) Chrome/100.0.4896.88 Safari/537.36"
109.239.43.149 - cmsadmin [17/Apr/2022:18:55:23 +0000] "GET /aws/notifications?last_notification=1650221692.960918 HTTP/1.1" 304 0 "http://18.159.94.175/aws/contest/2/user/1/edit" "Mozilla/5.0 (Windows NT 10.0; Win64; x64) AppleWebKit/537.36 (KHTML, like Gecko) Chrome/100.0.4896.88 Safari/537.36"
18.159.55.216 - - [17/Apr/2022:18:55:30 +0000] "GET /notifications HTTP/1.1" 304 0 "http://18.159.94.175/tasks/sum-coloring/description" "Mozilla/5.0 (X11; Linux x86_64) AppleWebKit/537.36 (KHTML, like Gecko) Chrome/100.0.4896.88 Safari/537.36"
18.159.55.216 - cmsadmin [17/Apr/2022:18:55:33 +0000] "GET /aws/notifications?last_notification=1650221436.284796 HTTP/1.1" 304 0 "http://18.159.94.175/aws/contest/2/tasks" "Mozilla/5.0 (X11; Linux x86_64) AppleWebKit/537.36 (KHTML, like Gecko) Chrome/100.0.4896.88 Safari/537.36"
109.239.43.149 - cmsadmin [17/Apr/2022:18:55:38 +0000] "GET /aws/notifications?last_notification=1650221692.960918 HTTP/1.1" 304 0 "http://18.159.94.175/aws/contest/2/user/1/edit" "Mozilla/5.0 (Windows NT 10.0; Win64; x64) AppleWebKit/537.36 (KHTML, like Gecko) Chrome/100.0.4896.88 Safari/537.36"
18.159.55.216 - cmsadmin [17/Apr/2022:18:55:48 +0000] "GET /aws/notifications?last_notification=1650221436.284796 HTTP/1.1" 304 0 "http://18.159.94.175/aws/contest/2/tasks" "Mozilla/5.0 (X11; Linux x86_64) AppleWebKit/537.36 (KHTML, like Gecko) Chrome/100.0.4896.88 Safari/537.36"
109.239.43.149 - cmsadmin [17/Apr/2022:18:55:51 +0000] "GET /aws/user/1 HTTP/1.1" 200 2679 "http://18.159.94.175/aws/contest/2/user/1/edit" "Mozilla/5.0 (Windows NT 10.0; Win64; x64) AppleWebKit/537.36 (KHTML, like Gecko) Chrome/100.0.4896.88 Safari/537.36"
109.239.43.149 - cmsadmin [17/Apr/2022:18:55:51 +0000] "GET /aws/notifications?last_notification=1650221751.360458 HTTP/1.1" 200 2 "http://18.159.94.175/aws/user/1" "Mozilla/5.0 (Windows NT 10.0; Win64; x64) AppleWebKit/537.36 (KHTML, like Gecko) Chrome/100.0.4896.88 Safari/537.36"
18.159.55.216 - - [17/Apr/2022:18:56:03 +0000] "GET /notifications HTTP/1.1" 304 0 "http://18.159.94.175/tasks/sum-coloring/description" "Mozilla/5.0 (X11; Linux x86_64) AppleWebKit/537.36 (KHTML, like Gecko) Chrome/100.0.4896.88 Safari/537.36"
18.159.55.216 - cmsadmin [17/Apr/2022:18:56:03 +0000] "GET /aws/notifications?last_notification=1650221436.284796 HTTP/1.1" 304 0 "http://18.159.94.175/aws/contest/2/tasks" "Mozilla/5.0 (X11; Linux x86_64) AppleWebKit/537.36 (KHTML, like Gecko) Chrome/100.0.4896.88 Safari/537.36"
109.239.43.149 - cmsadmin [17/Apr/2022:18:56:06 +0000] "GET /aws/notifications?last_notification=1650221751.360458 HTTP/1.1" 304 0 "http://18.159.94.175/aws/user/1" "Mozilla/5.0 (Windows NT 10.0; Win64; x64) AppleWebKit/537.36 (KHTML, like Gecko) Chrome/100.0.4896.88 Safari/537.36"
185.254.196.217 - - [17/Apr/2022:18:56:18 +0000] "GET /.env HTTP/1.1" 404 74 "-" "Mozilla/5.0 (X11; Linux x86_64) AppleWebKit/537.36 (KHTML, like Gecko) Chrome/81.0.4044.129 Safari/537.36"
185.254.196.217 - - [17/Apr/2022:18:56:18 +0000] "POST / HTTP/1.1" 403 64 "-" "Mozilla/5.0 (X11; Linux x86_64) AppleWebKit/537.36 (KHTML, like Gecko) Chrome/81.0.4044.129 Safari/537.36"
18.159.55.216 - cmsadmin [17/Apr/2022:18:56:18 +0000] "GET /aws/notifications?last_notification=1650221436.284796 HTTP/1.1" 304 0 "http://18.159.94.175/aws/contest/2/tasks" "Mozilla/5.0 (X11; Linux x86_64) AppleWebKit/537.36 (KHTML, like Gecko) Chrome/100.0.4896.88 Safari/537.36"
109.239.43.149 - cmsadmin [17/Apr/2022:18:56:21 +0000] "GET /aws/notifications?last_notification=1650221751.360458 HTTP/1.1" 304 0 "http://18.159.94.175/aws/user/1" "Mozilla/5.0 (Windows NT 10.0; Win64; x64) AppleWebKit/537.36 (KHTML, like Gecko) Chrome/100.0.4896.88 Safari/537.36"
18.159.55.216 - cmsadmin [17/Apr/2022:18:56:33 +0000] "GET /aws/notifications?last_notification=1650221436.284796 HTTP/1.1" 304 0 "http://18.159.94.175/aws/contest/2/tasks" "Mozilla/5.0 (X11; Linux x86_64) AppleWebKit/537.36 (KHTML, like Gecko) Chrome/100.0.4896.88 Safari/537.36"
109.239.43.149 - - [17/Apr/2022:18:56:34 +0000] "POST /login HTTP/1.1" 302 0 "http://18.159.94.175/" "Mozilla/5.0 (Windows NT 10.0; Win64; x64) AppleWebKit/537.36 (KHTML, like Gecko) Chrome/100.0.4896.88 Safari/537.36"
109.239.43.149 - - [17/Apr/2022:18:56:35 +0000] "GET / HTTP/1.1" 200 2792 "http://18.159.94.175/" "Mozilla/5.0 (Windows NT 10.0; Win64; x64) AppleWebKit/537.36 (KHTML, like Gecko) Chrome/100.0.4896.88 Safari/537.36"
109.239.43.149 - - [17/Apr/2022:18:56:36 +0000] "GET /notifications HTTP/1.1" 200 2 "http://18.159.94.175/" "Mozilla/5.0 (Windows NT 10.0; Win64; x64) AppleWebKit/537.36 (KHTML, like Gecko) Chrome/100.0.4896.88 Safari/537.36"
109.239.43.149 - cmsadmin [17/Apr/2022:18:56:37 +0000] "GET /aws/notifications?last_notification=1650221751.360458 HTTP/1.1" 304 0 "http://18.159.94.175/aws/user/1" "Mozilla/5.0 (Windows NT 10.0; Win64; x64) AppleWebKit/537.36 (KHTML, like Gecko) Chrome/100.0.4896.88 Safari/537.36"
109.239.43.149 - cmsadmin [17/Apr/2022:18:56:52 +0000] "GET /aws/notifications?last_notification=1650221751.360458 HTTP/1.1" 304 0 "http://18.159.94.175/aws/user/1" "Mozilla/5.0 (Windows NT 10.0; Win64; x64) AppleWebKit/537.36 (KHTML, like Gecko) Chrome/100.0.4896.88 Safari/537.36"
18.159.55.216 - cmsadmin [17/Apr/2022:18:57:02 +0000] "GET /aws/notifications?last_notification=1650221436.284796 HTTP/1.1" 304 0 "http://18.159.94.175/aws/contest/2/tasks" "Mozilla/5.0 (X11; Linux x86_64) AppleWebKit/537.36 (KHTML, like Gecko) Chrome/100.0.4896.88 Safari/537.36"
18.159.55.216 - - [17/Apr/2022:18:57:03 +0000] "GET /notifications HTTP/1.1" 304 0 "http://18.159.94.175/tasks/sum-coloring/description" "Mozilla/5.0 (X11; Linux x86_64) AppleWebKit/537.36 (KHTML, like Gecko) Chrome/100.0.4896.88 Safari/537.36"
109.239.43.149 - - [17/Apr/2022:18:57:06 +0000] "GET /notifications HTTP/1.1" 304 0 "http://18.159.94.175/" "Mozilla/5.0 (Windows NT 10.0; Win64; x64) AppleWebKit/537.36 (KHTML, like Gecko) Chrome/100.0.4896.88 Safari/537.36"
109.239.43.149 - cmsadmin [17/Apr/2022:18:57:07 +0000] "GET /aws/notifications?last_notification=1650221751.360458 HTTP/1.1" 304 0 "http://18.159.94.175/aws/user/1" "Mozilla/5.0 (Windows NT 10.0; Win64; x64) AppleWebKit/537.36 (KHTML, like Gecko) Chrome/100.0.4896.88 Safari/537.36"
109.239.43.149 - - [17/Apr/2022:18:57:17 +0000] "GET /tasks/each-mex/submissions HTTP/1.1" 200 4622 "http://18.159.94.175/" "Mozilla/5.0 (Windows NT 10.0; Win64; x64) AppleWebKit/537.36 (KHTML, like Gecko) Chrome/100.0.4896.88 Safari/537.36"
109.239.43.149 - - [17/Apr/2022:18:57:18 +0000] "GET /notifications HTTP/1.1" 304 0 "http://18.159.94.175/tasks/each-mex/submissions" "Mozilla/5.0 (Windows NT 10.0; Win64; x64) AppleWebKit/537.36 (KHTML, like Gecko) Chrome/100.0.4896.88 Safari/537.36"
109.239.43.149 - cmsadmin [17/Apr/2022:18:57:22 +0000] "GET /aws/notifications?last_notification=1650221751.360458 HTTP/1.1" 304 0 "http://18.159.94.175/aws/user/1" "Mozilla/5.0 (Windows NT 10.0; Win64; x64) AppleWebKit/537.36 (KHTML, like Gecko) Chrome/100.0.4896.88 Safari/537.36"
109.239.43.149 - - [17/Apr/2022:18:57:26 +0000] "POST /tasks/each-mex/submit HTTP/1.1" 302 0 "http://18.159.94.175/tasks/each-mex/submissions" "Mozilla/5.0 (Windows NT 10.0; Win64; x64) AppleWebKit/537.36 (KHTML, like Gecko) Chrome/100.0.4896.88 Safari/537.36"
109.239.43.149 - - [17/Apr/2022:18:57:26 +0000] "GET /tasks/each-mex/submissions?submission_id=PWNyzDyd7DDS-gq6yDrHoxgWDBSuHa1Vm8qNcO3L39E. HTTP/1.1" 200 4693 "http://18.159.94.175/tasks/each-mex/submissions" "Mozilla/5.0 (Windows NT 10.0; Win64; x64) AppleWebKit/537.36 (KHTML, like Gecko) Chrome/100.0.4896.88 Safari/537.36"
109.239.43.149 - - [17/Apr/2022:18:57:26 +0000] "GET /static/loading.gif HTTP/1.1" 200 673 "http://18.159.94.175/tasks/each-mex/submissions?submission_id=PWNyzDyd7DDS-gq6yDrHoxgWDBSuHa1Vm8qNcO3L39E." "Mozilla/5.0 (Windows NT 10.0; Win64; x64) AppleWebKit/537.36 (KHTML, like Gecko) Chrome/100.0.4896.88 Safari/537.36"
109.239.43.149 - - [17/Apr/2022:18:57:27 +0000] "GET /notifications HTTP/1.1" 200 202 "http://18.159.94.175/tasks/each-mex/submissions?submission_id=PWNyzDyd7DDS-gq6yDrHoxgWDBSuHa1Vm8qNcO3L39E." "Mozilla/5.0 (Windows NT 10.0; Win64; x64) AppleWebKit/537.36 (KHTML, like Gecko) Chrome/100.0.4896.88 Safari/537.36"
109.239.43.149 - - [17/Apr/2022:18:57:28 +0000] "GET /tasks/each-mex/submissions/2 HTTP/1.1" 200 90 "http://18.159.94.175/tasks/each-mex/submissions?submission_id=PWNyzDyd7DDS-gq6yDrHoxgWDBSuHa1Vm8qNcO3L39E." "Mozilla/5.0 (Windows NT 10.0; Win64; x64) AppleWebKit/537.36 (KHTML, like Gecko) Chrome/100.0.4896.88 Safari/537.36"
109.239.43.149 - - [17/Apr/2022:18:57:28 +0000] "GET /tasks/each-mex/submissions?submission_id=PWNyzDyd7DDS-gq6yDrHoxgWDBSuHa1Vm8qNcO3L39E. HTTP/1.1" 200 4688 "http://18.159.94.175/tasks/each-mex/submissions" "Mozilla/5.0 (Windows NT 10.0; Win64; x64) AppleWebKit/537.36 (KHTML, like Gecko) Chrome/100.0.4896.88 Safari/537.36"
109.239.43.149 - - [17/Apr/2022:18:57:29 +0000] "GET /notifications HTTP/1.1" 200 2 "http://18.159.94.175/tasks/each-mex/submissions?submission_id=PWNyzDyd7DDS-gq6yDrHoxgWDBSuHa1Vm8qNcO3L39E." "Mozilla/5.0 (Windows NT 10.0; Win64; x64) AppleWebKit/537.36 (KHTML, like Gecko) Chrome/100.0.4896.88 Safari/537.36"
109.239.43.149 - - [17/Apr/2022:18:57:29 +0000] "GET /tasks/each-mex/submissions?submission_id=PWNyzDyd7DDS-gq6yDrHoxgWDBSuHa1Vm8qNcO3L39E. HTTP/1.1" 200 4694 "http://18.159.94.175/tasks/each-mex/submissions" "Mozilla/5.0 (Windows NT 10.0; Win64; x64) AppleWebKit/537.36 (KHTML, like Gecko) Chrome/100.0.4896.88 Safari/537.36"
109.239.43.149 - - [17/Apr/2022:18:57:30 +0000] "GET /notifications HTTP/1.1" 304 0 "http://18.159.94.175/tasks/each-mex/submissions?submission_id=PWNyzDyd7DDS-gq6yDrHoxgWDBSuHa1Vm8qNcO3L39E." "Mozilla/5.0 (Windows NT 10.0; Win64; x64) AppleWebKit/537.36 (KHTML, like Gecko) Chrome/100.0.4896.88 Safari/537.36"
109.239.43.149 - - [17/Apr/2022:18:57:30 +0000] "GET /tasks/each-mex/submissions?submission_id=PWNyzDyd7DDS-gq6yDrHoxgWDBSuHa1Vm8qNcO3L39E. HTTP/1.1" 200 4677 "http://18.159.94.175/tasks/each-mex/submissions" "Mozilla/5.0 (Windows NT 10.0; Win64; x64) AppleWebKit/537.36 (KHTML, like Gecko) Chrome/100.0.4896.88 Safari/537.36"
109.239.43.149 - - [17/Apr/2022:18:57:31 +0000] "GET /notifications HTTP/1.1" 304 0 "http://18.159.94.175/tasks/each-mex/submissions?submission_id=PWNyzDyd7DDS-gq6yDrHoxgWDBSuHa1Vm8qNcO3L39E." "Mozilla/5.0 (Windows NT 10.0; Win64; x64) AppleWebKit/537.36 (KHTML, like Gecko) Chrome/100.0.4896.88 Safari/537.36"
109.239.43.149 - - [17/Apr/2022:18:57:31 +0000] "GET /tasks/each-mex/submissions?submission_id=PWNyzDyd7DDS-gq6yDrHoxgWDBSuHa1Vm8qNcO3L39E. HTTP/1.1" 200 4680 "http://18.159.94.175/tasks/each-mex/submissions" "Mozilla/5.0 (Windows NT 10.0; Win64; x64) AppleWebKit/537.36 (KHTML, like Gecko) Chrome/100.0.4896.88 Safari/537.36"
109.239.43.149 - - [17/Apr/2022:18:57:32 +0000] "GET /notifications HTTP/1.1" 304 0 "http://18.159.94.175/tasks/each-mex/submissions?submission_id=PWNyzDyd7DDS-gq6yDrHoxgWDBSuHa1Vm8qNcO3L39E." "Mozilla/5.0 (Windows NT 10.0; Win64; x64) AppleWebKit/537.36 (KHTML, like Gecko) Chrome/100.0.4896.88 Safari/537.36"
109.239.43.149 - - [17/Apr/2022:18:57:32 +0000] "GET /tasks/each-mex/submissions?submission_id=PWNyzDyd7DDS-gq6yDrHoxgWDBSuHa1Vm8qNcO3L39E. HTTP/1.1" 200 4680 "http://18.159.94.175/tasks/each-mex/submissions" "Mozilla/5.0 (Windows NT 10.0; Win64; x64) AppleWebKit/537.36 (KHTML, like Gecko) Chrome/100.0.4896.88 Safari/537.36"
109.239.43.149 - - [17/Apr/2022:18:57:33 +0000] "GET /notifications HTTP/1.1" 304 0 "http://18.159.94.175/tasks/each-mex/submissions?submission_id=PWNyzDyd7DDS-gq6yDrHoxgWDBSuHa1Vm8qNcO3L39E." "Mozilla/5.0 (Windows NT 10.0; Win64; x64) AppleWebKit/537.36 (KHTML, like Gecko) Chrome/100.0.4896.88 Safari/537.36"
109.239.43.149 - - [17/Apr/2022:18:57:34 +0000] "GET /tasks/each-mex/submissions/2 HTTP/1.1" 200 83 "http://18.159.94.175/tasks/each-mex/submissions?submission_id=PWNyzDyd7DDS-gq6yDrHoxgWDBSuHa1Vm8qNcO3L39E." "Mozilla/5.0 (Windows NT 10.0; Win64; x64) AppleWebKit/537.36 (KHTML, like Gecko) Chrome/100.0.4896.88 Safari/537.36"
109.239.43.149 - - [17/Apr/2022:18:57:34 +0000] "GET /tasks/each-mex/submissions?submission_id=PWNyzDyd7DDS-gq6yDrHoxgWDBSuHa1Vm8qNcO3L39E. HTTP/1.1" 200 4680 "http://18.159.94.175/tasks/each-mex/submissions" "Mozilla/5.0 (Windows NT 10.0; Win64; x64) AppleWebKit/537.36 (KHTML, like Gecko) Chrome/100.0.4896.88 Safari/537.36"
109.239.43.149 - - [17/Apr/2022:18:57:35 +0000] "GET /notifications HTTP/1.1" 304 0 "http://18.159.94.175/tasks/each-mex/submissions?submission_id=PWNyzDyd7DDS-gq6yDrHoxgWDBSuHa1Vm8qNcO3L39E." "Mozilla/5.0 (Windows NT 10.0; Win64; x64) AppleWebKit/537.36 (KHTML, like Gecko) Chrome/100.0.4896.88 Safari/537.36"
109.239.43.149 - - [17/Apr/2022:18:57:35 +0000] "GET /tasks/each-mex/submissions?submission_id=PWNyzDyd7DDS-gq6yDrHoxgWDBSuHa1Vm8qNcO3L39E. HTTP/1.1" 200 4679 "http://18.159.94.175/tasks/each-mex/submissions" "Mozilla/5.0 (Windows NT 10.0; Win64; x64) AppleWebKit/537.36 (KHTML, like Gecko) Chrome/100.0.4896.88 Safari/537.36"
109.239.43.149 - - [17/Apr/2022:18:57:36 +0000] "GET /notifications HTTP/1.1" 304 0 "http://18.159.94.175/tasks/each-mex/submissions?submission_id=PWNyzDyd7DDS-gq6yDrHoxgWDBSuHa1Vm8qNcO3L39E." "Mozilla/5.0 (Windows NT 10.0; Win64; x64) AppleWebKit/537.36 (KHTML, like Gecko) Chrome/100.0.4896.88 Safari/537.36"
109.239.43.149 - - [17/Apr/2022:18:57:36 +0000] "GET /tasks/each-mex/submissions?submission_id=PWNyzDyd7DDS-gq6yDrHoxgWDBSuHa1Vm8qNcO3L39E. HTTP/1.1" 200 4680 "http://18.159.94.175/tasks/each-mex/submissions" "Mozilla/5.0 (Windows NT 10.0; Win64; x64) AppleWebKit/537.36 (KHTML, like Gecko) Chrome/100.0.4896.88 Safari/537.36"
109.239.43.149 - - [17/Apr/2022:18:57:37 +0000] "GET /notifications HTTP/1.1" 304 0 "http://18.159.94.175/tasks/each-mex/submissions?submission_id=PWNyzDyd7DDS-gq6yDrHoxgWDBSuHa1Vm8qNcO3L39E." "Mozilla/5.0 (Windows NT 10.0; Win64; x64) AppleWebKit/537.36 (KHTML, like Gecko) Chrome/100.0.4896.88 Safari/537.36"
109.239.43.149 - cmsadmin [17/Apr/2022:18:57:37 +0000] "GET /aws/notifications?last_notification=1650221751.360458 HTTP/1.1" 304 0 "http://18.159.94.175/aws/user/1" "Mozilla/5.0 (Windows NT 10.0; Win64; x64) AppleWebKit/537.36 (KHTML, like Gecko) Chrome/100.0.4896.88 Safari/537.36"
109.239.43.149 - - [17/Apr/2022:18:57:37 +0000] "GET /tasks/each-mex/submissions?submission_id=PWNyzDyd7DDS-gq6yDrHoxgWDBSuHa1Vm8qNcO3L39E. HTTP/1.1" 200 4678 "http://18.159.94.175/tasks/each-mex/submissions" "Mozilla/5.0 (Windows NT 10.0; Win64; x64) AppleWebKit/537.36 (KHTML, like Gecko) Chrome/100.0.4896.88 Safari/537.36"
109.239.43.149 - - [17/Apr/2022:18:57:38 +0000] "GET /notifications HTTP/1.1" 304 0 "http://18.159.94.175/tasks/each-mex/submissions?submission_id=PWNyzDyd7DDS-gq6yDrHoxgWDBSuHa1Vm8qNcO3L39E." "Mozilla/5.0 (Windows NT 10.0; Win64; x64) AppleWebKit/537.36 (KHTML, like Gecko) Chrome/100.0.4896.88 Safari/537.36"
109.239.43.149 - - [17/Apr/2022:18:57:38 +0000] "GET /tasks/each-mex/submissions?submission_id=PWNyzDyd7DDS-gq6yDrHoxgWDBSuHa1Vm8qNcO3L39E. HTTP/1.1" 200 4681 "http://18.159.94.175/tasks/each-mex/submissions" "Mozilla/5.0 (Windows NT 10.0; Win64; x64) AppleWebKit/537.36 (KHTML, like Gecko) Chrome/100.0.4896.88 Safari/537.36"
109.239.43.149 - - [17/Apr/2022:18:57:39 +0000] "GET /notifications HTTP/1.1" 304 0 "http://18.159.94.175/tasks/each-mex/submissions?submission_id=PWNyzDyd7DDS-gq6yDrHoxgWDBSuHa1Vm8qNcO3L39E." "Mozilla/5.0 (Windows NT 10.0; Win64; x64) AppleWebKit/537.36 (KHTML, like Gecko) Chrome/100.0.4896.88 Safari/537.36"
109.239.43.149 - - [17/Apr/2022:18:57:39 +0000] "GET /tasks/each-mex/submissions?submission_id=PWNyzDyd7DDS-gq6yDrHoxgWDBSuHa1Vm8qNcO3L39E. HTTP/1.1" 200 4676 "http://18.159.94.175/tasks/each-mex/submissions" "Mozilla/5.0 (Windows NT 10.0; Win64; x64) AppleWebKit/537.36 (KHTML, like Gecko) Chrome/100.0.4896.88 Safari/537.36"
109.239.43.149 - - [17/Apr/2022:18:57:40 +0000] "GET /notifications HTTP/1.1" 304 0 "http://18.159.94.175/tasks/each-mex/submissions?submission_id=PWNyzDyd7DDS-gq6yDrHoxgWDBSuHa1Vm8qNcO3L39E." "Mozilla/5.0 (Windows NT 10.0; Win64; x64) AppleWebKit/537.36 (KHTML, like Gecko) Chrome/100.0.4896.88 Safari/537.36"
109.239.43.149 - - [17/Apr/2022:18:57:40 +0000] "GET /tasks/each-mex/submissions?submission_id=PWNyzDyd7DDS-gq6yDrHoxgWDBSuHa1Vm8qNcO3L39E. HTTP/1.1" 200 4680 "http://18.159.94.175/tasks/each-mex/submissions" "Mozilla/5.0 (Windows NT 10.0; Win64; x64) AppleWebKit/537.36 (KHTML, like Gecko) Chrome/100.0.4896.88 Safari/537.36"
109.239.43.149 - - [17/Apr/2022:18:57:41 +0000] "GET /notifications HTTP/1.1" 304 0 "http://18.159.94.175/tasks/each-mex/submissions?submission_id=PWNyzDyd7DDS-gq6yDrHoxgWDBSuHa1Vm8qNcO3L39E." "Mozilla/5.0 (Windows NT 10.0; Win64; x64) AppleWebKit/537.36 (KHTML, like Gecko) Chrome/100.0.4896.88 Safari/537.36"
109.239.43.149 - - [17/Apr/2022:18:57:41 +0000] "GET /tasks/each-mex/submissions?submission_id=PWNyzDyd7DDS-gq6yDrHoxgWDBSuHa1Vm8qNcO3L39E. HTTP/1.1" 200 4677 "http://18.159.94.175/tasks/each-mex/submissions" "Mozilla/5.0 (Windows NT 10.0; Win64; x64) AppleWebKit/537.36 (KHTML, like Gecko) Chrome/100.0.4896.88 Safari/537.36"
109.239.43.149 - - [17/Apr/2022:18:57:42 +0000] "GET /notifications HTTP/1.1" 304 0 "http://18.159.94.175/tasks/each-mex/submissions?submission_id=PWNyzDyd7DDS-gq6yDrHoxgWDBSuHa1Vm8qNcO3L39E." "Mozilla/5.0 (Windows NT 10.0; Win64; x64) AppleWebKit/537.36 (KHTML, like Gecko) Chrome/100.0.4896.88 Safari/537.36"
109.239.43.149 - - [17/Apr/2022:18:57:42 +0000] "GET /tasks/each-mex/submissions?submission_id=PWNyzDyd7DDS-gq6yDrHoxgWDBSuHa1Vm8qNcO3L39E. HTTP/1.1" 200 4682 "http://18.159.94.175/tasks/each-mex/submissions" "Mozilla/5.0 (Windows NT 10.0; Win64; x64) AppleWebKit/537.36 (KHTML, like Gecko) Chrome/100.0.4896.88 Safari/537.36"
109.239.43.149 - - [17/Apr/2022:18:57:43 +0000] "GET /notifications HTTP/1.1" 304 0 "http://18.159.94.175/tasks/each-mex/submissions?submission_id=PWNyzDyd7DDS-gq6yDrHoxgWDBSuHa1Vm8qNcO3L39E." "Mozilla/5.0 (Windows NT 10.0; Win64; x64) AppleWebKit/537.36 (KHTML, like Gecko) Chrome/100.0.4896.88 Safari/537.36"
109.239.43.149 - - [17/Apr/2022:18:57:43 +0000] "GET /tasks/each-mex/submissions/1/details HTTP/1.1" 200 981 "http://18.159.94.175/tasks/each-mex/submissions?submission_id=PWNyzDyd7DDS-gq6yDrHoxgWDBSuHa1Vm8qNcO3L39E." "Mozilla/5.0 (Windows NT 10.0; Win64; x64) AppleWebKit/537.36 (KHTML, like Gecko) Chrome/100.0.4896.88 Safari/537.36"
109.239.43.149 - - [17/Apr/2022:18:57:44 +0000] "GET /tasks/each-mex/submissions/2 HTTP/1.1" 304 0 "http://18.159.94.175/tasks/each-mex/submissions?submission_id=PWNyzDyd7DDS-gq6yDrHoxgWDBSuHa1Vm8qNcO3L39E." "Mozilla/5.0 (Windows NT 10.0; Win64; x64) AppleWebKit/537.36 (KHTML, like Gecko) Chrome/100.0.4896.88 Safari/537.36"
109.239.43.149 - - [17/Apr/2022:18:57:46 +0000] "GET /tasks/each-mex/submissions/2 HTTP/1.1" 304 0 "http://18.159.94.175/tasks/each-mex/submissions?submission_id=PWNyzDyd7DDS-gq6yDrHoxgWDBSuHa1Vm8qNcO3L39E." "Mozilla/5.0 (Windows NT 10.0; Win64; x64) AppleWebKit/537.36 (KHTML, like Gecko) Chrome/100.0.4896.88 Safari/537.36"
109.239.43.149 - - [17/Apr/2022:18:57:48 +0000] "GET /tasks/each-mex/submissions/2 HTTP/1.1" 304 0 "http://18.159.94.175/tasks/each-mex/submissions?submission_id=PWNyzDyd7DDS-gq6yDrHoxgWDBSuHa1Vm8qNcO3L39E." "Mozilla/5.0 (Windows NT 10.0; Win64; x64) AppleWebKit/537.36 (KHTML, like Gecko) Chrome/100.0.4896.88 Safari/537.36"
109.239.43.149 - cmsadmin [17/Apr/2022:18:57:52 +0000] "GET /aws/notifications?last_notification=1650221751.360458 HTTP/1.1" 304 0 "http://18.159.94.175/aws/user/1" "Mozilla/5.0 (Windows NT 10.0; Win64; x64) AppleWebKit/537.36 (KHTML, like Gecko) Chrome/100.0.4896.88 Safari/537.36"
109.239.43.149 - - [17/Apr/2022:18:57:53 +0000] "GET /tasks/each-mex/submissions/2 HTTP/1.1" 200 181 "http://18.159.94.175/tasks/each-mex/submissions?submission_id=PWNyzDyd7DDS-gq6yDrHoxgWDBSuHa1Vm8qNcO3L39E." "Mozilla/5.0 (Windows NT 10.0; Win64; x64) AppleWebKit/537.36 (KHTML, like Gecko) Chrome/100.0.4896.88 Safari/537.36"
109.239.43.149 - - [17/Apr/2022:18:57:59 +0000] "GET /tasks/each-mex/submissions/2/details HTTP/1.1" 200 1229 "http://18.159.94.175/tasks/each-mex/submissions?submission_id=PWNyzDyd7DDS-gq6yDrHoxgWDBSuHa1Vm8qNcO3L39E." "Mozilla/5.0 (Windows NT 10.0; Win64; x64) AppleWebKit/537.36 (KHTML, like Gecko) Chrome/100.0.4896.88 Safari/537.36"
18.159.55.216 - cmsadmin [17/Apr/2022:18:58:02 +0000] "GET /aws/notifications?last_notification=1650221436.284796 HTTP/1.1" 304 0 "http://18.159.94.175/aws/contest/2/tasks" "Mozilla/5.0 (X11; Linux x86_64) AppleWebKit/537.36 (KHTML, like Gecko) Chrome/100.0.4896.88 Safari/537.36"
18.159.55.216 - - [17/Apr/2022:18:58:03 +0000] "GET /notifications HTTP/1.1" 304 0 "http://18.159.94.175/tasks/sum-coloring/description" "Mozilla/5.0 (X11; Linux x86_64) AppleWebKit/537.36 (KHTML, like Gecko) Chrome/100.0.4896.88 Safari/537.36"
109.239.43.149 - cmsadmin [17/Apr/2022:18:58:07 +0000] "GET /aws/notifications?last_notification=1650221751.360458 HTTP/1.1" 304 0 "http://18.159.94.175/aws/user/1" "Mozilla/5.0 (Windows NT 10.0; Win64; x64) AppleWebKit/537.36 (KHTML, like Gecko) Chrome/100.0.4896.88 Safari/537.36"
109.239.43.149 - - [17/Apr/2022:18:58:10 +0000] "POST /tasks/each-mex/submit HTTP/1.1" 302 0 "http://18.159.94.175/tasks/each-mex/submissions?submission_id=PWNyzDyd7DDS-gq6yDrHoxgWDBSuHa1Vm8qNcO3L39E." "Mozilla/5.0 (Windows NT 10.0; Win64; x64) AppleWebKit/537.36 (KHTML, like Gecko) Chrome/100.0.4896.88 Safari/537.36"
109.239.43.149 - - [17/Apr/2022:18:58:10 +0000] "GET /tasks/each-mex/submissions?submission_id=CVrN7x5PXgzl7dnIJwn59IwH5yCjP5a4cEJSQyaZemg. HTTP/1.1" 200 4707 "http://18.159.94.175/tasks/each-mex/submissions?submission_id=PWNyzDyd7DDS-gq6yDrHoxgWDBSuHa1Vm8qNcO3L39E." "Mozilla/5.0 (Windows NT 10.0; Win64; x64) AppleWebKit/537.36 (KHTML, like Gecko) Chrome/100.0.4896.88 Safari/537.36"
109.239.43.149 - - [17/Apr/2022:18:58:11 +0000] "GET /notifications HTTP/1.1" 200 202 "http://18.159.94.175/tasks/each-mex/submissions?submission_id=CVrN7x5PXgzl7dnIJwn59IwH5yCjP5a4cEJSQyaZemg." "Mozilla/5.0 (Windows NT 10.0; Win64; x64) AppleWebKit/537.36 (KHTML, like Gecko) Chrome/100.0.4896.88 Safari/537.36"
109.239.43.149 - - [17/Apr/2022:18:58:12 +0000] "GET /tasks/each-mex/submissions/3 HTTP/1.1" 200 90 "http://18.159.94.175/tasks/each-mex/submissions?submission_id=CVrN7x5PXgzl7dnIJwn59IwH5yCjP5a4cEJSQyaZemg." "Mozilla/5.0 (Windows NT 10.0; Win64; x64) AppleWebKit/537.36 (KHTML, like Gecko) Chrome/100.0.4896.88 Safari/537.36"
109.239.43.149 - - [17/Apr/2022:18:58:13 +0000] "GET /tasks/each-mex/submissions?submission_id=CVrN7x5PXgzl7dnIJwn59IwH5yCjP5a4cEJSQyaZemg. HTTP/1.1" 200 4706 "http://18.159.94.175/tasks/each-mex/submissions?submission_id=PWNyzDyd7DDS-gq6yDrHoxgWDBSuHa1Vm8qNcO3L39E." "Mozilla/5.0 (Windows NT 10.0; Win64; x64) AppleWebKit/537.36 (KHTML, like Gecko) Chrome/100.0.4896.88 Safari/537.36"
109.239.43.149 - - [17/Apr/2022:18:58:13 +0000] "GET /notifications HTTP/1.1" 200 2 "http://18.159.94.175/tasks/each-mex/submissions?submission_id=CVrN7x5PXgzl7dnIJwn59IwH5yCjP5a4cEJSQyaZemg." "Mozilla/5.0 (Windows NT 10.0; Win64; x64) AppleWebKit/537.36 (KHTML, like Gecko) Chrome/100.0.4896.88 Safari/537.36"
109.239.43.149 - - [17/Apr/2022:18:58:14 +0000] "GET /tasks/each-mex/submissions?submission_id=CVrN7x5PXgzl7dnIJwn59IwH5yCjP5a4cEJSQyaZemg. HTTP/1.1" 200 4692 "http://18.159.94.175/tasks/each-mex/submissions?submission_id=PWNyzDyd7DDS-gq6yDrHoxgWDBSuHa1Vm8qNcO3L39E." "Mozilla/5.0 (Windows NT 10.0; Win64; x64) AppleWebKit/537.36 (KHTML, like Gecko) Chrome/100.0.4896.88 Safari/537.36"
109.239.43.149 - - [17/Apr/2022:18:58:14 +0000] "GET /tasks/each-mex/submissions/3 HTTP/1.1" 499 0 "http://18.159.94.175/tasks/each-mex/submissions?submission_id=CVrN7x5PXgzl7dnIJwn59IwH5yCjP5a4cEJSQyaZemg." "Mozilla/5.0 (Windows NT 10.0; Win64; x64) AppleWebKit/537.36 (KHTML, like Gecko) Chrome/100.0.4896.88 Safari/537.36"
109.239.43.149 - - [17/Apr/2022:18:58:15 +0000] "GET /notifications HTTP/1.1" 304 0 "http://18.159.94.175/tasks/each-mex/submissions?submission_id=CVrN7x5PXgzl7dnIJwn59IwH5yCjP5a4cEJSQyaZemg." "Mozilla/5.0 (Windows NT 10.0; Win64; x64) AppleWebKit/537.36 (KHTML, like Gecko) Chrome/100.0.4896.88 Safari/537.36"
109.239.43.149 - - [17/Apr/2022:18:58:15 +0000] "GET /tasks/each-mex/submissions?submission_id=CVrN7x5PXgzl7dnIJwn59IwH5yCjP5a4cEJSQyaZemg. HTTP/1.1" 200 4692 "http://18.159.94.175/tasks/each-mex/submissions?submission_id=PWNyzDyd7DDS-gq6yDrHoxgWDBSuHa1Vm8qNcO3L39E." "Mozilla/5.0 (Windows NT 10.0; Win64; x64) AppleWebKit/537.36 (KHTML, like Gecko) Chrome/100.0.4896.88 Safari/537.36"
109.239.43.149 - - [17/Apr/2022:18:58:15 +0000] "GET /tasks/each-mex/submissions/3 HTTP/1.1" 499 0 "http://18.159.94.175/tasks/each-mex/submissions?submission_id=CVrN7x5PXgzl7dnIJwn59IwH5yCjP5a4cEJSQyaZemg." "Mozilla/5.0 (Windows NT 10.0; Win64; x64) AppleWebKit/537.36 (KHTML, like Gecko) Chrome/100.0.4896.88 Safari/537.36"
109.239.43.149 - - [17/Apr/2022:18:58:16 +0000] "GET /notifications HTTP/1.1" 304 0 "http://18.159.94.175/tasks/each-mex/submissions?submission_id=CVrN7x5PXgzl7dnIJwn59IwH5yCjP5a4cEJSQyaZemg." "Mozilla/5.0 (Windows NT 10.0; Win64; x64) AppleWebKit/537.36 (KHTML, like Gecko) Chrome/100.0.4896.88 Safari/537.36"
109.239.43.149 - - [17/Apr/2022:18:58:17 +0000] "GET /tasks/each-mex/submissions/3 HTTP/1.1" 200 83 "http://18.159.94.175/tasks/each-mex/submissions?submission_id=CVrN7x5PXgzl7dnIJwn59IwH5yCjP5a4cEJSQyaZemg." "Mozilla/5.0 (Windows NT 10.0; Win64; x64) AppleWebKit/537.36 (KHTML, like Gecko) Chrome/100.0.4896.88 Safari/537.36"
109.239.43.149 - - [17/Apr/2022:18:58:17 +0000] "GET /tasks/each-mex/submissions?submission_id=CVrN7x5PXgzl7dnIJwn59IwH5yCjP5a4cEJSQyaZemg. HTTP/1.1" 200 4692 "http://18.159.94.175/tasks/each-mex/submissions?submission_id=PWNyzDyd7DDS-gq6yDrHoxgWDBSuHa1Vm8qNcO3L39E." "Mozilla/5.0 (Windows NT 10.0; Win64; x64) AppleWebKit/537.36 (KHTML, like Gecko) Chrome/100.0.4896.88 Safari/537.36"
109.239.43.149 - - [17/Apr/2022:18:58:18 +0000] "GET /notifications HTTP/1.1" 304 0 "http://18.159.94.175/tasks/each-mex/submissions?submission_id=CVrN7x5PXgzl7dnIJwn59IwH5yCjP5a4cEJSQyaZemg." "Mozilla/5.0 (Windows NT 10.0; Win64; x64) AppleWebKit/537.36 (KHTML, like Gecko) Chrome/100.0.4896.88 Safari/537.36"
109.239.43.149 - - [17/Apr/2022:18:58:19 +0000] "GET /tasks/each-mex/submissions/3 HTTP/1.1" 304 0 "http://18.159.94.175/tasks/each-mex/submissions?submission_id=CVrN7x5PXgzl7dnIJwn59IwH5yCjP5a4cEJSQyaZemg." "Mozilla/5.0 (Windows NT 10.0; Win64; x64) AppleWebKit/537.36 (KHTML, like Gecko) Chrome/100.0.4896.88 Safari/537.36"
109.239.43.149 - - [17/Apr/2022:18:58:19 +0000] "GET /tasks/each-mex/submissions?submission_id=CVrN7x5PXgzl7dnIJwn59IwH5yCjP5a4cEJSQyaZemg. HTTP/1.1" 200 4693 "http://18.159.94.175/tasks/each-mex/submissions?submission_id=PWNyzDyd7DDS-gq6yDrHoxgWDBSuHa1Vm8qNcO3L39E." "Mozilla/5.0 (Windows NT 10.0; Win64; x64) AppleWebKit/537.36 (KHTML, like Gecko) Chrome/100.0.4896.88 Safari/537.36"
109.239.43.149 - - [17/Apr/2022:18:58:19 +0000] "GET /notifications HTTP/1.1" 304 0 "http://18.159.94.175/tasks/each-mex/submissions?submission_id=CVrN7x5PXgzl7dnIJwn59IwH5yCjP5a4cEJSQyaZemg." "Mozilla/5.0 (Windows NT 10.0; Win64; x64) AppleWebKit/537.36 (KHTML, like Gecko) Chrome/100.0.4896.88 Safari/537.36"
109.239.43.149 - - [17/Apr/2022:18:58:20 +0000] "GET /tasks/each-mex/submissions/3 HTTP/1.1" 304 0 "http://18.159.94.175/tasks/each-mex/submissions?submission_id=CVrN7x5PXgzl7dnIJwn59IwH5yCjP5a4cEJSQyaZemg." "Mozilla/5.0 (Windows NT 10.0; Win64; x64) AppleWebKit/537.36 (KHTML, like Gecko) Chrome/100.0.4896.88 Safari/537.36"
109.239.43.149 - - [17/Apr/2022:18:58:20 +0000] "GET /tasks/each-mex/submissions?submission_id=CVrN7x5PXgzl7dnIJwn59IwH5yCjP5a4cEJSQyaZemg. HTTP/1.1" 200 4693 "http://18.159.94.175/tasks/each-mex/submissions?submission_id=PWNyzDyd7DDS-gq6yDrHoxgWDBSuHa1Vm8qNcO3L39E." "Mozilla/5.0 (Windows NT 10.0; Win64; x64) AppleWebKit/537.36 (KHTML, like Gecko) Chrome/100.0.4896.88 Safari/537.36"
109.239.43.149 - - [17/Apr/2022:18:58:22 +0000] "GET /notifications HTTP/1.1" 304 0 "http://18.159.94.175/tasks/each-mex/submissions?submission_id=CVrN7x5PXgzl7dnIJwn59IwH5yCjP5a4cEJSQyaZemg." "Mozilla/5.0 (Windows NT 10.0; Win64; x64) AppleWebKit/537.36 (KHTML, like Gecko) Chrome/100.0.4896.88 Safari/537.36"
109.239.43.149 - - [17/Apr/2022:18:58:22 +0000] "GET /tasks/each-mex/submissions?submission_id=CVrN7x5PXgzl7dnIJwn59IwH5yCjP5a4cEJSQyaZemg. HTTP/1.1" 200 4691 "http://18.159.94.175/tasks/each-mex/submissions?submission_id=PWNyzDyd7DDS-gq6yDrHoxgWDBSuHa1Vm8qNcO3L39E." "Mozilla/5.0 (Windows NT 10.0; Win64; x64) AppleWebKit/537.36 (KHTML, like Gecko) Chrome/100.0.4896.88 Safari/537.36"
109.239.43.149 - - [17/Apr/2022:18:58:22 +0000] "GET /tasks/each-mex/submissions/3 HTTP/1.1" 499 0 "http://18.159.94.175/tasks/each-mex/submissions?submission_id=CVrN7x5PXgzl7dnIJwn59IwH5yCjP5a4cEJSQyaZemg." "Mozilla/5.0 (Windows NT 10.0; Win64; x64) AppleWebKit/537.36 (KHTML, like Gecko) Chrome/100.0.4896.88 Safari/537.36"
109.239.43.149 - cmsadmin [17/Apr/2022:18:58:22 +0000] "GET /aws/notifications?last_notification=1650221751.360458 HTTP/1.1" 304 0 "http://18.159.94.175/aws/user/1" "Mozilla/5.0 (Windows NT 10.0; Win64; x64) AppleWebKit/537.36 (KHTML, like Gecko) Chrome/100.0.4896.88 Safari/537.36"
109.239.43.149 - - [17/Apr/2022:18:58:22 +0000] "GET /notifications HTTP/1.1" 304 0 "http://18.159.94.175/tasks/each-mex/submissions?submission_id=CVrN7x5PXgzl7dnIJwn59IwH5yCjP5a4cEJSQyaZemg." "Mozilla/5.0 (Windows NT 10.0; Win64; x64) AppleWebKit/537.36 (KHTML, like Gecko) Chrome/100.0.4896.88 Safari/537.36"
109.239.43.149 - - [17/Apr/2022:18:58:23 +0000] "GET /tasks/each-mex/submissions?submission_id=CVrN7x5PXgzl7dnIJwn59IwH5yCjP5a4cEJSQyaZemg. HTTP/1.1" 200 4694 "http://18.159.94.175/tasks/each-mex/submissions?submission_id=PWNyzDyd7DDS-gq6yDrHoxgWDBSuHa1Vm8qNcO3L39E." "Mozilla/5.0 (Windows NT 10.0; Win64; x64) AppleWebKit/537.36 (KHTML, like Gecko) Chrome/100.0.4896.88 Safari/537.36"
109.239.43.149 - - [17/Apr/2022:18:58:23 +0000] "GET /notifications HTTP/1.1" 304 0 "http://18.159.94.175/tasks/each-mex/submissions?submission_id=CVrN7x5PXgzl7dnIJwn59IwH5yCjP5a4cEJSQyaZemg." "Mozilla/5.0 (Windows NT 10.0; Win64; x64) AppleWebKit/537.36 (KHTML, like Gecko) Chrome/100.0.4896.88 Safari/537.36"
109.239.43.149 - - [17/Apr/2022:18:58:24 +0000] "GET /tasks/each-mex/submissions/3 HTTP/1.1" 200 83 "http://18.159.94.175/tasks/each-mex/submissions?submission_id=CVrN7x5PXgzl7dnIJwn59IwH5yCjP5a4cEJSQyaZemg." "Mozilla/5.0 (Windows NT 10.0; Win64; x64) AppleWebKit/537.36 (KHTML, like Gecko) Chrome/100.0.4896.88 Safari/537.36"
109.239.43.149 - - [17/Apr/2022:18:58:24 +0000] "GET /tasks/each-mex/submissions?submission_id=CVrN7x5PXgzl7dnIJwn59IwH5yCjP5a4cEJSQyaZemg. HTTP/1.1" 200 4692 "http://18.159.94.175/tasks/each-mex/submissions?submission_id=PWNyzDyd7DDS-gq6yDrHoxgWDBSuHa1Vm8qNcO3L39E." "Mozilla/5.0 (Windows NT 10.0; Win64; x64) AppleWebKit/537.36 (KHTML, like Gecko) Chrome/100.0.4896.88 Safari/537.36"
109.239.43.149 - - [17/Apr/2022:18:58:25 +0000] "GET /notifications HTTP/1.1" 304 0 "http://18.159.94.175/tasks/each-mex/submissions?submission_id=CVrN7x5PXgzl7dnIJwn59IwH5yCjP5a4cEJSQyaZemg." "Mozilla/5.0 (Windows NT 10.0; Win64; x64) AppleWebKit/537.36 (KHTML, like Gecko) Chrome/100.0.4896.88 Safari/537.36"
109.239.43.149 - - [17/Apr/2022:18:58:26 +0000] "GET /tasks/each-mex/submissions/3 HTTP/1.1" 304 0 "http://18.159.94.175/tasks/each-mex/submissions?submission_id=CVrN7x5PXgzl7dnIJwn59IwH5yCjP5a4cEJSQyaZemg." "Mozilla/5.0 (Windows NT 10.0; Win64; x64) AppleWebKit/537.36 (KHTML, like Gecko) Chrome/100.0.4896.88 Safari/537.36"
109.239.43.149 - - [17/Apr/2022:18:58:26 +0000] "GET /tasks/each-mex/submissions?submission_id=CVrN7x5PXgzl7dnIJwn59IwH5yCjP5a4cEJSQyaZemg. HTTP/1.1" 200 4694 "http://18.159.94.175/tasks/each-mex/submissions?submission_id=PWNyzDyd7DDS-gq6yDrHoxgWDBSuHa1Vm8qNcO3L39E." "Mozilla/5.0 (Windows NT 10.0; Win64; x64) AppleWebKit/537.36 (KHTML, like Gecko) Chrome/100.0.4896.88 Safari/537.36"
109.239.43.149 - - [17/Apr/2022:18:58:27 +0000] "GET /notifications HTTP/1.1" 304 0 "http://18.159.94.175/tasks/each-mex/submissions?submission_id=CVrN7x5PXgzl7dnIJwn59IwH5yCjP5a4cEJSQyaZemg." "Mozilla/5.0 (Windows NT 10.0; Win64; x64) AppleWebKit/537.36 (KHTML, like Gecko) Chrome/100.0.4896.88 Safari/537.36"
109.239.43.149 - - [17/Apr/2022:18:58:27 +0000] "GET /tasks/each-mex/submissions?submission_id=CVrN7x5PXgzl7dnIJwn59IwH5yCjP5a4cEJSQyaZemg. HTTP/1.1" 200 4692 "http://18.159.94.175/tasks/each-mex/submissions?submission_id=PWNyzDyd7DDS-gq6yDrHoxgWDBSuHa1Vm8qNcO3L39E." "Mozilla/5.0 (Windows NT 10.0; Win64; x64) AppleWebKit/537.36 (KHTML, like Gecko) Chrome/100.0.4896.88 Safari/537.36"
109.239.43.149 - - [17/Apr/2022:18:58:27 +0000] "GET /tasks/each-mex/submissions/3 HTTP/1.1" 499 0 "http://18.159.94.175/tasks/each-mex/submissions?submission_id=CVrN7x5PXgzl7dnIJwn59IwH5yCjP5a4cEJSQyaZemg." "Mozilla/5.0 (Windows NT 10.0; Win64; x64) AppleWebKit/537.36 (KHTML, like Gecko) Chrome/100.0.4896.88 Safari/537.36"
109.239.43.149 - - [17/Apr/2022:18:58:28 +0000] "GET /notifications HTTP/1.1" 304 0 "http://18.159.94.175/tasks/each-mex/submissions?submission_id=CVrN7x5PXgzl7dnIJwn59IwH5yCjP5a4cEJSQyaZemg." "Mozilla/5.0 (Windows NT 10.0; Win64; x64) AppleWebKit/537.36 (KHTML, like Gecko) Chrome/100.0.4896.88 Safari/537.36"
109.239.43.149 - - [17/Apr/2022:18:58:29 +0000] "GET /tasks/each-mex/submissions/3 HTTP/1.1" 200 83 "http://18.159.94.175/tasks/each-mex/submissions?submission_id=CVrN7x5PXgzl7dnIJwn59IwH5yCjP5a4cEJSQyaZemg." "Mozilla/5.0 (Windows NT 10.0; Win64; x64) AppleWebKit/537.36 (KHTML, like Gecko) Chrome/100.0.4896.88 Safari/537.36"
109.239.43.149 - - [17/Apr/2022:18:58:29 +0000] "GET /tasks/each-mex/submissions?submission_id=CVrN7x5PXgzl7dnIJwn59IwH5yCjP5a4cEJSQyaZemg. HTTP/1.1" 200 4692 "http://18.159.94.175/tasks/each-mex/submissions?submission_id=PWNyzDyd7DDS-gq6yDrHoxgWDBSuHa1Vm8qNcO3L39E." "Mozilla/5.0 (Windows NT 10.0; Win64; x64) AppleWebKit/537.36 (KHTML, like Gecko) Chrome/100.0.4896.88 Safari/537.36"
109.239.43.149 - - [17/Apr/2022:18:58:29 +0000] "GET /notifications HTTP/1.1" 304 0 "http://18.159.94.175/tasks/each-mex/submissions?submission_id=CVrN7x5PXgzl7dnIJwn59IwH5yCjP5a4cEJSQyaZemg." "Mozilla/5.0 (Windows NT 10.0; Win64; x64) AppleWebKit/537.36 (KHTML, like Gecko) Chrome/100.0.4896.88 Safari/537.36"
109.239.43.149 - - [17/Apr/2022:18:58:31 +0000] "GET /tasks/each-mex/submissions/3 HTTP/1.1" 304 0 "http://18.159.94.175/tasks/each-mex/submissions?submission_id=CVrN7x5PXgzl7dnIJwn59IwH5yCjP5a4cEJSQyaZemg." "Mozilla/5.0 (Windows NT 10.0; Win64; x64) AppleWebKit/537.36 (KHTML, like Gecko) Chrome/100.0.4896.88 Safari/537.36"
109.239.43.149 - - [17/Apr/2022:18:58:31 +0000] "GET /tasks/each-mex/submissions?submission_id=CVrN7x5PXgzl7dnIJwn59IwH5yCjP5a4cEJSQyaZemg. HTTP/1.1" 200 4691 "http://18.159.94.175/tasks/each-mex/submissions?submission_id=PWNyzDyd7DDS-gq6yDrHoxgWDBSuHa1Vm8qNcO3L39E." "Mozilla/5.0 (Windows NT 10.0; Win64; x64) AppleWebKit/537.36 (KHTML, like Gecko) Chrome/100.0.4896.88 Safari/537.36"
109.239.43.149 - - [17/Apr/2022:18:58:31 +0000] "GET /notifications HTTP/1.1" 304 0 "http://18.159.94.175/tasks/each-mex/submissions?submission_id=CVrN7x5PXgzl7dnIJwn59IwH5yCjP5a4cEJSQyaZemg." "Mozilla/5.0 (Windows NT 10.0; Win64; x64) AppleWebKit/537.36 (KHTML, like Gecko) Chrome/100.0.4896.88 Safari/537.36"
109.239.43.149 - - [17/Apr/2022:18:58:32 +0000] "GET /tasks/each-mex/submissions?submission_id=CVrN7x5PXgzl7dnIJwn59IwH5yCjP5a4cEJSQyaZemg. HTTP/1.1" 200 4665 "http://18.159.94.175/tasks/each-mex/submissions?submission_id=PWNyzDyd7DDS-gq6yDrHoxgWDBSuHa1Vm8qNcO3L39E." "Mozilla/5.0 (Windows NT 10.0; Win64; x64) AppleWebKit/537.36 (KHTML, like Gecko) Chrome/100.0.4896.88 Safari/537.36"
109.239.43.149 - - [17/Apr/2022:18:58:32 +0000] "GET /tasks/each-mex/submissions/3 HTTP/1.1" 499 0 "http://18.159.94.175/tasks/each-mex/submissions?submission_id=CVrN7x5PXgzl7dnIJwn59IwH5yCjP5a4cEJSQyaZemg." "Mozilla/5.0 (Windows NT 10.0; Win64; x64) AppleWebKit/537.36 (KHTML, like Gecko) Chrome/100.0.4896.88 Safari/537.36"
109.239.43.149 - - [17/Apr/2022:18:58:33 +0000] "GET /notifications HTTP/1.1" 304 0 "http://18.159.94.175/tasks/each-mex/submissions?submission_id=CVrN7x5PXgzl7dnIJwn59IwH5yCjP5a4cEJSQyaZemg." "Mozilla/5.0 (Windows NT 10.0; Win64; x64) AppleWebKit/537.36 (KHTML, like Gecko) Chrome/100.0.4896.88 Safari/537.36"
109.239.43.149 - - [17/Apr/2022:18:58:35 +0000] "GET /tasks/each-mex/submissions/3/details HTTP/1.1" 200 1311 "http://18.159.94.175/tasks/each-mex/submissions?submission_id=CVrN7x5PXgzl7dnIJwn59IwH5yCjP5a4cEJSQyaZemg." "Mozilla/5.0 (Windows NT 10.0; Win64; x64) AppleWebKit/537.36 (KHTML, like Gecko) Chrome/100.0.4896.88 Safari/537.36"
109.239.43.149 - cmsadmin [17/Apr/2022:18:58:37 +0000] "GET /aws/notifications?last_notification=1650221751.360458 HTTP/1.1" 304 0 "http://18.159.94.175/aws/user/1" "Mozilla/5.0 (Windows NT 10.0; Win64; x64) AppleWebKit/537.36 (KHTML, like Gecko) Chrome/100.0.4896.88 Safari/537.36"
109.239.43.149 - cmsadmin [17/Apr/2022:18:58:52 +0000] "GET /aws/notifications?last_notification=1650221751.360458 HTTP/1.1" 304 0 "http://18.159.94.175/aws/user/1" "Mozilla/5.0 (Windows NT 10.0; Win64; x64) AppleWebKit/537.36 (KHTML, like Gecko) Chrome/100.0.4896.88 Safari/537.36"
109.239.43.149 - - [17/Apr/2022:18:58:52 +0000] "POST /tasks/each-mex/submit HTTP/1.1" 302 0 "http://18.159.94.175/tasks/each-mex/submissions?submission_id=CVrN7x5PXgzl7dnIJwn59IwH5yCjP5a4cEJSQyaZemg." "Mozilla/5.0 (Windows NT 10.0; Win64; x64) AppleWebKit/537.36 (KHTML, like Gecko) Chrome/100.0.4896.88 Safari/537.36"
109.239.43.149 - - [17/Apr/2022:18:58:53 +0000] "GET /tasks/each-mex/submissions?submission_id=0hMuG7590vBcUh4UQ51aWRa-3nsMhaFU9pJKl3VM-x8. HTTP/1.1" 200 4732 "http://18.159.94.175/tasks/each-mex/submissions?submission_id=CVrN7x5PXgzl7dnIJwn59IwH5yCjP5a4cEJSQyaZemg." "Mozilla/5.0 (Windows NT 10.0; Win64; x64) AppleWebKit/537.36 (KHTML, like Gecko) Chrome/100.0.4896.88 Safari/537.36"
109.239.43.149 - - [17/Apr/2022:18:58:53 +0000] "GET /notifications HTTP/1.1" 200 202 "http://18.159.94.175/tasks/each-mex/submissions?submission_id=0hMuG7590vBcUh4UQ51aWRa-3nsMhaFU9pJKl3VM-x8." "Mozilla/5.0 (Windows NT 10.0; Win64; x64) AppleWebKit/537.36 (KHTML, like Gecko) Chrome/100.0.4896.88 Safari/537.36"
109.239.43.149 - - [17/Apr/2022:18:58:54 +0000] "GET /tasks/each-mex/submissions/4 HTTP/1.1" 200 90 "http://18.159.94.175/tasks/each-mex/submissions?submission_id=0hMuG7590vBcUh4UQ51aWRa-3nsMhaFU9pJKl3VM-x8." "Mozilla/5.0 (Windows NT 10.0; Win64; x64) AppleWebKit/537.36 (KHTML, like Gecko) Chrome/100.0.4896.88 Safari/537.36"
109.239.43.149 - - [17/Apr/2022:18:58:56 +0000] "GET /tasks/each-mex/submissions/4 HTTP/1.1" 200 83 "http://18.159.94.175/tasks/each-mex/submissions?submission_id=0hMuG7590vBcUh4UQ51aWRa-3nsMhaFU9pJKl3VM-x8." "Mozilla/5.0 (Windows NT 10.0; Win64; x64) AppleWebKit/537.36 (KHTML, like Gecko) Chrome/100.0.4896.88 Safari/537.36"
109.239.43.149 - - [17/Apr/2022:18:58:57 +0000] "GET /tasks/each-mex/submissions?submission_id=0hMuG7590vBcUh4UQ51aWRa-3nsMhaFU9pJKl3VM-x8. HTTP/1.1" 200 4716 "http://18.159.94.175/tasks/each-mex/submissions?submission_id=CVrN7x5PXgzl7dnIJwn59IwH5yCjP5a4cEJSQyaZemg." "Mozilla/5.0 (Windows NT 10.0; Win64; x64) AppleWebKit/537.36 (KHTML, like Gecko) Chrome/100.0.4896.88 Safari/537.36"
109.239.43.149 - - [17/Apr/2022:18:58:58 +0000] "GET /notifications HTTP/1.1" 200 2 "http://18.159.94.175/tasks/each-mex/submissions?submission_id=0hMuG7590vBcUh4UQ51aWRa-3nsMhaFU9pJKl3VM-x8." "Mozilla/5.0 (Windows NT 10.0; Win64; x64) AppleWebKit/537.36 (KHTML, like Gecko) Chrome/100.0.4896.88 Safari/537.36"
109.239.43.149 - - [17/Apr/2022:18:58:58 +0000] "GET /tasks/each-mex/submissions?submission_id=0hMuG7590vBcUh4UQ51aWRa-3nsMhaFU9pJKl3VM-x8. HTTP/1.1" 200 4718 "http://18.159.94.175/tasks/each-mex/submissions?submission_id=CVrN7x5PXgzl7dnIJwn59IwH5yCjP5a4cEJSQyaZemg." "Mozilla/5.0 (Windows NT 10.0; Win64; x64) AppleWebKit/537.36 (KHTML, like Gecko) Chrome/100.0.4896.88 Safari/537.36"
109.239.43.149 - - [17/Apr/2022:18:58:59 +0000] "GET /tasks/each-mex/submissions/4 HTTP/1.1" 499 0 "http://18.159.94.175/tasks/each-mex/submissions?submission_id=0hMuG7590vBcUh4UQ51aWRa-3nsMhaFU9pJKl3VM-x8." "Mozilla/5.0 (Windows NT 10.0; Win64; x64) AppleWebKit/537.36 (KHTML, like Gecko) Chrome/100.0.4896.88 Safari/537.36"
109.239.43.149 - - [17/Apr/2022:18:58:59 +0000] "GET /notifications HTTP/1.1" 304 0 "http://18.159.94.175/tasks/each-mex/submissions?submission_id=0hMuG7590vBcUh4UQ51aWRa-3nsMhaFU9pJKl3VM-x8." "Mozilla/5.0 (Windows NT 10.0; Win64; x64) AppleWebKit/537.36 (KHTML, like Gecko) Chrome/100.0.4896.88 Safari/537.36"
109.239.43.149 - - [17/Apr/2022:18:59:00 +0000] "GET /tasks/each-mex/submissions/4 HTTP/1.1" 200 83 "http://18.159.94.175/tasks/each-mex/submissions?submission_id=0hMuG7590vBcUh4UQ51aWRa-3nsMhaFU9pJKl3VM-x8." "Mozilla/5.0 (Windows NT 10.0; Win64; x64) AppleWebKit/537.36 (KHTML, like Gecko) Chrome/100.0.4896.88 Safari/537.36"
109.239.43.149 - - [17/Apr/2022:18:59:00 +0000] "GET /tasks/each-mex/submissions?submission_id=0hMuG7590vBcUh4UQ51aWRa-3nsMhaFU9pJKl3VM-x8. HTTP/1.1" 200 4717 "http://18.159.94.175/tasks/each-mex/submissions?submission_id=CVrN7x5PXgzl7dnIJwn59IwH5yCjP5a4cEJSQyaZemg." "Mozilla/5.0 (Windows NT 10.0; Win64; x64) AppleWebKit/537.36 (KHTML, like Gecko) Chrome/100.0.4896.88 Safari/537.36"
109.239.43.149 - - [17/Apr/2022:18:59:01 +0000] "GET /notifications HTTP/1.1" 304 0 "http://18.159.94.175/tasks/each-mex/submissions?submission_id=0hMuG7590vBcUh4UQ51aWRa-3nsMhaFU9pJKl3VM-x8." "Mozilla/5.0 (Windows NT 10.0; Win64; x64) AppleWebKit/537.36 (KHTML, like Gecko) Chrome/100.0.4896.88 Safari/537.36"
109.239.43.149 - - [17/Apr/2022:18:59:02 +0000] "GET /tasks/each-mex/submissions/4 HTTP/1.1" 304 0 "http://18.159.94.175/tasks/each-mex/submissions?submission_id=0hMuG7590vBcUh4UQ51aWRa-3nsMhaFU9pJKl3VM-x8." "Mozilla/5.0 (Windows NT 10.0; Win64; x64) AppleWebKit/537.36 (KHTML, like Gecko) Chrome/100.0.4896.88 Safari/537.36"
18.159.55.216 - cmsadmin [17/Apr/2022:18:59:02 +0000] "GET /aws/notifications?last_notification=1650221436.284796 HTTP/1.1" 304 0 "http://18.159.94.175/aws/contest/2/tasks" "Mozilla/5.0 (X11; Linux x86_64) AppleWebKit/537.36 (KHTML, like Gecko) Chrome/100.0.4896.88 Safari/537.36"
