18.159.55.216 - - [17/Apr/2022:18:59:03 +0000] "GET /notifications HTTP/1.1" 304 0 "http://18.159.94.175/tasks/sum-coloring/description" "Mozilla/5.0 (X11; Linux x86_64) AppleWebKit/537.36 (KHTML, like Gecko) Chrome/100.0.4896.88 Safari/537.36"
109.239.43.149 - - [17/Apr/2022:18:59:04 +0000] "GET /tasks/each-mex/submissions/4 HTTP/1.1" 304 0 "http://18.159.94.175/tasks/each-mex/submissions?submission_id=0hMuG7590vBcUh4UQ51aWRa-3nsMhaFU9pJKl3VM-x8." "Mozilla/5.0 (Windows NT 10.0; Win64; x64) AppleWebKit/537.36 (KHTML, like Gecko) Chrome/100.0.4896.88 Safari/537.36"
109.239.43.149 - cmsadmin [17/Apr/2022:18:59:07 +0000] "GET /aws/notifications?last_notification=1650221751.360458 HTTP/1.1" 304 0 "http://18.159.94.175/aws/user/1" "Mozilla/5.0 (Windows NT 10.0; Win64; x64) AppleWebKit/537.36 (KHTML, like Gecko) Chrome/100.0.4896.88 Safari/537.36"
109.239.43.149 - - [17/Apr/2022:18:59:07 +0000] "GET /tasks/each-mex/submissions/4 HTTP/1.1" 304 0 "http://18.159.94.175/tasks/each-mex/submissions?submission_id=0hMuG7590vBcUh4UQ51aWRa-3nsMhaFU9pJKl3VM-x8." "Mozilla/5.0 (Windows NT 10.0; Win64; x64) AppleWebKit/537.36 (KHTML, like Gecko) Chrome/100.0.4896.88 Safari/537.36"
109.239.43.149 - - [17/Apr/2022:18:59:09 +0000] "GET /tasks/each-mex/submissions?submission_id=0hMuG7590vBcUh4UQ51aWRa-3nsMhaFU9pJKl3VM-x8. HTTP/1.1" 200 4717 "http://18.159.94.175/tasks/each-mex/submissions?submission_id=CVrN7x5PXgzl7dnIJwn59IwH5yCjP5a4cEJSQyaZemg." "Mozilla/5.0 (Windows NT 10.0; Win64; x64) AppleWebKit/537.36 (KHTML, like Gecko) Chrome/100.0.4896.88 Safari/537.36"
109.239.43.149 - - [17/Apr/2022:18:59:09 +0000] "GET /notifications HTTP/1.1" 304 0 "http://18.159.94.175/tasks/each-mex/submissions?submission_id=0hMuG7590vBcUh4UQ51aWRa-3nsMhaFU9pJKl3VM-x8." "Mozilla/5.0 (Windows NT 10.0; Win64; x64) AppleWebKit/537.36 (KHTML, like Gecko) Chrome/100.0.4896.88 Safari/537.36"
109.239.43.149 - - [17/Apr/2022:18:59:10 +0000] "GET /tasks/each-mex/submissions?submission_id=0hMuG7590vBcUh4UQ51aWRa-3nsMhaFU9pJKl3VM-x8. HTTP/1.1" 200 4718 "http://18.159.94.175/tasks/each-mex/submissions?submission_id=CVrN7x5PXgzl7dnIJwn59IwH5yCjP5a4cEJSQyaZemg." "Mozilla/5.0 (Windows NT 10.0; Win64; x64) AppleWebKit/537.36 (KHTML, like Gecko) Chrome/100.0.4896.88 Safari/537.36"
109.239.43.149 - - [17/Apr/2022:18:59:10 +0000] "GET /notifications HTTP/1.1" 304 0 "http://18.159.94.175/tasks/each-mex/submissions?submission_id=0hMuG7590vBcUh4UQ51aWRa-3nsMhaFU9pJKl3VM-x8." "Mozilla/5.0 (Windows NT 10.0; Win64; x64) AppleWebKit/537.36 (KHTML, like Gecko) Chrome/100.0.4896.88 Safari/537.36"
109.239.43.149 - - [17/Apr/2022:18:59:11 +0000] "GET /tasks/each-mex/submissions?submission_id=0hMuG7590vBcUh4UQ51aWRa-3nsMhaFU9pJKl3VM-x8. HTTP/1.1" 200 4714 "http://18.159.94.175/tasks/each-mex/submissions?submission_id=CVrN7x5PXgzl7dnIJwn59IwH5yCjP5a4cEJSQyaZemg." "Mozilla/5.0 (Windows NT 10.0; Win64; x64) AppleWebKit/537.36 (KHTML, like Gecko) Chrome/100.0.4896.88 Safari/537.36"
109.239.43.149 - - [17/Apr/2022:18:59:11 +0000] "GET /notifications HTTP/1.1" 304 0 "http://18.159.94.175/tasks/each-mex/submissions?submission_id=0hMuG7590vBcUh4UQ51aWRa-3nsMhaFU9pJKl3VM-x8." "Mozilla/5.0 (Windows NT 10.0; Win64; x64) AppleWebKit/537.36 (KHTML, like Gecko) Chrome/100.0.4896.88 Safari/537.36"
109.239.43.149 - - [17/Apr/2022:18:59:13 +0000] "GET /tasks/each-mex/submissions/4 HTTP/1.1" 304 0 "http://18.159.94.175/tasks/each-mex/submissions?submission_id=0hMuG7590vBcUh4UQ51aWRa-3nsMhaFU9pJKl3VM-x8." "Mozilla/5.0 (Windows NT 10.0; Win64; x64) AppleWebKit/537.36 (KHTML, like Gecko) Chrome/100.0.4896.88 Safari/537.36"
109.239.43.149 - - [17/Apr/2022:18:59:15 +0000] "GET /tasks/each-mex/submissions/4 HTTP/1.1" 304 0 "http://18.159.94.175/tasks/each-mex/submissions?submission_id=0hMuG7590vBcUh4UQ51aWRa-3nsMhaFU9pJKl3VM-x8." "Mozilla/5.0 (Windows NT 10.0; Win64; x64) AppleWebKit/537.36 (KHTML, like Gecko) Chrome/100.0.4896.88 Safari/537.36"
109.239.43.149 - - [17/Apr/2022:18:59:18 +0000] "GET /tasks/each-mex/submissions/4 HTTP/1.1" 200 184 "http://18.159.94.175/tasks/each-mex/submissions?submission_id=0hMuG7590vBcUh4UQ51aWRa-3nsMhaFU9pJKl3VM-x8." "Mozilla/5.0 (Windows NT 10.0; Win64; x64) AppleWebKit/537.36 (KHTML, like Gecko) Chrome/100.0.4896.88 Safari/537.36"
109.239.43.149 - cmsadmin [17/Apr/2022:18:59:22 +0000] "GET /aws/notifications?last_notification=1650221751.360458 HTTP/1.1" 304 0 "http://18.159.94.175/aws/user/1" "Mozilla/5.0 (Windows NT 10.0; Win64; x64) AppleWebKit/537.36 (KHTML, like Gecko) Chrome/100.0.4896.88 Safari/537.36"
109.239.43.149 - cmsadmin [17/Apr/2022:18:59:37 +0000] "GET /aws/notifications?last_notification=1650221751.360458 HTTP/1.1" 304 0 "http://18.159.94.175/aws/user/1" "Mozilla/5.0 (Windows NT 10.0; Win64; x64) AppleWebKit/537.36 (KHTML, like Gecko) Chrome/100.0.4896.88 Safari/537.36"
109.239.43.149 - - [17/Apr/2022:18:59:41 +0000] "GET /notifications HTTP/1.1" 304 0 "http://18.159.94.175/tasks/each-mex/submissions?submission_id=0hMuG7590vBcUh4UQ51aWRa-3nsMhaFU9pJKl3VM-x8." "Mozilla/5.0 (Windows NT 10.0; Win64; x64) AppleWebKit/537.36 (KHTML, like Gecko) Chrome/100.0.4896.88 Safari/537.36"
109.239.43.149 - - [17/Apr/2022:18:59:41 +0000] "GET /tasks/each-mex/submissions/4/details HTTP/1.1" 200 1325 "http://18.159.94.175/tasks/each-mex/submissions?submission_id=0hMuG7590vBcUh4UQ51aWRa-3nsMhaFU9pJKl3VM-x8." "Mozilla/5.0 (Windows NT 10.0; Win64; x64) AppleWebKit/537.36 (KHTML, like Gecko) Chrome/100.0.4896.88 Safari/537.36"
109.239.43.149 - cmsadmin [17/Apr/2022:18:59:50 +0000] "GET /aws/contest/2 HTTP/1.1" 200 3786 "http://18.159.94.175/aws/user/1" "Mozilla/5.0 (Windows NT 10.0; Win64; x64) AppleWebKit/537.36 (KHTML, like Gecko) Chrome/100.0.4896.88 Safari/537.36"
109.239.43.149 - cmsadmin [17/Apr/2022:18:59:51 +0000] "GET /aws/notifications?last_notification=1650221990.791912 HTTP/1.1" 200 2 "http://18.159.94.175/aws/contest/2" "Mozilla/5.0 (Windows NT 10.0; Win64; x64) AppleWebKit/537.36 (KHTML, like Gecko) Chrome/100.0.4896.88 Safari/537.36"
109.239.43.149 - cmsadmin [17/Apr/2022:18:59:55 +0000] "GET /aws/contest/2/tasks HTTP/1.1" 200 1847 "http://18.159.94.175/aws/contest/2" "Mozilla/5.0 (Windows NT 10.0; Win64; x64) AppleWebKit/537.36 (KHTML, like Gecko) Chrome/100.0.4896.88 Safari/537.36"
109.239.43.149 - cmsadmin [17/Apr/2022:18:59:55 +0000] "GET /aws/notifications?last_notification=1650221995.473513 HTTP/1.1" 200 2 "http://18.159.94.175/aws/contest/2/tasks" "Mozilla/5.0 (Windows NT 10.0; Win64; x64) AppleWebKit/537.36 (KHTML, like Gecko) Chrome/100.0.4896.88 Safari/537.36"
109.239.43.149 - cmsadmin [17/Apr/2022:18:59:59 +0000] "GET /aws/task/5 HTTP/1.1" 200 9027 "http://18.159.94.175/aws/contest/2/tasks" "Mozilla/5.0 (Windows NT 10.0; Win64; x64) AppleWebKit/537.36 (KHTML, like Gecko) Chrome/100.0.4896.88 Safari/537.36"
109.239.43.149 - cmsadmin [17/Apr/2022:19:00:00 +0000] "GET /aws/notifications?last_notification=1650221999.892955 HTTP/1.1" 200 2 "http://18.159.94.175/aws/task/5" "Mozilla/5.0 (Windows NT 10.0; Win64; x64) AppleWebKit/537.36 (KHTML, like Gecko) Chrome/100.0.4896.88 Safari/537.36"
18.159.55.216 - cmsadmin [17/Apr/2022:19:00:02 +0000] "GET /aws/notifications?last_notification=1650221436.284796 HTTP/1.1" 304 0 "http://18.159.94.175/aws/contest/2/tasks" "Mozilla/5.0 (X11; Linux x86_64) AppleWebKit/537.36 (KHTML, like Gecko) Chrome/100.0.4896.88 Safari/537.36"
18.159.55.216 - - [17/Apr/2022:19:00:03 +0000] "GET /notifications HTTP/1.1" 304 0 "http://18.159.94.175/tasks/sum-coloring/description" "Mozilla/5.0 (X11; Linux x86_64) AppleWebKit/537.36 (KHTML, like Gecko) Chrome/100.0.4896.88 Safari/537.36"
109.239.43.149 - - [17/Apr/2022:19:00:12 +0000] "GET /notifications HTTP/1.1" 304 0 "http://18.159.94.175/tasks/each-mex/submissions?submission_id=0hMuG7590vBcUh4UQ51aWRa-3nsMhaFU9pJKl3VM-x8." "Mozilla/5.0 (Windows NT 10.0; Win64; x64) AppleWebKit/537.36 (KHTML, like Gecko) Chrome/100.0.4896.88 Safari/537.36"
109.239.43.149 - cmsadmin [17/Apr/2022:19:00:15 +0000] "GET /aws/notifications?last_notification=1650221999.892955 HTTP/1.1" 304 0 "http://18.159.94.175/aws/task/5" "Mozilla/5.0 (Windows NT 10.0; Win64; x64) AppleWebKit/537.36 (KHTML, like Gecko) Chrome/100.0.4896.88 Safari/537.36"
109.239.43.149 - cmsadmin [17/Apr/2022:19:00:30 +0000] "GET /aws/notifications?last_notification=1650221999.892955 HTTP/1.1" 304 0 "http://18.159.94.175/aws/task/5" "Mozilla/5.0 (Windows NT 10.0; Win64; x64) AppleWebKit/537.36 (KHTML, like Gecko) Chrome/100.0.4896.88 Safari/537.36"
109.239.43.149 - - [17/Apr/2022:19:00:42 +0000] "GET /notifications HTTP/1.1" 304 0 "http://18.159.94.175/tasks/each-mex/submissions?submission_id=0hMuG7590vBcUh4UQ51aWRa-3nsMhaFU9pJKl3VM-x8." "Mozilla/5.0 (Windows NT 10.0; Win64; x64) AppleWebKit/537.36 (KHTML, like Gecko) Chrome/100.0.4896.88 Safari/537.36"
109.239.43.149 - cmsadmin [17/Apr/2022:19:00:45 +0000] "GET /aws/notifications?last_notification=1650221999.892955 HTTP/1.1" 304 0 "http://18.159.94.175/aws/task/5" "Mozilla/5.0 (Windows NT 10.0; Win64; x64) AppleWebKit/537.36 (KHTML, like Gecko) Chrome/100.0.4896.88 Safari/537.36"
109.239.43.149 - cmsadmin [17/Apr/2022:19:01:00 +0000] "GET /aws/notifications?last_notification=1650221999.892955 HTTP/1.1" 304 0 "http://18.159.94.175/aws/task/5" "Mozilla/5.0 (Windows NT 10.0; Win64; x64) AppleWebKit/537.36 (KHTML, like Gecko) Chrome/100.0.4896.88 Safari/537.36"
18.159.55.216 - cmsadmin [17/Apr/2022:19:01:02 +0000] "GET /aws/notifications?last_notification=1650221436.284796 HTTP/1.1" 304 0 "http://18.159.94.175/aws/contest/2/tasks" "Mozilla/5.0 (X11; Linux x86_64) AppleWebKit/537.36 (KHTML, like Gecko) Chrome/100.0.4896.88 Safari/537.36"
18.159.55.216 - - [17/Apr/2022:19:01:03 +0000] "GET /notifications HTTP/1.1" 304 0 "http://18.159.94.175/tasks/sum-coloring/description" "Mozilla/5.0 (X11; Linux x86_64) AppleWebKit/537.36 (KHTML, like Gecko) Chrome/100.0.4896.88 Safari/537.36"
109.239.43.149 - - [17/Apr/2022:19:01:12 +0000] "GET /notifications HTTP/1.1" 304 0 "http://18.159.94.175/tasks/each-mex/submissions?submission_id=0hMuG7590vBcUh4UQ51aWRa-3nsMhaFU9pJKl3VM-x8." "Mozilla/5.0 (Windows NT 10.0; Win64; x64) AppleWebKit/537.36 (KHTML, like Gecko) Chrome/100.0.4896.88 Safari/537.36"
109.239.43.149 - cmsadmin [17/Apr/2022:19:01:15 +0000] "GET /aws/notifications?last_notification=1650221999.892955 HTTP/1.1" 304 0 "http://18.159.94.175/aws/task/5" "Mozilla/5.0 (Windows NT 10.0; Win64; x64) AppleWebKit/537.36 (KHTML, like Gecko) Chrome/100.0.4896.88 Safari/537.36"
109.239.43.149 - cmsadmin [17/Apr/2022:19:01:30 +0000] "GET /aws/notifications?last_notification=1650221999.892955 HTTP/1.1" 304 0 "http://18.159.94.175/aws/task/5" "Mozilla/5.0 (Windows NT 10.0; Win64; x64) AppleWebKit/537.36 (KHTML, like Gecko) Chrome/100.0.4896.88 Safari/537.36"
109.239.43.149 - - [17/Apr/2022:19:01:42 +0000] "GET /notifications HTTP/1.1" 304 0 "http://18.159.94.175/tasks/each-mex/submissions?submission_id=0hMuG7590vBcUh4UQ51aWRa-3nsMhaFU9pJKl3VM-x8." "Mozilla/5.0 (Windows NT 10.0; Win64; x64) AppleWebKit/537.36 (KHTML, like Gecko) Chrome/100.0.4896.88 Safari/537.36"
109.239.43.149 - cmsadmin [17/Apr/2022:19:01:45 +0000] "GET /aws/notifications?last_notification=1650221999.892955 HTTP/1.1" 304 0 "http://18.159.94.175/aws/task/5" "Mozilla/5.0 (Windows NT 10.0; Win64; x64) AppleWebKit/537.36 (KHTML, like Gecko) Chrome/100.0.4896.88 Safari/537.36"
109.239.43.149 - cmsadmin [17/Apr/2022:19:01:49 +0000] "POST /aws/task/5 HTTP/1.1" 302 0 "http://18.159.94.175/aws/task/5" "Mozilla/5.0 (Windows NT 10.0; Win64; x64) AppleWebKit/537.36 (KHTML, like Gecko) Chrome/100.0.4896.88 Safari/537.36"
109.239.43.149 - cmsadmin [17/Apr/2022:19:01:49 +0000] "GET /aws/task/5 HTTP/1.1" 200 9027 "http://18.159.94.175/aws/task/5" "Mozilla/5.0 (Windows NT 10.0; Win64; x64) AppleWebKit/537.36 (KHTML, like Gecko) Chrome/100.0.4896.88 Safari/537.36"
109.239.43.149 - cmsadmin [17/Apr/2022:19:01:50 +0000] "GET /aws/notifications?last_notification=1650222109.919031 HTTP/1.1" 200 122 "http://18.159.94.175/aws/task/5" "Mozilla/5.0 (Windows NT 10.0; Win64; x64) AppleWebKit/537.36 (KHTML, like Gecko) Chrome/100.0.4896.88 Safari/537.36"
18.159.55.216 - cmsadmin [17/Apr/2022:19:02:02 +0000] "GET /aws/notifications?last_notification=1650221436.284796 HTTP/1.1" 304 0 "http://18.159.94.175/aws/contest/2/tasks" "Mozilla/5.0 (X11; Linux x86_64) AppleWebKit/537.36 (KHTML, like Gecko) Chrome/100.0.4896.88 Safari/537.36"
18.159.55.216 - - [17/Apr/2022:19:02:03 +0000] "GET /notifications HTTP/1.1" 304 0 "http://18.159.94.175/tasks/sum-coloring/description" "Mozilla/5.0 (X11; Linux x86_64) AppleWebKit/537.36 (KHTML, like Gecko) Chrome/100.0.4896.88 Safari/537.36"
109.239.43.149 - cmsadmin [17/Apr/2022:19:02:05 +0000] "GET /aws/notifications?last_notification=1650222109.919031 HTTP/1.1" 200 2 "http://18.159.94.175/aws/task/5" "Mozilla/5.0 (Windows NT 10.0; Win64; x64) AppleWebKit/537.36 (KHTML, like Gecko) Chrome/100.0.4896.88 Safari/537.36"
109.239.43.149 - - [17/Apr/2022:19:02:08 +0000] "POST /tasks/each-mex/submit HTTP/1.1" 302 0 "http://18.159.94.175/tasks/each-mex/submissions?submission_id=0hMuG7590vBcUh4UQ51aWRa-3nsMhaFU9pJKl3VM-x8." "Mozilla/5.0 (Windows NT 10.0; Win64; x64) AppleWebKit/537.36 (KHTML, like Gecko) Chrome/100.0.4896.88 Safari/537.36"
109.239.43.149 - - [17/Apr/2022:19:02:08 +0000] "GET /tasks/each-mex/submissions?submission_id=BNqn7q2xqi519cZSFYc_o5lOI-p5PUX7iGOMWPaqnSA. HTTP/1.1" 200 4750 "http://18.159.94.175/tasks/each-mex/submissions?submission_id=0hMuG7590vBcUh4UQ51aWRa-3nsMhaFU9pJKl3VM-x8." "Mozilla/5.0 (Windows NT 10.0; Win64; x64) AppleWebKit/537.36 (KHTML, like Gecko) Chrome/100.0.4896.88 Safari/537.36"
109.239.43.149 - - [17/Apr/2022:19:02:09 +0000] "GET /notifications HTTP/1.1" 200 202 "http://18.159.94.175/tasks/each-mex/submissions?submission_id=BNqn7q2xqi519cZSFYc_o5lOI-p5PUX7iGOMWPaqnSA." "Mozilla/5.0 (Windows NT 10.0; Win64; x64) AppleWebKit/537.36 (KHTML, like Gecko) Chrome/100.0.4896.88 Safari/537.36"
109.239.43.149 - - [17/Apr/2022:19:02:10 +0000] "GET /tasks/each-mex/submissions/5 HTTP/1.1" 200 90 "http://18.159.94.175/tasks/each-mex/submissions?submission_id=BNqn7q2xqi519cZSFYc_o5lOI-p5PUX7iGOMWPaqnSA." "Mozilla/5.0 (Windows NT 10.0; Win64; x64) AppleWebKit/537.36 (KHTML, like Gecko) Chrome/100.0.4896.88 Safari/537.36"
109.239.43.149 - - [17/Apr/2022:19:02:10 +0000] "GET /tasks/each-mex/submissions?submission_id=BNqn7q2xqi519cZSFYc_o5lOI-p5PUX7iGOMWPaqnSA. HTTP/1.1" 200 4752 "http://18.159.94.175/tasks/each-mex/submissions?submission_id=0hMuG7590vBcUh4UQ51aWRa-3nsMhaFU9pJKl3VM-x8." "Mozilla/5.0 (Windows NT 10.0; Win64; x64) AppleWebKit/537.36 (KHTML, like Gecko) Chrome/100.0.4896.88 Safari/537.36"
109.239.43.149 - - [17/Apr/2022:19:02:10 +0000] "GET /notifications HTTP/1.1" 200 2 "http://18.159.94.175/tasks/each-mex/submissions?submission_id=BNqn7q2xqi519cZSFYc_o5lOI-p5PUX7iGOMWPaqnSA." "Mozilla/5.0 (Windows NT 10.0; Win64; x64) AppleWebKit/537.36 (KHTML, like Gecko) Chrome/100.0.4896.88 Safari/537.36"
109.239.43.149 - - [17/Apr/2022:19:02:12 +0000] "GET /tasks/each-mex/submissions/5 HTTP/1.1" 200 83 "http://18.159.94.175/tasks/each-mex/submissions?submission_id=BNqn7q2xqi519cZSFYc_o5lOI-p5PUX7iGOMWPaqnSA." "Mozilla/5.0 (Windows NT 10.0; Win64; x64) AppleWebKit/537.36 (KHTML, like Gecko) Chrome/100.0.4896.88 Safari/537.36"
109.239.43.149 - - [17/Apr/2022:19:02:12 +0000] "GET /tasks/each-mex/submissions?submission_id=BNqn7q2xqi519cZSFYc_o5lOI-p5PUX7iGOMWPaqnSA. HTTP/1.1" 200 4737 "http://18.159.94.175/tasks/each-mex/submissions?submission_id=0hMuG7590vBcUh4UQ51aWRa-3nsMhaFU9pJKl3VM-x8." "Mozilla/5.0 (Windows NT 10.0; Win64; x64) AppleWebKit/537.36 (KHTML, like Gecko) Chrome/100.0.4896.88 Safari/537.36"
109.239.43.149 - - [17/Apr/2022:19:02:12 +0000] "GET /notifications HTTP/1.1" 304 0 "http://18.159.94.175/tasks/each-mex/submissions?submission_id=BNqn7q2xqi519cZSFYc_o5lOI-p5PUX7iGOMWPaqnSA." "Mozilla/5.0 (Windows NT 10.0; Win64; x64) AppleWebKit/537.36 (KHTML, like Gecko) Chrome/100.0.4896.88 Safari/537.36"
109.239.43.149 - - [17/Apr/2022:19:02:13 +0000] "GET /tasks/each-mex/submissions?submission_id=BNqn7q2xqi519cZSFYc_o5lOI-p5PUX7iGOMWPaqnSA. HTTP/1.1" 200 4737 "http://18.159.94.175/tasks/each-mex/submissions?submission_id=0hMuG7590vBcUh4UQ51aWRa-3nsMhaFU9pJKl3VM-x8." "Mozilla/5.0 (Windows NT 10.0; Win64; x64) AppleWebKit/537.36 (KHTML, like Gecko) Chrome/100.0.4896.88 Safari/537.36"
109.239.43.149 - - [17/Apr/2022:19:02:13 +0000] "GET /tasks/each-mex/submissions/5 HTTP/1.1" 499 0 "http://18.159.94.175/tasks/each-mex/submissions?submission_id=BNqn7q2xqi519cZSFYc_o5lOI-p5PUX7iGOMWPaqnSA." "Mozilla/5.0 (Windows NT 10.0; Win64; x64) AppleWebKit/537.36 (KHTML, like Gecko) Chrome/100.0.4896.88 Safari/537.36"
109.239.43.149 - - [17/Apr/2022:19:02:14 +0000] "GET /notifications HTTP/1.1" 304 0 "http://18.159.94.175/tasks/each-mex/submissions?submission_id=BNqn7q2xqi519cZSFYc_o5lOI-p5PUX7iGOMWPaqnSA." "Mozilla/5.0 (Windows NT 10.0; Win64; x64) AppleWebKit/537.36 (KHTML, like Gecko) Chrome/100.0.4896.88 Safari/537.36"
109.239.43.149 - - [17/Apr/2022:19:02:14 +0000] "GET /tasks/each-mex/submissions?submission_id=BNqn7q2xqi519cZSFYc_o5lOI-p5PUX7iGOMWPaqnSA. HTTP/1.1" 200 4740 "http://18.159.94.175/tasks/each-mex/submissions?submission_id=0hMuG7590vBcUh4UQ51aWRa-3nsMhaFU9pJKl3VM-x8." "Mozilla/5.0 (Windows NT 10.0; Win64; x64) AppleWebKit/537.36 (KHTML, like Gecko) Chrome/100.0.4896.88 Safari/537.36"
109.239.43.149 - - [17/Apr/2022:19:02:14 +0000] "GET /tasks/each-mex/submissions/5 HTTP/1.1" 499 0 "http://18.159.94.175/tasks/each-mex/submissions?submission_id=BNqn7q2xqi519cZSFYc_o5lOI-p5PUX7iGOMWPaqnSA." "Mozilla/5.0 (Windows NT 10.0; Win64; x64) AppleWebKit/537.36 (KHTML, like Gecko) Chrome/100.0.4896.88 Safari/537.36"
109.239.43.149 - - [17/Apr/2022:19:02:15 +0000] "GET /notifications HTTP/1.1" 304 0 "http://18.159.94.175/tasks/each-mex/submissions?submission_id=BNqn7q2xqi519cZSFYc_o5lOI-p5PUX7iGOMWPaqnSA." "Mozilla/5.0 (Windows NT 10.0; Win64; x64) AppleWebKit/537.36 (KHTML, like Gecko) Chrome/100.0.4896.88 Safari/537.36"
109.239.43.149 - - [17/Apr/2022:19:02:16 +0000] "GET /tasks/each-mex/submissions/5 HTTP/1.1" 200 83 "http://18.159.94.175/tasks/each-mex/submissions?submission_id=BNqn7q2xqi519cZSFYc_o5lOI-p5PUX7iGOMWPaqnSA." "Mozilla/5.0 (Windows NT 10.0; Win64; x64) AppleWebKit/537.36 (KHTML, like Gecko) Chrome/100.0.4896.88 Safari/537.36"
109.239.43.149 - - [17/Apr/2022:19:02:16 +0000] "GET /tasks/each-mex/submissions?submission_id=BNqn7q2xqi519cZSFYc_o5lOI-p5PUX7iGOMWPaqnSA. HTTP/1.1" 200 4741 "http://18.159.94.175/tasks/each-mex/submissions?submission_id=0hMuG7590vBcUh4UQ51aWRa-3nsMhaFU9pJKl3VM-x8." "Mozilla/5.0 (Windows NT 10.0; Win64; x64) AppleWebKit/537.36 (KHTML, like Gecko) Chrome/100.0.4896.88 Safari/537.36"
109.239.43.149 - - [17/Apr/2022:19:02:17 +0000] "GET /notifications HTTP/1.1" 304 0 "http://18.159.94.175/tasks/each-mex/submissions?submission_id=BNqn7q2xqi519cZSFYc_o5lOI-p5PUX7iGOMWPaqnSA." "Mozilla/5.0 (Windows NT 10.0; Win64; x64) AppleWebKit/537.36 (KHTML, like Gecko) Chrome/100.0.4896.88 Safari/537.36"
109.239.43.149 - - [17/Apr/2022:19:02:17 +0000] "GET /tasks/each-mex/submissions?submission_id=BNqn7q2xqi519cZSFYc_o5lOI-p5PUX7iGOMWPaqnSA. HTTP/1.1" 200 4738 "http://18.159.94.175/tasks/each-mex/submissions?submission_id=0hMuG7590vBcUh4UQ51aWRa-3nsMhaFU9pJKl3VM-x8." "Mozilla/5.0 (Windows NT 10.0; Win64; x64) AppleWebKit/537.36 (KHTML, like Gecko) Chrome/100.0.4896.88 Safari/537.36"
109.239.43.149 - - [17/Apr/2022:19:02:18 +0000] "GET /notifications HTTP/1.1" 304 0 "http://18.159.94.175/tasks/each-mex/submissions?submission_id=BNqn7q2xqi519cZSFYc_o5lOI-p5PUX7iGOMWPaqnSA." "Mozilla/5.0 (Windows NT 10.0; Win64; x64) AppleWebKit/537.36 (KHTML, like Gecko) Chrome/100.0.4896.88 Safari/537.36"
109.239.43.149 - - [17/Apr/2022:19:02:19 +0000] "GET /tasks/each-mex/submissions/5 HTTP/1.1" 304 0 "http://18.159.94.175/tasks/each-mex/submissions?submission_id=BNqn7q2xqi519cZSFYc_o5lOI-p5PUX7iGOMWPaqnSA." "Mozilla/5.0 (Windows NT 10.0; Win64; x64) AppleWebKit/537.36 (KHTML, like Gecko) Chrome/100.0.4896.88 Safari/537.36"
109.239.43.149 - cmsadmin [17/Apr/2022:19:02:20 +0000] "GET /aws/notifications?last_notification=1650222109.919031 HTTP/1.1" 304 0 "http://18.159.94.175/aws/task/5" "Mozilla/5.0 (Windows NT 10.0; Win64; x64) AppleWebKit/537.36 (KHTML, like Gecko) Chrome/100.0.4896.88 Safari/537.36"
109.239.43.149 - - [17/Apr/2022:19:02:21 +0000] "GET /tasks/each-mex/submissions/5 HTTP/1.1" 304 0 "http://18.159.94.175/tasks/each-mex/submissions?submission_id=BNqn7q2xqi519cZSFYc_o5lOI-p5PUX7iGOMWPaqnSA." "Mozilla/5.0 (Windows NT 10.0; Win64; x64) AppleWebKit/537.36 (KHTML, like Gecko) Chrome/100.0.4896.88 Safari/537.36"
109.239.43.149 - - [17/Apr/2022:19:02:22 +0000] "GET /tasks/each-mex/submissions?submission_id=BNqn7q2xqi519cZSFYc_o5lOI-p5PUX7iGOMWPaqnSA. HTTP/1.1" 200 4739 "http://18.159.94.175/tasks/each-mex/submissions?submission_id=0hMuG7590vBcUh4UQ51aWRa-3nsMhaFU9pJKl3VM-x8." "Mozilla/5.0 (Windows NT 10.0; Win64; x64) AppleWebKit/537.36 (KHTML, like Gecko) Chrome/100.0.4896.88 Safari/537.36"
109.239.43.149 - - [17/Apr/2022:19:02:22 +0000] "GET /notifications HTTP/1.1" 304 0 "http://18.159.94.175/tasks/each-mex/submissions?submission_id=BNqn7q2xqi519cZSFYc_o5lOI-p5PUX7iGOMWPaqnSA." "Mozilla/5.0 (Windows NT 10.0; Win64; x64) AppleWebKit/537.36 (KHTML, like Gecko) Chrome/100.0.4896.88 Safari/537.36"
109.239.43.149 - - [17/Apr/2022:19:02:23 +0000] "GET /tasks/each-mex/submissions?submission_id=BNqn7q2xqi519cZSFYc_o5lOI-p5PUX7iGOMWPaqnSA. HTTP/1.1" 200 4739 "http://18.159.94.175/tasks/each-mex/submissions?submission_id=0hMuG7590vBcUh4UQ51aWRa-3nsMhaFU9pJKl3VM-x8." "Mozilla/5.0 (Windows NT 10.0; Win64; x64) AppleWebKit/537.36 (KHTML, like Gecko) Chrome/100.0.4896.88 Safari/537.36"
109.239.43.149 - - [17/Apr/2022:19:02:23 +0000] "GET /tasks/each-mex/submissions/5 HTTP/1.1" 499 0 "http://18.159.94.175/tasks/each-mex/submissions?submission_id=BNqn7q2xqi519cZSFYc_o5lOI-p5PUX7iGOMWPaqnSA." "Mozilla/5.0 (Windows NT 10.0; Win64; x64) AppleWebKit/537.36 (KHTML, like Gecko) Chrome/100.0.4896.88 Safari/537.36"
109.239.43.149 - - [17/Apr/2022:19:02:24 +0000] "GET /notifications HTTP/1.1" 304 0 "http://18.159.94.175/tasks/each-mex/submissions?submission_id=BNqn7q2xqi519cZSFYc_o5lOI-p5PUX7iGOMWPaqnSA." "Mozilla/5.0 (Windows NT 10.0; Win64; x64) AppleWebKit/537.36 (KHTML, like Gecko) Chrome/100.0.4896.88 Safari/537.36"
109.239.43.149 - - [17/Apr/2022:19:02:25 +0000] "GET /tasks/each-mex/submissions/5 HTTP/1.1" 200 83 "http://18.159.94.175/tasks/each-mex/submissions?submission_id=BNqn7q2xqi519cZSFYc_o5lOI-p5PUX7iGOMWPaqnSA." "Mozilla/5.0 (Windows NT 10.0; Win64; x64) AppleWebKit/537.36 (KHTML, like Gecko) Chrome/100.0.4896.88 Safari/537.36"
109.239.43.149 - - [17/Apr/2022:19:02:25 +0000] "GET /tasks/each-mex/submissions?submission_id=BNqn7q2xqi519cZSFYc_o5lOI-p5PUX7iGOMWPaqnSA. HTTP/1.1" 200 4738 "http://18.159.94.175/tasks/each-mex/submissions?submission_id=0hMuG7590vBcUh4UQ51aWRa-3nsMhaFU9pJKl3VM-x8." "Mozilla/5.0 (Windows NT 10.0; Win64; x64) AppleWebKit/537.36 (KHTML, like Gecko) Chrome/100.0.4896.88 Safari/537.36"
109.239.43.149 - - [17/Apr/2022:19:02:26 +0000] "GET /notifications HTTP/1.1" 304 0 "http://18.159.94.175/tasks/each-mex/submissions?submission_id=BNqn7q2xqi519cZSFYc_o5lOI-p5PUX7iGOMWPaqnSA." "Mozilla/5.0 (Windows NT 10.0; Win64; x64) AppleWebKit/537.36 (KHTML, like Gecko) Chrome/100.0.4896.88 Safari/537.36"
109.239.43.149 - - [17/Apr/2022:19:02:27 +0000] "GET /tasks/each-mex/submissions/5 HTTP/1.1" 304 0 "http://18.159.94.175/tasks/each-mex/submissions?submission_id=BNqn7q2xqi519cZSFYc_o5lOI-p5PUX7iGOMWPaqnSA." "Mozilla/5.0 (Windows NT 10.0; Win64; x64) AppleWebKit/537.36 (KHTML, like Gecko) Chrome/100.0.4896.88 Safari/537.36"
109.239.43.149 - - [17/Apr/2022:19:02:27 +0000] "GET /tasks/each-mex/submissions?submission_id=BNqn7q2xqi519cZSFYc_o5lOI-p5PUX7iGOMWPaqnSA. HTTP/1.1" 200 4739 "http://18.159.94.175/tasks/each-mex/submissions?submission_id=0hMuG7590vBcUh4UQ51aWRa-3nsMhaFU9pJKl3VM-x8." "Mozilla/5.0 (Windows NT 10.0; Win64; x64) AppleWebKit/537.36 (KHTML, like Gecko) Chrome/100.0.4896.88 Safari/537.36"
109.239.43.149 - - [17/Apr/2022:19:02:28 +0000] "GET /notifications HTTP/1.1" 304 0 "http://18.159.94.175/tasks/each-mex/submissions?submission_id=BNqn7q2xqi519cZSFYc_o5lOI-p5PUX7iGOMWPaqnSA." "Mozilla/5.0 (Windows NT 10.0; Win64; x64) AppleWebKit/537.36 (KHTML, like Gecko) Chrome/100.0.4896.88 Safari/537.36"
109.239.43.149 - - [17/Apr/2022:19:02:28 +0000] "GET /tasks/each-mex/submissions?submission_id=BNqn7q2xqi519cZSFYc_o5lOI-p5PUX7iGOMWPaqnSA. HTTP/1.1" 200 4740 "http://18.159.94.175/tasks/each-mex/submissions?submission_id=0hMuG7590vBcUh4UQ51aWRa-3nsMhaFU9pJKl3VM-x8." "Mozilla/5.0 (Windows NT 10.0; Win64; x64) AppleWebKit/537.36 (KHTML, like Gecko) Chrome/100.0.4896.88 Safari/537.36"
109.239.43.149 - - [17/Apr/2022:19:02:29 +0000] "GET /tasks/each-mex/submissions/5 HTTP/1.1" 499 0 "http://18.159.94.175/tasks/each-mex/submissions?submission_id=BNqn7q2xqi519cZSFYc_o5lOI-p5PUX7iGOMWPaqnSA." "Mozilla/5.0 (Windows NT 10.0; Win64; x64) AppleWebKit/537.36 (KHTML, like Gecko) Chrome/100.0.4896.88 Safari/537.36"
109.239.43.149 - - [17/Apr/2022:19:02:29 +0000] "GET /notifications HTTP/1.1" 304 0 "http://18.159.94.175/tasks/each-mex/submissions?submission_id=BNqn7q2xqi519cZSFYc_o5lOI-p5PUX7iGOMWPaqnSA." "Mozilla/5.0 (Windows NT 10.0; Win64; x64) AppleWebKit/537.36 (KHTML, like Gecko) Chrome/100.0.4896.88 Safari/537.36"
109.239.43.149 - - [17/Apr/2022:19:02:30 +0000] "GET /tasks/each-mex/submissions/5 HTTP/1.1" 200 83 "http://18.159.94.175/tasks/each-mex/submissions?submission_id=BNqn7q2xqi519cZSFYc_o5lOI-p5PUX7iGOMWPaqnSA." "Mozilla/5.0 (Windows NT 10.0; Win64; x64) AppleWebKit/537.36 (KHTML, like Gecko) Chrome/100.0.4896.88 Safari/537.36"
109.239.43.149 - - [17/Apr/2022:19:02:30 +0000] "GET /tasks/each-mex/submissions?submission_id=BNqn7q2xqi519cZSFYc_o5lOI-p5PUX7iGOMWPaqnSA. HTTP/1.1" 200 4740 "http://18.159.94.175/tasks/each-mex/submissions?submission_id=0hMuG7590vBcUh4UQ51aWRa-3nsMhaFU9pJKl3VM-x8." "Mozilla/5.0 (Windows NT 10.0; Win64; x64) AppleWebKit/537.36 (KHTML, like Gecko) Chrome/100.0.4896.88 Safari/537.36"
109.239.43.149 - - [17/Apr/2022:19:02:31 +0000] "GET /notifications HTTP/1.1" 304 0 "http://18.159.94.175/tasks/each-mex/submissions?submission_id=BNqn7q2xqi519cZSFYc_o5lOI-p5PUX7iGOMWPaqnSA." "Mozilla/5.0 (Windows NT 10.0; Win64; x64) AppleWebKit/537.36 (KHTML, like Gecko) Chrome/100.0.4896.88 Safari/537.36"
109.239.43.149 - - [17/Apr/2022:19:02:32 +0000] "GET /tasks/each-mex/submissions/5 HTTP/1.1" 200 184 "http://18.159.94.175/tasks/each-mex/submissions?submission_id=BNqn7q2xqi519cZSFYc_o5lOI-p5PUX7iGOMWPaqnSA." "Mozilla/5.0 (Windows NT 10.0; Win64; x64) AppleWebKit/537.36 (KHTML, like Gecko) Chrome/100.0.4896.88 Safari/537.36"
109.239.43.149 - - [17/Apr/2022:19:02:32 +0000] "GET /tasks/each-mex/submissions?submission_id=BNqn7q2xqi519cZSFYc_o5lOI-p5PUX7iGOMWPaqnSA. HTTP/1.1" 200 4703 "http://18.159.94.175/tasks/each-mex/submissions?submission_id=0hMuG7590vBcUh4UQ51aWRa-3nsMhaFU9pJKl3VM-x8." "Mozilla/5.0 (Windows NT 10.0; Win64; x64) AppleWebKit/537.36 (KHTML, like Gecko) Chrome/100.0.4896.88 Safari/537.36"
109.239.43.149 - - [17/Apr/2022:19:02:33 +0000] "GET /notifications HTTP/1.1" 304 0 "http://18.159.94.175/tasks/each-mex/submissions?submission_id=BNqn7q2xqi519cZSFYc_o5lOI-p5PUX7iGOMWPaqnSA." "Mozilla/5.0 (Windows NT 10.0; Win64; x64) AppleWebKit/537.36 (KHTML, like Gecko) Chrome/100.0.4896.88 Safari/537.36"
109.239.43.149 - - [17/Apr/2022:19:02:34 +0000] "GET /tasks/each-mex/submissions/5/details HTTP/1.1" 200 959 "http://18.159.94.175/tasks/each-mex/submissions?submission_id=BNqn7q2xqi519cZSFYc_o5lOI-p5PUX7iGOMWPaqnSA." "Mozilla/5.0 (Windows NT 10.0; Win64; x64) AppleWebKit/537.36 (KHTML, like Gecko) Chrome/100.0.4896.88 Safari/537.36"
109.239.43.149 - cmsadmin [17/Apr/2022:19:02:35 +0000] "GET /aws/notifications?last_notification=1650222109.919031 HTTP/1.1" 304 0 "http://18.159.94.175/aws/task/5" "Mozilla/5.0 (Windows NT 10.0; Win64; x64) AppleWebKit/537.36 (KHTML, like Gecko) Chrome/100.0.4896.88 Safari/537.36"
109.239.43.149 - cmsadmin [17/Apr/2022:19:02:50 +0000] "GET /aws/notifications?last_notification=1650222109.919031 HTTP/1.1" 304 0 "http://18.159.94.175/aws/task/5" "Mozilla/5.0 (Windows NT 10.0; Win64; x64) AppleWebKit/537.36 (KHTML, like Gecko) Chrome/100.0.4896.88 Safari/537.36"
18.159.55.216 - cmsadmin [17/Apr/2022:19:03:02 +0000] "GET /aws/notifications?last_notification=1650221436.284796 HTTP/1.1" 304 0 "http://18.159.94.175/aws/contest/2/tasks" "Mozilla/5.0 (X11; Linux x86_64) AppleWebKit/537.36 (KHTML, like Gecko) Chrome/100.0.4896.88 Safari/537.36"
18.159.55.216 - - [17/Apr/2022:19:03:03 +0000] "GET /notifications HTTP/1.1" 304 0 "http://18.159.94.175/tasks/sum-coloring/description" "Mozilla/5.0 (X11; Linux x86_64) AppleWebKit/537.36 (KHTML, like Gecko) Chrome/100.0.4896.88 Safari/537.36"
109.239.43.149 - - [17/Apr/2022:19:03:03 +0000] "GET /notifications HTTP/1.1" 304 0 "http://18.159.94.175/tasks/each-mex/submissions?submission_id=BNqn7q2xqi519cZSFYc_o5lOI-p5PUX7iGOMWPaqnSA." "Mozilla/5.0 (Windows NT 10.0; Win64; x64) AppleWebKit/537.36 (KHTML, like Gecko) Chrome/100.0.4896.88 Safari/537.36"
109.239.43.149 - cmsadmin [17/Apr/2022:19:03:05 +0000] "GET /aws/notifications?last_notification=1650222109.919031 HTTP/1.1" 304 0 "http://18.159.94.175/aws/task/5" "Mozilla/5.0 (Windows NT 10.0; Win64; x64) AppleWebKit/537.36 (KHTML, like Gecko) Chrome/100.0.4896.88 Safari/537.36"
109.239.43.149 - cmsadmin [17/Apr/2022:19:03:20 +0000] "GET /aws/notifications?last_notification=1650222109.919031 HTTP/1.1" 304 0 "http://18.159.94.175/aws/task/5" "Mozilla/5.0 (Windows NT 10.0; Win64; x64) AppleWebKit/537.36 (KHTML, like Gecko) Chrome/100.0.4896.88 Safari/537.36"
109.239.43.149 - - [17/Apr/2022:19:03:33 +0000] "GET /notifications HTTP/1.1" 304 0 "http://18.159.94.175/tasks/each-mex/submissions?submission_id=BNqn7q2xqi519cZSFYc_o5lOI-p5PUX7iGOMWPaqnSA." "Mozilla/5.0 (Windows NT 10.0; Win64; x64) AppleWebKit/537.36 (KHTML, like Gecko) Chrome/100.0.4896.88 Safari/537.36"
109.239.43.149 - cmsadmin [17/Apr/2022:19:03:35 +0000] "GET /aws/notifications?last_notification=1650222109.919031 HTTP/1.1" 304 0 "http://18.159.94.175/aws/task/5" "Mozilla/5.0 (Windows NT 10.0; Win64; x64) AppleWebKit/537.36 (KHTML, like Gecko) Chrome/100.0.4896.88 Safari/537.36"
109.239.43.149 - cmsadmin [17/Apr/2022:19:03:50 +0000] "GET /aws/notifications?last_notification=1650222109.919031 HTTP/1.1" 304 0 "http://18.159.94.175/aws/task/5" "Mozilla/5.0 (Windows NT 10.0; Win64; x64) AppleWebKit/537.36 (KHTML, like Gecko) Chrome/100.0.4896.88 Safari/537.36"
18.159.55.216 - cmsadmin [17/Apr/2022:19:04:02 +0000] "GET /aws/notifications?last_notification=1650221436.284796 HTTP/1.1" 304 0 "http://18.159.94.175/aws/contest/2/tasks" "Mozilla/5.0 (X11; Linux x86_64) AppleWebKit/537.36 (KHTML, like Gecko) Chrome/100.0.4896.88 Safari/537.36"
18.159.55.216 - - [17/Apr/2022:19:04:03 +0000] "GET /notifications HTTP/1.1" 304 0 "http://18.159.94.175/tasks/sum-coloring/description" "Mozilla/5.0 (X11; Linux x86_64) AppleWebKit/537.36 (KHTML, like Gecko) Chrome/100.0.4896.88 Safari/537.36"
109.239.43.149 - - [17/Apr/2022:19:04:03 +0000] "GET /notifications HTTP/1.1" 304 0 "http://18.159.94.175/tasks/each-mex/submissions?submission_id=BNqn7q2xqi519cZSFYc_o5lOI-p5PUX7iGOMWPaqnSA." "Mozilla/5.0 (Windows NT 10.0; Win64; x64) AppleWebKit/537.36 (KHTML, like Gecko) Chrome/100.0.4896.88 Safari/537.36"
109.239.43.149 - cmsadmin [17/Apr/2022:19:04:05 +0000] "GET /aws/notifications?last_notification=1650222109.919031 HTTP/1.1" 304 0 "http://18.159.94.175/aws/task/5" "Mozilla/5.0 (Windows NT 10.0; Win64; x64) AppleWebKit/537.36 (KHTML, like Gecko) Chrome/100.0.4896.88 Safari/537.36"
109.239.43.149 - cmsadmin [17/Apr/2022:19:04:20 +0000] "GET /aws/notifications?last_notification=1650222109.919031 HTTP/1.1" 304 0 "http://18.159.94.175/aws/task/5" "Mozilla/5.0 (Windows NT 10.0; Win64; x64) AppleWebKit/537.36 (KHTML, like Gecko) Chrome/100.0.4896.88 Safari/537.36"
109.239.43.149 - - [17/Apr/2022:19:04:33 +0000] "GET /notifications HTTP/1.1" 304 0 "http://18.159.94.175/tasks/each-mex/submissions?submission_id=BNqn7q2xqi519cZSFYc_o5lOI-p5PUX7iGOMWPaqnSA." "Mozilla/5.0 (Windows NT 10.0; Win64; x64) AppleWebKit/537.36 (KHTML, like Gecko) Chrome/100.0.4896.88 Safari/537.36"
109.239.43.149 - cmsadmin [17/Apr/2022:19:04:35 +0000] "GET /aws/notifications?last_notification=1650222109.919031 HTTP/1.1" 304 0 "http://18.159.94.175/aws/task/5" "Mozilla/5.0 (Windows NT 10.0; Win64; x64) AppleWebKit/537.36 (KHTML, like Gecko) Chrome/100.0.4896.88 Safari/537.36"
109.239.43.149 - cmsadmin [17/Apr/2022:19:04:50 +0000] "GET /aws/notifications?last_notification=1650222109.919031 HTTP/1.1" 304 0 "http://18.159.94.175/aws/task/5" "Mozilla/5.0 (Windows NT 10.0; Win64; x64) AppleWebKit/537.36 (KHTML, like Gecko) Chrome/100.0.4896.88 Safari/537.36"
18.159.55.216 - cmsadmin [17/Apr/2022:19:05:02 +0000] "GET /aws/notifications?last_notification=1650221436.284796 HTTP/1.1" 304 0 "http://18.159.94.175/aws/contest/2/tasks" "Mozilla/5.0 (X11; Linux x86_64) AppleWebKit/537.36 (KHTML, like Gecko) Chrome/100.0.4896.88 Safari/537.36"
18.159.55.216 - - [17/Apr/2022:19:05:03 +0000] "GET /notifications HTTP/1.1" 304 0 "http://18.159.94.175/tasks/sum-coloring/description" "Mozilla/5.0 (X11; Linux x86_64) AppleWebKit/537.36 (KHTML, like Gecko) Chrome/100.0.4896.88 Safari/537.36"
109.239.43.149 - - [17/Apr/2022:19:05:03 +0000] "GET /notifications HTTP/1.1" 304 0 "http://18.159.94.175/tasks/each-mex/submissions?submission_id=BNqn7q2xqi519cZSFYc_o5lOI-p5PUX7iGOMWPaqnSA." "Mozilla/5.0 (Windows NT 10.0; Win64; x64) AppleWebKit/537.36 (KHTML, like Gecko) Chrome/100.0.4896.88 Safari/537.36"
109.239.43.149 - cmsadmin [17/Apr/2022:19:05:05 +0000] "GET /aws/notifications?last_notification=1650222109.919031 HTTP/1.1" 304 0 "http://18.159.94.175/aws/task/5" "Mozilla/5.0 (Windows NT 10.0; Win64; x64) AppleWebKit/537.36 (KHTML, like Gecko) Chrome/100.0.4896.88 Safari/537.36"
109.239.43.149 - cmsadmin [17/Apr/2022:19:05:20 +0000] "GET /aws/notifications?last_notification=1650222109.919031 HTTP/1.1" 304 0 "http://18.159.94.175/aws/task/5" "Mozilla/5.0 (Windows NT 10.0; Win64; x64) AppleWebKit/537.36 (KHTML, like Gecko) Chrome/100.0.4896.88 Safari/537.36"
109.239.43.149 - - [17/Apr/2022:19:05:33 +0000] "GET /notifications HTTP/1.1" 304 0 "http://18.159.94.175/tasks/each-mex/submissions?submission_id=BNqn7q2xqi519cZSFYc_o5lOI-p5PUX7iGOMWPaqnSA." "Mozilla/5.0 (Windows NT 10.0; Win64; x64) AppleWebKit/537.36 (KHTML, like Gecko) Chrome/100.0.4896.88 Safari/537.36"
109.239.43.149 - cmsadmin [17/Apr/2022:19:05:35 +0000] "GET /aws/notifications?last_notification=1650222109.919031 HTTP/1.1" 304 0 "http://18.159.94.175/aws/task/5" "Mozilla/5.0 (Windows NT 10.0; Win64; x64) AppleWebKit/537.36 (KHTML, like Gecko) Chrome/100.0.4896.88 Safari/537.36"
109.239.43.149 - cmsadmin [17/Apr/2022:19:05:50 +0000] "GET /aws/notifications?last_notification=1650222109.919031 HTTP/1.1" 304 0 "http://18.159.94.175/aws/task/5" "Mozilla/5.0 (Windows NT 10.0; Win64; x64) AppleWebKit/537.36 (KHTML, like Gecko) Chrome/100.0.4896.88 Safari/537.36"
18.159.55.216 - cmsadmin [17/Apr/2022:19:06:02 +0000] "GET /aws/notifications?last_notification=1650221436.284796 HTTP/1.1" 304 0 "http://18.159.94.175/aws/contest/2/tasks" "Mozilla/5.0 (X11; Linux x86_64) AppleWebKit/537.36 (KHTML, like Gecko) Chrome/100.0.4896.88 Safari/537.36"
18.159.55.216 - - [17/Apr/2022:19:06:03 +0000] "GET /notifications HTTP/1.1" 304 0 "http://18.159.94.175/tasks/sum-coloring/description" "Mozilla/5.0 (X11; Linux x86_64) AppleWebKit/537.36 (KHTML, like Gecko) Chrome/100.0.4896.88 Safari/537.36"
109.239.43.149 - - [17/Apr/2022:19:06:03 +0000] "GET /notifications HTTP/1.1" 304 0 "http://18.159.94.175/tasks/each-mex/submissions?submission_id=BNqn7q2xqi519cZSFYc_o5lOI-p5PUX7iGOMWPaqnSA." "Mozilla/5.0 (Windows NT 10.0; Win64; x64) AppleWebKit/537.36 (KHTML, like Gecko) Chrome/100.0.4896.88 Safari/537.36"
109.239.43.149 - cmsadmin [17/Apr/2022:19:06:05 +0000] "GET /aws/notifications?last_notification=1650222109.919031 HTTP/1.1" 304 0 "http://18.159.94.175/aws/task/5" "Mozilla/5.0 (Windows NT 10.0; Win64; x64) AppleWebKit/537.36 (KHTML, like Gecko) Chrome/100.0.4896.88 Safari/537.36"
109.239.43.149 - cmsadmin [17/Apr/2022:19:06:20 +0000] "GET /aws/notifications?last_notification=1650222109.919031 HTTP/1.1" 304 0 "http://18.159.94.175/aws/task/5" "Mozilla/5.0 (Windows NT 10.0; Win64; x64) AppleWebKit/537.36 (KHTML, like Gecko) Chrome/100.0.4896.88 Safari/537.36"
109.239.43.149 - - [17/Apr/2022:19:06:33 +0000] "GET /notifications HTTP/1.1" 304 0 "http://18.159.94.175/tasks/each-mex/submissions?submission_id=BNqn7q2xqi519cZSFYc_o5lOI-p5PUX7iGOMWPaqnSA." "Mozilla/5.0 (Windows NT 10.0; Win64; x64) AppleWebKit/537.36 (KHTML, like Gecko) Chrome/100.0.4896.88 Safari/537.36"
109.239.43.149 - cmsadmin [17/Apr/2022:19:06:35 +0000] "GET /aws/notifications?last_notification=1650222109.919031 HTTP/1.1" 304 0 "http://18.159.94.175/aws/task/5" "Mozilla/5.0 (Windows NT 10.0; Win64; x64) AppleWebKit/537.36 (KHTML, like Gecko) Chrome/100.0.4896.88 Safari/537.36"
109.239.43.149 - cmsadmin [17/Apr/2022:19:06:50 +0000] "GET /aws/notifications?last_notification=1650222109.919031 HTTP/1.1" 304 0 "http://18.159.94.175/aws/task/5" "Mozilla/5.0 (Windows NT 10.0; Win64; x64) AppleWebKit/537.36 (KHTML, like Gecko) Chrome/100.0.4896.88 Safari/537.36"
18.159.55.216 - cmsadmin [17/Apr/2022:19:07:02 +0000] "GET /aws/notifications?last_notification=1650221436.284796 HTTP/1.1" 304 0 "http://18.159.94.175/aws/contest/2/tasks" "Mozilla/5.0 (X11; Linux x86_64) AppleWebKit/537.36 (KHTML, like Gecko) Chrome/100.0.4896.88 Safari/537.36"
18.159.55.216 - - [17/Apr/2022:19:07:03 +0000] "GET /notifications HTTP/1.1" 304 0 "http://18.159.94.175/tasks/sum-coloring/description" "Mozilla/5.0 (X11; Linux x86_64) AppleWebKit/537.36 (KHTML, like Gecko) Chrome/100.0.4896.88 Safari/537.36"
109.239.43.149 - - [17/Apr/2022:19:07:03 +0000] "GET /notifications HTTP/1.1" 304 0 "http://18.159.94.175/tasks/each-mex/submissions?submission_id=BNqn7q2xqi519cZSFYc_o5lOI-p5PUX7iGOMWPaqnSA." "Mozilla/5.0 (Windows NT 10.0; Win64; x64) AppleWebKit/537.36 (KHTML, like Gecko) Chrome/100.0.4896.88 Safari/537.36"
109.239.43.149 - cmsadmin [17/Apr/2022:19:07:05 +0000] "GET /aws/notifications?last_notification=1650222109.919031 HTTP/1.1" 304 0 "http://18.159.94.175/aws/task/5" "Mozilla/5.0 (Windows NT 10.0; Win64; x64) AppleWebKit/537.36 (KHTML, like Gecko) Chrome/100.0.4896.88 Safari/537.36"
109.239.43.149 - cmsadmin [17/Apr/2022:19:07:20 +0000] "GET /aws/notifications?last_notification=1650222109.919031 HTTP/1.1" 304 0 "http://18.159.94.175/aws/task/5" "Mozilla/5.0 (Windows NT 10.0; Win64; x64) AppleWebKit/537.36 (KHTML, like Gecko) Chrome/100.0.4896.88 Safari/537.36"
109.239.43.149 - - [17/Apr/2022:19:07:33 +0000] "GET /notifications HTTP/1.1" 304 0 "http://18.159.94.175/tasks/each-mex/submissions?submission_id=BNqn7q2xqi519cZSFYc_o5lOI-p5PUX7iGOMWPaqnSA." "Mozilla/5.0 (Windows NT 10.0; Win64; x64) AppleWebKit/537.36 (KHTML, like Gecko) Chrome/100.0.4896.88 Safari/537.36"
109.239.43.149 - cmsadmin [17/Apr/2022:19:07:35 +0000] "GET /aws/notifications?last_notification=1650222109.919031 HTTP/1.1" 304 0 "http://18.159.94.175/aws/task/5" "Mozilla/5.0 (Windows NT 10.0; Win64; x64) AppleWebKit/537.36 (KHTML, like Gecko) Chrome/100.0.4896.88 Safari/537.36"
109.239.43.149 - cmsadmin [17/Apr/2022:19:07:50 +0000] "GET /aws/notifications?last_notification=1650222109.919031 HTTP/1.1" 304 0 "http://18.159.94.175/aws/task/5" "Mozilla/5.0 (Windows NT 10.0; Win64; x64) AppleWebKit/537.36 (KHTML, like Gecko) Chrome/100.0.4896.88 Safari/537.36"
18.159.55.216 - cmsadmin [17/Apr/2022:19:08:02 +0000] "GET /aws/notifications?last_notification=1650221436.284796 HTTP/1.1" 304 0 "http://18.159.94.175/aws/contest/2/tasks" "Mozilla/5.0 (X11; Linux x86_64) AppleWebKit/537.36 (KHTML, like Gecko) Chrome/100.0.4896.88 Safari/537.36"
18.159.55.216 - - [17/Apr/2022:19:08:03 +0000] "GET /notifications HTTP/1.1" 304 0 "http://18.159.94.175/tasks/sum-coloring/description" "Mozilla/5.0 (X11; Linux x86_64) AppleWebKit/537.36 (KHTML, like Gecko) Chrome/100.0.4896.88 Safari/537.36"
109.239.43.149 - - [17/Apr/2022:19:08:03 +0000] "GET /notifications HTTP/1.1" 304 0 "http://18.159.94.175/tasks/each-mex/submissions?submission_id=BNqn7q2xqi519cZSFYc_o5lOI-p5PUX7iGOMWPaqnSA." "Mozilla/5.0 (Windows NT 10.0; Win64; x64) AppleWebKit/537.36 (KHTML, like Gecko) Chrome/100.0.4896.88 Safari/537.36"
109.239.43.149 - cmsadmin [17/Apr/2022:19:08:05 +0000] "GET /aws/notifications?last_notification=1650222109.919031 HTTP/1.1" 304 0 "http://18.159.94.175/aws/task/5" "Mozilla/5.0 (Windows NT 10.0; Win64; x64) AppleWebKit/537.36 (KHTML, like Gecko) Chrome/100.0.4896.88 Safari/537.36"
109.239.43.149 - cmsadmin [17/Apr/2022:19:08:20 +0000] "GET /aws/notifications?last_notification=1650222109.919031 HTTP/1.1" 304 0 "http://18.159.94.175/aws/task/5" "Mozilla/5.0 (Windows NT 10.0; Win64; x64) AppleWebKit/537.36 (KHTML, like Gecko) Chrome/100.0.4896.88 Safari/537.36"
109.239.43.149 - - [17/Apr/2022:19:08:33 +0000] "GET /notifications HTTP/1.1" 304 0 "http://18.159.94.175/tasks/each-mex/submissions?submission_id=BNqn7q2xqi519cZSFYc_o5lOI-p5PUX7iGOMWPaqnSA." "Mozilla/5.0 (Windows NT 10.0; Win64; x64) AppleWebKit/537.36 (KHTML, like Gecko) Chrome/100.0.4896.88 Safari/537.36"
109.239.43.149 - cmsadmin [17/Apr/2022:19:08:35 +0000] "GET /aws/notifications?last_notification=1650222109.919031 HTTP/1.1" 304 0 "http://18.159.94.175/aws/task/5" "Mozilla/5.0 (Windows NT 10.0; Win64; x64) AppleWebKit/537.36 (KHTML, like Gecko) Chrome/100.0.4896.88 Safari/537.36"
109.239.43.149 - - [17/Apr/2022:19:08:46 +0000] "GET /tasks/perm-query/description HTTP/1.1" 200 2895 "http://18.159.94.175/tasks/each-mex/submissions?submission_id=BNqn7q2xqi519cZSFYc_o5lOI-p5PUX7iGOMWPaqnSA." "Mozilla/5.0 (Windows NT 10.0; Win64; x64) AppleWebKit/537.36 (KHTML, like Gecko) Chrome/100.0.4896.88 Safari/537.36"
109.239.43.149 - - [17/Apr/2022:19:08:47 +0000] "GET /notifications HTTP/1.1" 304 0 "http://18.159.94.175/tasks/perm-query/description" "Mozilla/5.0 (Windows NT 10.0; Win64; x64) AppleWebKit/537.36 (KHTML, like Gecko) Chrome/100.0.4896.88 Safari/537.36"
109.239.43.149 - - [17/Apr/2022:19:08:47 +0000] "GET /tasks/perm-query/description HTTP/1.1" 200 2895 "http://18.159.94.175/tasks/perm-query/description" "Mozilla/5.0 (Windows NT 10.0; Win64; x64) AppleWebKit/537.36 (KHTML, like Gecko) Chrome/100.0.4896.88 Safari/537.36"
109.239.43.149 - - [17/Apr/2022:19:08:48 +0000] "GET /notifications HTTP/1.1" 304 0 "http://18.159.94.175/tasks/perm-query/description" "Mozilla/5.0 (Windows NT 10.0; Win64; x64) AppleWebKit/537.36 (KHTML, like Gecko) Chrome/100.0.4896.88 Safari/537.36"
109.239.43.149 - - [17/Apr/2022:19:08:48 +0000] "GET /tasks/perm-query/submissions HTTP/1.1" 200 4649 "http://18.159.94.175/tasks/perm-query/description" "Mozilla/5.0 (Windows NT 10.0; Win64; x64) AppleWebKit/537.36 (KHTML, like Gecko) Chrome/100.0.4896.88 Safari/537.36"
109.239.43.149 - - [17/Apr/2022:19:08:49 +0000] "GET /notifications HTTP/1.1" 304 0 "http://18.159.94.175/tasks/perm-query/submissions" "Mozilla/5.0 (Windows NT 10.0; Win64; x64) AppleWebKit/537.36 (KHTML, like Gecko) Chrome/100.0.4896.88 Safari/537.36"
109.239.43.149 - cmsadmin [17/Apr/2022:19:08:50 +0000] "GET /aws/notifications?last_notification=1650222109.919031 HTTP/1.1" 304 0 "http://18.159.94.175/aws/task/5" "Mozilla/5.0 (Windows NT 10.0; Win64; x64) AppleWebKit/537.36 (KHTML, like Gecko) Chrome/100.0.4896.88 Safari/537.36"
109.239.43.149 - - [17/Apr/2022:19:08:55 +0000] "POST /tasks/perm-query/submit HTTP/1.1" 302 0 "http://18.159.94.175/tasks/perm-query/submissions" "Mozilla/5.0 (Windows NT 10.0; Win64; x64) AppleWebKit/537.36 (KHTML, like Gecko) Chrome/100.0.4896.88 Safari/537.36"
109.239.43.149 - - [17/Apr/2022:19:08:55 +0000] "GET /tasks/perm-query/submissions?submission_id=boZ5zoxEWFIsHX00d8rVdLrL_f8CuVEufZKlWw5oG4E. HTTP/1.1" 200 4720 "http://18.159.94.175/tasks/perm-query/submissions" "Mozilla/5.0 (Windows NT 10.0; Win64; x64) AppleWebKit/537.36 (KHTML, like Gecko) Chrome/100.0.4896.88 Safari/537.36"
109.239.43.149 - - [17/Apr/2022:19:08:56 +0000] "GET /notifications HTTP/1.1" 200 202 "http://18.159.94.175/tasks/perm-query/submissions?submission_id=boZ5zoxEWFIsHX00d8rVdLrL_f8CuVEufZKlWw5oG4E." "Mozilla/5.0 (Windows NT 10.0; Win64; x64) AppleWebKit/537.36 (KHTML, like Gecko) Chrome/100.0.4896.88 Safari/537.36"
109.239.43.149 - - [17/Apr/2022:19:08:57 +0000] "GET /tasks/perm-query/submissions/2 HTTP/1.1" 200 90 "http://18.159.94.175/tasks/perm-query/submissions?submission_id=boZ5zoxEWFIsHX00d8rVdLrL_f8CuVEufZKlWw5oG4E." "Mozilla/5.0 (Windows NT 10.0; Win64; x64) AppleWebKit/537.36 (KHTML, like Gecko) Chrome/100.0.4896.88 Safari/537.36"
109.239.43.149 - - [17/Apr/2022:19:08:59 +0000] "GET /tasks/perm-query/submissions/2 HTTP/1.1" 200 83 "http://18.159.94.175/tasks/perm-query/submissions?submission_id=boZ5zoxEWFIsHX00d8rVdLrL_f8CuVEufZKlWw5oG4E." "Mozilla/5.0 (Windows NT 10.0; Win64; x64) AppleWebKit/537.36 (KHTML, like Gecko) Chrome/100.0.4896.88 Safari/537.36"
109.239.43.149 - - [17/Apr/2022:19:09:02 +0000] "GET /tasks/perm-query/submissions/2 HTTP/1.1" 304 0 "http://18.159.94.175/tasks/perm-query/submissions?submission_id=boZ5zoxEWFIsHX00d8rVdLrL_f8CuVEufZKlWw5oG4E." "Mozilla/5.0 (Windows NT 10.0; Win64; x64) AppleWebKit/537.36 (KHTML, like Gecko) Chrome/100.0.4896.88 Safari/537.36"
18.159.55.216 - cmsadmin [17/Apr/2022:19:09:02 +0000] "GET /aws/notifications?last_notification=1650221436.284796 HTTP/1.1" 304 0 "http://18.159.94.175/aws/contest/2/tasks" "Mozilla/5.0 (X11; Linux x86_64) AppleWebKit/537.36 (KHTML, like Gecko) Chrome/100.0.4896.88 Safari/537.36"
18.159.55.216 - - [17/Apr/2022:19:09:03 +0000] "GET /notifications HTTP/1.1" 304 0 "http://18.159.94.175/tasks/sum-coloring/description" "Mozilla/5.0 (X11; Linux x86_64) AppleWebKit/537.36 (KHTML, like Gecko) Chrome/100.0.4896.88 Safari/537.36"
109.239.43.149 - cmsadmin [17/Apr/2022:19:09:05 +0000] "GET /aws/notifications?last_notification=1650222109.919031 HTTP/1.1" 304 0 "http://18.159.94.175/aws/task/5" "Mozilla/5.0 (Windows NT 10.0; Win64; x64) AppleWebKit/537.36 (KHTML, like Gecko) Chrome/100.0.4896.88 Safari/537.36"
109.239.43.149 - - [17/Apr/2022:19:09:06 +0000] "GET /tasks/perm-query/submissions?submission_id=boZ5zoxEWFIsHX00d8rVdLrL_f8CuVEufZKlWw5oG4E. HTTP/1.1" 200 4709 "http://18.159.94.175/tasks/perm-query/submissions" "Mozilla/5.0 (Windows NT 10.0; Win64; x64) AppleWebKit/537.36 (KHTML, like Gecko) Chrome/100.0.4896.88 Safari/537.36"
109.239.43.149 - - [17/Apr/2022:19:09:06 +0000] "GET /tasks/perm-query/submissions/2 HTTP/1.1" 304 0 "http://18.159.94.175/tasks/perm-query/submissions?submission_id=boZ5zoxEWFIsHX00d8rVdLrL_f8CuVEufZKlWw5oG4E." "Mozilla/5.0 (Windows NT 10.0; Win64; x64) AppleWebKit/537.36 (KHTML, like Gecko) Chrome/100.0.4896.88 Safari/537.36"
109.239.43.149 - - [17/Apr/2022:19:09:07 +0000] "GET /notifications HTTP/1.1" 200 2 "http://18.159.94.175/tasks/perm-query/submissions?submission_id=boZ5zoxEWFIsHX00d8rVdLrL_f8CuVEufZKlWw5oG4E." "Mozilla/5.0 (Windows NT 10.0; Win64; x64) AppleWebKit/537.36 (KHTML, like Gecko) Chrome/100.0.4896.88 Safari/537.36"
109.239.43.149 - - [17/Apr/2022:19:09:08 +0000] "GET /tasks/perm-query/submissions/2 HTTP/1.1" 304 0 "http://18.159.94.175/tasks/perm-query/submissions?submission_id=boZ5zoxEWFIsHX00d8rVdLrL_f8CuVEufZKlWw5oG4E." "Mozilla/5.0 (Windows NT 10.0; Win64; x64) AppleWebKit/537.36 (KHTML, like Gecko) Chrome/100.0.4896.88 Safari/537.36"
109.239.43.149 - - [17/Apr/2022:19:09:09 +0000] "GET /tasks/perm-query/submissions?submission_id=boZ5zoxEWFIsHX00d8rVdLrL_f8CuVEufZKlWw5oG4E. HTTP/1.1" 200 4709 "http://18.159.94.175/tasks/perm-query/submissions" "Mozilla/5.0 (Windows NT 10.0; Win64; x64) AppleWebKit/537.36 (KHTML, like Gecko) Chrome/100.0.4896.88 Safari/537.36"
109.239.43.149 - - [17/Apr/2022:19:09:09 +0000] "GET /notifications HTTP/1.1" 304 0 "http://18.159.94.175/tasks/perm-query/submissions?submission_id=boZ5zoxEWFIsHX00d8rVdLrL_f8CuVEufZKlWw5oG4E." "Mozilla/5.0 (Windows NT 10.0; Win64; x64) AppleWebKit/537.36 (KHTML, like Gecko) Chrome/100.0.4896.88 Safari/537.36"
109.239.43.149 - - [17/Apr/2022:19:09:11 +0000] "GET /tasks/perm-query/submissions/2 HTTP/1.1" 304 0 "http://18.159.94.175/tasks/perm-query/submissions?submission_id=boZ5zoxEWFIsHX00d8rVdLrL_f8CuVEufZKlWw5oG4E." "Mozilla/5.0 (Windows NT 10.0; Win64; x64) AppleWebKit/537.36 (KHTML, like Gecko) Chrome/100.0.4896.88 Safari/537.36"
109.239.43.149 - - [17/Apr/2022:19:09:11 +0000] "GET /tasks/perm-query/submissions?submission_id=boZ5zoxEWFIsHX00d8rVdLrL_f8CuVEufZKlWw5oG4E. HTTP/1.1" 200 4710 "http://18.159.94.175/tasks/perm-query/submissions" "Mozilla/5.0 (Windows NT 10.0; Win64; x64) AppleWebKit/537.36 (KHTML, like Gecko) Chrome/100.0.4896.88 Safari/537.36"
109.239.43.149 - - [17/Apr/2022:19:09:11 +0000] "GET /notifications HTTP/1.1" 304 0 "http://18.159.94.175/tasks/perm-query/submissions?submission_id=boZ5zoxEWFIsHX00d8rVdLrL_f8CuVEufZKlWw5oG4E." "Mozilla/5.0 (Windows NT 10.0; Win64; x64) AppleWebKit/537.36 (KHTML, like Gecko) Chrome/100.0.4896.88 Safari/537.36"
109.239.43.149 - - [17/Apr/2022:19:09:12 +0000] "GET /tasks/perm-query/submissions/2 HTTP/1.1" 304 0 "http://18.159.94.175/tasks/perm-query/submissions?submission_id=boZ5zoxEWFIsHX00d8rVdLrL_f8CuVEufZKlWw5oG4E." "Mozilla/5.0 (Windows NT 10.0; Win64; x64) AppleWebKit/537.36 (KHTML, like Gecko) Chrome/100.0.4896.88 Safari/537.36"
